Archive member included because of file (symbol)

libgeneric.a(string.o)        ace_sha1.o (memcpy)
libs5pc210.a(nand_cp.o)       start.o (copy_uboot_to_ram)
libs5pc210.a(interrupts.o)    start.o (do_irq)
libs5pc210.a(onenand_cp.o)    start.o (onenand_bl2_copy)
libs5pc210.a(movi.o)          start.o (movi_uboot_copy)
libarm.a(board.o)             start.o (start_armboot)
libmmc.a(mmc.o)               libs5pc210.a(movi.o) (movi_write)
libcommon.a(cmd_bdinfo.o)     (__u_boot_cmd_bdinfo)
libcommon.a(cmd_boot.o)       (__u_boot_cmd_go)
libcommon.a(cmd_bootm.o)      libarm.a(board.o) (load_addr)
libcommon.a(cmd_console.o)    (__u_boot_cmd_coninfo)
libcommon.a(cmd_echo.o)       (__u_boot_cmd_echo)
libcommon.a(cmd_elf.o)        libcommon.a(cmd_bootm.o) (do_bootvx)
libcommon.a(cmd_ext2.o)       (__u_boot_cmd_ext2ls)
libcommon.a(cmd_fastboot.o)   (__u_boot_cmd_fastboot)
libcommon.a(cmd_fat.o)        (__u_boot_cmd_fatload)
libcommon.a(cmd_help.o)       (__u_boot_cmd_help)
libcommon.a(cmd_itest.o)      (__u_boot_cmd_itest)
libcommon.a(cmd_load.o)       (__u_boot_cmd_loads)
libcommon.a(cmd_max8997.o)    (__u_boot_cmd_max8997)
libcommon.a(cmd_mdmupgrade.o)
                              (__u_boot_cmd_mdmup)
libcommon.a(cmd_mem.o)        (__u_boot_cmd_md)
libcommon.a(cmd_misc.o)       (__u_boot_cmd_sleep)
libcommon.a(cmd_mmc.o)        libcommon.a(cmd_fastboot.o) (do_mmcops)
libcommon.a(cmd_mmc_fdisk.o)  libcommon.a(cmd_fastboot.o) (get_mmc_part_info)
libcommon.a(cmd_movi.o)       libcommon.a(cmd_fastboot.o) (do_movi)
libcommon.a(cmd_nvedit.o)     libarm.a(board.o) (getenv_r)
libcommon.a(cmd_source.o)     (__u_boot_cmd_source)
libcommon.a(cmd_usbd.o)       (__u_boot_cmd_dnw)
libcommon.a(cmd_version.o)    (__u_boot_cmd_version)
libcommon.a(cmd_ximg.o)       (__u_boot_cmd_imxtract)
libcommon.a(command.o)        libcommon.a(cmd_itest.o) (cmd_get_data_size)
libcommon.a(console.o)        libs5pc210.a(interrupts.o) (printf)
libcommon.a(decompress_ext4.o)
                              libcommon.a(cmd_fastboot.o) (check_compress_ext4)
libcommon.a(dlmalloc.o)       libmmc.a(mmc.o) (free)
libcommon.a(env_auto.o)       libarm.a(board.o) (env_init)
libcommon.a(env_common.o)     libcommon.a(cmd_nvedit.o) (env_get_addr)
libcommon.a(exports.o)        libarm.a(board.o) (jumptable_init)
libcommon.a(image.o)          libcommon.a(cmd_ximg.o) (image_multi_count)
libcommon.a(main.o)           libmmc.a(mmc.o) (run_command)
libcommon.a(s_record.o)       libcommon.a(cmd_load.o) (srec_decode)
libcommon.a(stdio.o)          libcommon.a(cmd_console.o) (stdio_get_list)
libcommon.a(xyzModem.o)       libcommon.a(cmd_load.o) (xyzModem_error)
libsmdkc210.a(smdkc210.o)     libarm.a(board.o) (board_init)
libgeneric.a(crc16.o)         libcommon.a(xyzModem.o) (cyg_crc16)
libgeneric.a(crc32.o)         libcommon.a(cmd_mem.o) (crc32)
libgeneric.a(display_options.o)
                              libarm.a(board.o) (print_size)
libgeneric.a(gunzip.o)        libcommon.a(cmd_bootm.o) (gunzip)
libgeneric.a(net_utils.o)     libarm.a(board.o) (string_to_ip)
libgeneric.a(vsprintf.o)      libarm.a(board.o) (simple_strtoul)
libgeneric.a(zlib.o)          libgeneric.a(gunzip.o) (inflateInit2_)
libgeneric.a(ctype.o)         libgeneric.a(display_options.o) (_ctype)
libgeneric.a(div64.o)         libgeneric.a(vsprintf.o) (__div64_32)
libarm_cortexa9.a(cpu.o)      libcommon.a(cmd_elf.o) (dcache_enable)
libs5pc210.a(serial.o)        libcommon.a(cmd_load.o) (serial_setbrg)
libs5pc210.a(usbd-otg-hs.o)   libcommon.a(cmd_usbd.o) (s3c_usbc_activate)
libs5pc210.a(cpu_info.o)      libarm.a(board.o) (print_cpuinfo)
libs5pc210.a(fastboot.o)      libcommon.a(cmd_fastboot.o) (fastboot_shutdown)
libs5pc210.a(pmic.o)          libs5pc210.a(cpu_info.o) (PMIC_InitIp)
libs5pc210.a(gpio.o)          libs5pc210.a(pmic.o) (GPIO_Init)
libs5pc210.a(i2c.o)           libs5pc210.a(pmic.o) (I2C_RecvEx)
libs5pc210.a(cmu.o)           libs5pc210.a(i2c.o) (SYSC_GetClkFreq)
libs5pc210.a(speed.o)         libs5pc210.a(cpu_info.o) (get_ARM_CLK)
libs5pc210.a(max8997.o)       libcommon.a(cmd_max8997.o) (lowlevel_init_max8997)
libs5pc210.a(setup_hsmmc.o)   libarm_cortexa9.a(cpu.o) (setup_hsmmc_cfg_gpio)
libs5pc210.a(recovery.o)      libarm.a(board.o) (recovery_preboot)
libarm.a(bootm.o)             libcommon.a(cmd_bootm.o) (do_bootm_linux)
libarm.a(cache.o)             libcommon.a(cmd_elf.o) (flush_cache)
libfat.a(fat.o)               libcommon.a(cmd_fat.o) (file_fat_detectfs)
libext2fs.a(ext2fs.o)         libcommon.a(cmd_ext2.o) (ext2fs_format)
libext2fs.a(dev.o)            libext2fs.a(ext2fs.o) (ext2fs_devread)
libdisk.a(part.o)             libfat.a(fat.o) (dev_print)
libdisk.a(part_dos.o)         libdisk.a(part.o) (test_part_dos)
libmmc.a(s3c_hsmmc.o)         libarm_cortexa9.a(cpu.o) (smdk_s3c_hsmmc_init)
libmmc.a(s5p_mshc.o)          libs5pc210.a(setup_hsmmc.o) (mshci_fifo_deinit)
/home/sw/bb/arm-2009q3/bin/../lib/gcc/arm-none-linux-gnueabi/4.4.1/libgcc.a(_udivsi3.o)
[...]
Memory Configuration

Name             Origin             Length             Attributes
*default*        0x00000000         0xffffffff

Linker script and memory map

                0x00000000                . = 0x0
                0x00000000                . = ALIGN (0x4)

.text           0xc3e00000    0x27aa4
 start.o(.text)
 .text          0xc3e00000      0x780 start.o
                0xc3e00000                _start
                0xc3e00040                _end_vect
                0xc3e00048                _armboot_start
                0xc3e0004c                _bss_start
                0xc3e00050                _bss_end
                0xc3e002a4                copy_from_nand
                0xc3e002e4                theLastJump
                0xc3e005e0                arm_cache_flush
                0xc3e00600                v7_flush_dcache_all
                0xc3e006a0                disable_l2cache
                0xc3e006c0                enable_l2cache
                0xc3e006e0                set_l2cache_auxctrl
                0xc3e00700                set_l2cache_auxctrl_cycle
 cpu_init.o(.text)
 .text          0xc3e00780      0x388 cpu_init.o
                0xc3e007a0                mem_ctrl_asm_init_ddr3
 lowlevel_init.o(.text)
 .text          0xc3e00b08      0x7d0 lowlevel_init.o
                0xc3e00b3c                lowlevel_init
                0xc3e00fc0                uart_asm_init
                0xc3e01064                nand_asm_init
 ace_sha1.o(.text)
 .text          0xc3e012d8       0xc4 ace_sha1.o
                0xc3e012d8                ace_hash_sha1_digest
 *(.text)
 .text          0xc3e0139c      0x5f4 libgeneric.a(string.o)
                0xc3e0139c                strcpy
                0xc3e013b8                strncpy
                0xc3e013e0                strcat
                0xc3e01410                strncat
                0xc3e0146c                strcmp
                0xc3e0149c                strncmp
                0xc3e014e4                strchr
                0xc3e01510                strlen
                0xc3e01530                strrchr
                0xc3e01568                strnlen
                0xc3e01590                strspn
                0xc3e015d4                strpbrk
                0xc3e0160c                strtok
                0xc3e01688                strsep
                0xc3e016bc                strswab
                0xc3e01704                memset
                0xc3e01778                bcopy
                0xc3e017a0                memcpy
                0xc3e0180c                memmove
                0xc3e01868                memcmp
                0xc3e018a0                memscan
                0xc3e018d0                strstr
                0xc3e01930                memchr
                0xc3e0195c                strdup
 .text          0xc3e01990       0xdc libs5pc210.a(nand_cp.o)
                0xc3e01990                copy_uboot_to_ram
 .text          0xc3e01a6c      0x44c libs5pc210.a(interrupts.o)
                0xc3e01a6c                enable_interrupts
                0xc3e01a70                disable_interrupts
                0xc3e01a78                interrupt_init
                0xc3e01ae8                set_timer
                0xc3e01af8                reset_timer_masked
                0xc3e01b1c                reset_timer
                0xc3e01b20                get_timer_masked
                0xc3e01b68                get_timer
                0xc3e01b7c                udelay
                0xc3e01bec                udelay_masked
                0xc3e01c5c                get_ticks
                0xc3e01c70                get_tbclk
                0xc3e01c88                show_regs
                0xc3e01da0                bad_mode
                0xc3e01dbc                do_irq
                0xc3e01de0                do_fiq
                0xc3e01e04                do_not_used
                0xc3e01e28                do_data_abort
                0xc3e01e4c                do_prefetch_abort
                0xc3e01e70                do_software_interrupt
                0xc3e01e94                do_undefined_instruction
 .text          0xc3e01eb8      0x160 libs5pc210.a(onenand_cp.o)
                0xc3e01eb8                onenand_readw
                0xc3e01ec0                onenand_writew
                0xc3e01ec8                onenand_loadpage
                0xc3e01f48                onenand_isbad
                0xc3e01f70                onenand_readpage
                0xc3e01fbc                onenand_bl2_copy
 .text          0xc3e02018      0x120 libs5pc210.a(movi.o)
                0xc3e02018                movi_uboot_copy
                0xc3e02040                emmc_uboot_copy
                0xc3e02064                emmc441_uboot_copy
                0xc3e02090                movi_calc_checksum_bl1
                0xc3e020b8                movi_write_bl1
                0xc3e02108                movi_write_env
                0xc3e02120                movi_read_env
 .text          0xc3e02138      0x2c4 libarm.a(board.o)
                0xc3e02138                coloured_LED_init
                0xc3e02138                __coloured_LED_init
                0xc3e0213c                red_LED_on
                0xc3e0213c                __red_LED_on
                0xc3e02140                __red_LED_off
                0xc3e02140                red_LED_off
                0xc3e02144                green_LED_on
                0xc3e02144                __green_LED_on
                0xc3e02148                __green_LED_off
                0xc3e02148                green_LED_off
                0xc3e0214c                __yellow_LED_on
                0xc3e0214c                yellow_LED_on
                0xc3e02150                __yellow_LED_off
                0xc3e02150                yellow_LED_off
                0xc3e02154                blue_LED_on
                0xc3e02154                __blue_LED_on
                0xc3e02158                blue_LED_off
                0xc3e02158                __blue_LED_off
                0xc3e021e4                hang
                0xc3e022c8                start_armboot
 .text          0xc3e023fc     0x18c0 libmmc.a(mmc.o)
                0xc3e02424                mmc_send_cmd
                0xc3e02434                mmc_set_blocklen
                0xc3e0246c                mmc_send_ext_csd
                0xc3e024bc                mmc_set_relative_addr
                0xc3e024f4                mmc_switch
                0xc3e02538                mmc_change_freq
                0xc3e025e4                sd_switch
                0xc3e02650                mmc_set_ios
                0xc3e02660                mmc_set_clock
                0xc3e02680                mmc_set_bus_width
                0xc3e02688                mmc_send_if_cond
                0xc3e02704                board_mmc_init
                0xc3e0270c                emmc_boot_close
                0xc3e0275c                emmc_boot_open
                0xc3e027f4                emmc_boot_partition_size_change
                0xc3e02910                emmc_boot_erase
                0xc3e02a3c                mmc_send_app_op_cond
                0xc3e02b2c                mmc_go_idle
                0xc3e02b80                mmc_send_op_cond
                0xc3e02c20                mmc_erase
                0xc3e02fcc                print_mmc_devices
                0xc3e03040                find_mmc_device
                0xc3e0308c                mmc_get_dev
                0xc3e0314c                movi_write
                0xc3e03268                movi_read
                0xc3e03280                sd_change_freq
                0xc3e03450                mmc_startup
                0xc3e03ad0                mmc_init
                0xc3e03b34                mmc_initialize
                0xc3e03c4c                mmc_register
 .text          0xc3e03cbc       0xac libcommon.a(cmd_bdinfo.o)
                0xc3e03cd0                do_bdinfo
 .text          0xc3e03d68       0x90 libcommon.a(cmd_boot.o)
                0xc3e03d68                do_go_exec
                0xc3e03d80                do_go
 .text          0xc3e03df8      0xd60 libcommon.a(cmd_bootm.o)
                0xc3e03e1c                arch_preboot_os
                0xc3e03e1c                __arch_preboot_os
                0xc3e03f0c                do_iminfo
                0xc3e03f78                do_bootd
                0xc3e04330                bootm_start
                0xc3e04684                do_bootm_subcommand
                0xc3e04848                do_bootm
 .text          0xc3e04b58       0xf0 libcommon.a(cmd_console.o)
                0xc3e04b58                do_coninfo
 .text          0xc3e04c48       0x84 libcommon.a(cmd_echo.o)
                0xc3e04c48                do_echo
 .text          0xc3e04ccc      0x408 libcommon.a(cmd_elf.o)
                0xc3e04ccc                load_elf_image
                0xc3e04d64                valid_elf_image
                0xc3e04db8                do_bootvx
                0xc3e04ff8                do_bootelf_exec
                0xc3e0503c                do_bootelf
 .text          0xc3e050d4      0x598 libcommon.a(cmd_ext2.o)
                0xc3e050d4                ext_format
                0xc3e051d8                do_ext3_format
                0xc3e051e8                do_ext2_format
                0xc3e051f8                do_ext2load
                0xc3e05538                do_ext2ls
 .text          0xc3e0566c     0x221c libcommon.a(cmd_fastboot.o)
                0xc3e0566c                LCD_turnon
                0xc3e05670                LCD_setfgcolor
                0xc3e05674                LCD_setleftcolor
                0xc3e05678                LCD_setprogress
                0xc3e05698                fastboot_flash_get_ptn
                0xc3e056bc                fastboot_flash_get_ptn_count
                0xc3e056cc                fastboot_flash_find_ptn
                0xc3e05740                fastboot_flash_dump_ptn
                0xc3e0588c                fastboot_flash_add_ptn
                0xc3e05edc                sd_format_mmcs
                0xc3e063d0                do_fastboot
                0xc3e074f8                do_sdfuse
 .text          0xc3e07888      0x5e8 libcommon.a(cmd_fat.o)
                0xc3e07888                do_fat_format
                0xc3e07970                do_fat_fsinfo
                0xc3e07a70                do_fat_ls
                0xc3e07b70                do_fat_fsload
 .text          0xc3e07e70       0x4c libcommon.a(cmd_help.o)
                0xc3e07e70                do_help
 .text          0xc3e07ebc      0x2fc libcommon.a(cmd_itest.o)
                0xc3e07f44                binary_test
                0xc3e08124                do_itest
 .text          0xc3e081b8      0xc70 libcommon.a(cmd_load.o)
                0xc3e081b8                ktrans
                0xc3e081d8                chk1
                0xc3e08240                k_data_init
                0xc3e08260                k_data_save
                0xc3e08280                k_data_restore
                0xc3e0829c                k_data_char
                0xc3e082ec                send_pad
                0xc3e0831c                s1_sendpacket
                0xc3e08348                handle_send_packet
                0xc3e0850c                send_nack
                0xc3e0856c                send_ack
                0xc3e086f4                do_load_serial_bin
                0xc3e08d48                do_load_serial
 .text          0xc3e08e28       0x68 libcommon.a(cmd_max8997.o)
                0xc3e08e28                do_max8997
 .text          0xc3e08e90       0xb0 libcommon.a(cmd_mdmupgrade.o)
                0xc3e08e90                do_mdmup
 .text          0xc3e08f40      0x90c libcommon.a(cmd_mem.o)
                0xc3e08f40                do_mem_crc
                0xc3e08ff0                do_mem_base
                0xc3e09034                do_mem_mtest
                0xc3e091d8                do_mem_loop
                0xc3e092d0                do_mem_cp
                0xc3e093a0                do_mem_cmp
                0xc3e09530                do_mem_mw
                0xc3e09738                do_mem_nm
                0xc3e09758                do_mem_mm
                0xc3e09778                do_mem_md
 .text          0xc3e0984c       0x88 libcommon.a(cmd_misc.o)
                0xc3e0984c                do_sleep
 .text          0xc3e098d4      0xbfc libcommon.a(cmd_mmc.o)
                0xc3e098d4                do_mmcinfo
                0xc3e09a24                do_mmcops_secure
                0xc3e09ce4                do_mmcops
                0xc3e0a124                do_emmc
 .text          0xc3e0a4d0      0xc38 libcommon.a(cmd_mmc_fdisk.o)
                0xc3e0a4d0                calc_unit
                0xc3e0a510                encode_chs
                0xc3e0a530                get_SDInfo
                0xc3e0a618                make_partitionInfo
                0xc3e0a814                put_mmc_mbr
                0xc3e0a878                get_mmc_mbr
                0xc3e0a8d8                get_mmc_block_count
                0xc3e0a91c                decode_partitionInfo
                0xc3e0a95c                get_mmc_part_info
                0xc3e0a9f8                print_mmc_part_info
                0xc3e0ab9c                encode_partitionInfo
                0xc3e0ac14                make_mmc_partition
                0xc3e0afdc                create_mmc_fdisk
                0xc3e0b074                do_fdisk
 .text          0xc3e0b108      0x8a8 libcommon.a(cmd_movi.o)
                0xc3e0b108                do_movi
                0xc3e0b740                init_raw_area_table
 .text          0xc3e0b9b0      0x7f0 libcommon.a(cmd_nvedit.o)
                0xc3e0b9b0                get_env_id
                0xc3e0b9c0                envmatch
                0xc3e0ba20                getenv_r
                0xc3e0bac0                do_saveenv
                0xc3e0baec                getenv
                0xc3e0bb54                _do_setenv
                0xc3e0bf4c                do_setenv
                0xc3e0bf78                setenv
                0xc3e0bfc4                do_editenv
                0xc3e0c114                do_printenv
 .text          0xc3e0c1a0      0x1e8 libcommon.a(cmd_source.o)
                0xc3e0c1bc                source
                0xc3e0c340                do_source
 .text          0xc3e0c388      0x110 libcommon.a(cmd_usbd.o)
                0xc3e0c388                do_usbd_dnw
 .text          0xc3e0c498       0x20 libcommon.a(cmd_version.o)
                0xc3e0c498                do_version
 .text          0xc3e0c4b8      0x2dc libcommon.a(cmd_ximg.o)
                0xc3e0c4b8                do_imgextract
 .text          0xc3e0c794      0x2ec libcommon.a(command.o)
                0xc3e0c794                cmd_get_data_size
                0xc3e0c7e4                cmd_usage
                0xc3e0c844                find_cmd_tbl
                0xc3e0c8d8                find_cmd
                0xc3e0c900                _do_help
 .text          0xc3e0ca80      0x548 libcommon.a(console.o)
                0xc3e0cb20                fgetc
                0xc3e0cb48                ftstc
                0xc3e0cb70                fputc
                0xc3e0cb9c                fputs
                0xc3e0cbc8                disable_ctrlc
                0xc3e0cbe0                had_ctrlc
                0xc3e0cbf0                clear_ctrlc
                0xc3e0cc04                dbg
                0xc3e0cc10                console_init_f
                0xc3e0cc20                search_device
                0xc3e0cc48                console_assign
                0xc3e0cc88                fprintf
                0xc3e0ccd0                puts
                0xc3e0ccec                vprintf
                0xc3e0cd18                printf
                0xc3e0cd58                stdio_print_current_devices
                0xc3e0ce10                console_init_r
                0xc3e0cef0                serial_printf
                0xc3e0cf30                putc
                0xc3e0cf4c                tstc
                0xc3e0cf64                getc
                0xc3e0cf7c                ctrlc
 .text          0xc3e0cfc8      0x1a8 libcommon.a(decompress_ext4.o)
                0xc3e0cfc8                check_compress_ext4
                0xc3e0d08c                write_compressed_ext4
 .text          0xc3e0d170     0x10c4 libcommon.a(dlmalloc.o)
                0xc3e0d170                sbrk
                0xc3e0d1a8                malloc_trim
                0xc3e0d278                free
                0xc3e0d4a8                cfree
                0xc3e0d4ac                malloc
                0xc3e0dac0                memalign
                0xc3e0dbd0                pvalloc
                0xc3e0dbe8                valloc
                0xc3e0dbf4                malloc_usable_size
                0xc3e0dc38                mallopt
                0xc3e0dcb0                calloc
                0xc3e0dd90                mem_malloc_init
                0xc3e0ddbc                realloc
 .text          0xc3e0e234      0x1d0 libcommon.a(env_auto.o)
                0xc3e0e234                env_get_char_spec
                0xc3e0e240                env_init
                0xc3e0e25c                saveenv_nand
                0xc3e0e264                saveenv_nand_adv
                0xc3e0e26c                env_relocate_spec_onenand
                0xc3e0e2f8                env_relocate_spec_nand
                0xc3e0e2fc                env_relocate_spec_movinand
                0xc3e0e334                env_relocate_spec
                0xc3e0e36c                saveenv_onenand
                0xc3e0e384                saveenv_movinand
                0xc3e0e3bc                saveenv
 .text          0xc3e0e404      0x13c libcommon.a(env_common.o)
                0xc3e0e404                env_get_char_memory
                0xc3e0e428                env_get_addr
                0xc3e0e44c                env_get_char
                0xc3e0e47c                env_crc_update
                0xc3e0e4a4                set_default_env
                0xc3e0e4e8                env_relocate
 .text          0xc3e0e540      0x1e4 libcommon.a(exports.o)
                0xc3e0e544                get_version
                0xc3e0e54c                jumptable_init
 .text          0xc3e0e724      0x7b4 libcommon.a(image.o)
                0xc3e0e75c                image_multi_count
                0xc3e0e784                get_table_entry_name
                0xc3e0e7b0                genimg_get_os_name
                0xc3e0e7c8                genimg_get_arch_name
                0xc3e0e7e0                genimg_get_type_name
                0xc3e0e7f8                genimg_get_comp_name
                0xc3e0e810                genimg_get_image
                0xc3e0e814                genimg_has_config
                0xc3e0e81c                get_table_entry_id
                0xc3e0e868                genimg_get_comp_id
                0xc3e0e880                genimg_get_type_id
                0xc3e0e898                genimg_get_arch_id
                0xc3e0e8b0                genimg_get_os_id
                0xc3e0e8ec                genimg_get_format
                0xc3e0e910                image_multi_getimg
                0xc3e0e998                genimg_print_size
                0xc3e0e9c4                image_print_contents
                0xc3e0eb58                memmove_wd
                0xc3e0eb5c                getenv_bootm_low
                0xc3e0eb90                getenv_yesno
                0xc3e0ebb4                getenv_bootm_size
                0xc3e0ebe8                image_check_dcrc
                0xc3e0ec30                image_check_hcrc
                0xc3e0ec84                boot_get_ramdisk
 .text          0xc3e0eed8     0x10f4 libcommon.a(main.o)
                0xc3e0eed8                __show_boot_progress
                0xc3e0eed8                show_boot_progress
                0xc3e0eedc                parse_line
                0xc3e0ef68                run_command
                0xc3e0f338                do_run
                0xc3e0f5d0                readline_into_buffer
                0xc3e0fe50                readline
                0xc3e0fe6c                main_loop
 .text          0xc3e0ffcc      0x2d8 libcommon.a(s_record.o)
                0xc3e10040                srec_decode
 .text          0xc3e102a4      0x174 libcommon.a(stdio.o)
                0xc3e102a4                stdio_get_list
                0xc3e102b0                stdio_clone
                0xc3e102f8                stdio_get_by_name
                0xc3e1034c                stdio_register
                0xc3e1038c                stdio_init
 .text          0xc3e10418      0x97c libcommon.a(xyzModem.o)
                0xc3e10418                parse_num
                0xc3e10554                xyzModem_error
                0xc3e10574                xyzModem_stream_close
                0xc3e105c4                CYGACC_COMM_IF_PUTC
                0xc3e105cc                CYGACC_COMM_IF_GETC_TIMEOUT
                0xc3e1064c                xyzModem_stream_terminate
                0xc3e1099c                xyzModem_stream_read
                0xc3e10c30                xyzModem_stream_open
 .text          0xc3e10d94      0x41c libsmdkc210.a(smdkc210.o)
                0xc3e10d94                board_init
                0xc3e10db8                virt_to_phy_smdkc210
                0xc3e10dc8                checkboard
                0xc3e10df4                dram_init
                0xc3e11004                chk_bootdev
                0xc3e110a8                check_bootmode
                0xc3e1114c                board_late_init
 .text          0xc3e111b0       0x44 libgeneric.a(crc16.o)
                0xc3e111b0                cyg_crc16
 .text          0xc3e111f4      0x104 libgeneric.a(crc32.o)
                0xc3e111f4                crc32_no_comp
                0xc3e112e0                crc32
                0xc3e112f4                crc32_wd
 .text          0xc3e112f8      0x23c libgeneric.a(display_options.o)
                0xc3e112f8                print_size
                0xc3e113bc                display_options
                0xc3e113dc                print_buffer
 .text          0xc3e11534      0x1c4 libgeneric.a(gunzip.o)
                0xc3e11534                zunzip
                0xc3e1162c                gunzip
                0xc3e116e0                zfree
                0xc3e116e8                zalloc
 .text          0xc3e116f8       0x78 libgeneric.a(net_utils.o)
                0xc3e116f8                string_to_ip
 .text          0xc3e11770      0xc0c libgeneric.a(vsprintf.o)
                0xc3e1178c                simple_strtoul
                0xc3e11848                simple_strtol
                0xc3e11870                ustrtoul
                0xc3e118e4                simple_strtoull
                0xc3e119fc                panic
                0xc3e11eec                vsprintf
                0xc3e12358                sprintf
 .text          0xc3e1237c     0x2718 libgeneric.a(zlib.o)
                0xc3e1237c                inflate_fast
                0xc3e12898                inflate_table
                0xc3e12e00                inflateReset
                0xc3e12e9c                inflateInit2_
                0xc3e12f98                inflateInit_
                0xc3e12fa8                inflateEnd
                0xc3e1302c                adler32
                0xc3e13328                zcfree
                0xc3e13330                zcalloc
                0xc3e13338                inflate
 .text          0xc3e14a94        0x0 libgeneric.a(ctype.o)
 .text          0xc3e14a94       0xf4 libgeneric.a(div64.o)
                0xc3e14a94                __div64_32
 .text          0xc3e14b88      0x304 libarm_cortexa9.a(cpu.o)
                0xc3e14bc4                InitBaseHwForNfc
                0xc3e14c4c                _console_write
                0xc3e14ca0                _console_setup
                0xc3e14d00                cpu_init
                0xc3e14d20                icache_enable
                0xc3e14d3c                icache_disable
                0xc3e14d58                icache_status
                0xc3e14d68                dcache_enable
                0xc3e14d84                dcache_disable
                0xc3e14da0                dcache_status
                0xc3e14db0                branch_enable
                0xc3e14dcc                branch_disable
                0xc3e14de8                branch_status
                0xc3e14df8                cpu_mmc_init
                0xc3e14e10                reset_cpu
                0xc3e14e44                do_reset
                0xc3e14e5c                cleanup_before_linux
 .text          0xc3e14e8c       0xa4 libs5pc210.a(serial.o)
                0xc3e14e8c                serial_setbrg
                0xc3e14e90                serial_init
                0xc3e14eac                serial_tstc
                0xc3e14ec0                serial_putc
                0xc3e14eec                serial_puts
                0xc3e14f14                serial_getc
 .text          0xc3e14f30     0x1dc0 libs5pc210.a(usbd-otg-hs.o)
                0xc3e14f30                s3c_usb_phy_off
                0xc3e14f5c                s3c_usb_core_soft_reset
                0xc3e14f80                s3c_usb_init_core
                0xc3e14f9c                s3c_usb_check_current_mode
                0xc3e14fb4                s3c_usb_set_soft_disconnect
                0xc3e14fcc                s3c_usb_clear_soft_disconnect
                0xc3e14fe4                s3c_usb_init_device
                0xc3e15010                s3c_usbc_activate
                0xc3e15018                s3c_usb_stop
                0xc3e1502c                s3c_usb_set_inep_xfersize
                0xc3e15060                s3c_usb_set_outep_xfersize
                0xc3e15094                s3c_usb_write_ep0_fifo
                0xc3e150e4                s3c_usb_write_in_fifo
                0xc3e15134                s3c_usb_read_out_fifo
                0xc3e15180                s3c_usb_get_desc
                0xc3e1528c                s3c_usb_clear_feature
                0xc3e152fc                s3c_usb_set_feature
                0xc3e15454                s3c_usb_get_status
                0xc3e154ec                s3c_usb_ep0_int_hndlr
                0xc3e1565c                s3c_usb_set_otherspeed_conf_desc
                0xc3e15748                s3c_usb_transfer_ep0
                0xc3e15fd0                s3c_usb_int_bulkin
                0xc3e16098                s3c_usb_upload_start
                0xc3e161f0                s3c_usb_download_start
                0xc3e1630c                s3c_usb_dma_in_done
                0xc3e163a4                s3c_usb_set_all_outep_nak
                0xc3e163cc                s3c_usb_clear_all_outep_nak
                0xc3e163f4                s3c_usb_set_max_pktsize
                0xc3e16440                s3c_usb_set_endpoint
                0xc3e16484                s3c_usb_set_descriptors
                0xc3e165d4                s3c_usb_check_speed
                0xc3e165ec                s3c_usb_clear_dnfile_info
                0xc3e16608                s3c_usb_clear_upfile_info
                0xc3e16624                s3c_usb_check_setconf
                0xc3e1663c                s3c_usb_set_opmode
                0xc3e166ac                s3c_usb_reset
                0xc3e1670c                s3c_usb_set_init
                0xc3e1676c                s3c_usb_verify_checksum
                0xc3e1680c                s3c_usb_download_continue
                0xc3e168b8                s3c_usb_int_bulkout
                0xc3e168e0                s3c_usb_pkt_receive
                0xc3e1694c                s3c_usb_print_pkt
                0xc3e16998                s3c_usb_dma_out_done
                0xc3e16a3c                s3c_usb_transfer
                0xc3e16b38                s3c_udc_int_hndlr
                0xc3e16bd8                s3c_usb_wait_cable_insert
                0xc3e16c28                s3c_usb_init_phy
                0xc3e16c68                s3c_usbctl_init
 .text          0xc3e16cf0      0x18c libs5pc210.a(cpu_info.o)
                0xc3e16cf0                get_device_type
                0xc3e16d00                arch_cpu_init
                0xc3e16e5c                print_cpuinfo
 .text          0xc3e16e7c     0x204c libs5pc210.a(fastboot.o)
                0xc3e16e7c                fboot_usb_phy_off
                0xc3e16ea8                fboot_usb_core_soft_reset
                0xc3e16ecc                fboot_usb_init_core
                0xc3e16ee8                fboot_usb_check_current_mode
                0xc3e16f00                fboot_usb_set_soft_disconnect
                0xc3e16f18                fboot_usb_clear_soft_disconnect
                0xc3e16f30                fboot_usb_init_device
                0xc3e16f5c                fboot_usbc_activate
                0xc3e16f64                fboot_usb_stop
                0xc3e16f78                fboot_usb_set_inep_xfersize
                0xc3e16fac                fboot_usb_set_outep_xfersize
                0xc3e16fe0                fboot_usb_write_ep0_fifo
                0xc3e17030                fboot_usb_write_in_fifo
                0xc3e17080                fboot_usb_read_out_fifo
                0xc3e170cc                fboot_usb_get_desc
                0xc3e171ec                fboot_usb_clear_feature
                0xc3e1725c                fboot_usb_set_feature
                0xc3e173b4                fboot_usb_get_status
                0xc3e1744c                fboot_usb_ep0_int_hndlr
                0xc3e175bc                fboot_usb_set_otherspeed_conf_desc
                0xc3e176a8                fboot_usb_transfer_ep0
                0xc3e17f48                fboot_usb_upload_start
                0xc3e180a0                fboot_usb_download_start
                0xc3e181bc                fboot_usb_dma_in_done
                0xc3e18254                fboot_usb_set_all_outep_nak
                0xc3e1827c                fboot_usb_clear_all_outep_nak
                0xc3e182a4                fboot_usb_set_max_pktsize
                0xc3e182f0                fboot_usb_set_endpoint
                0xc3e18334                fboot_usb_set_descriptors
                0xc3e18488                fboot_usb_check_speed
                0xc3e184a0                fboot_usb_clear_dnfile_info
                0xc3e184bc                fboot_usb_clear_upfile_info
                0xc3e184d8                fboot_usb_check_setconf
                0xc3e184f0                fboot_usb_set_opmode
                0xc3e18560                fboot_usb_reset
                0xc3e185c0                fastboot_shutdown
                0xc3e185c4                fastboot_fifo_size
                0xc3e185e0                fastboot_getvar
                0xc3e185e8                fboot_usb_int_bulkin
                0xc3e18674                fastboot_preboot
                0xc3e18708                fboot_usb_set_init
                0xc3e18768                fboot_usb_verify_checksum
                0xc3e187fc                fboot_usb_download_continue
                0xc3e188a8                fboot_usb_print_pkt
                0xc3e188e8                fboot_usb_dma_out_done
                0xc3e1898c                fboot_usb_transfer
                0xc3e18a8c                fboot_usb_wait_cable_insert
                0xc3e18acc                fboot_usb_init_phy
                0xc3e18b0c                fboot_usbctl_init
                0xc3e18b94                fastboot_init
                0xc3e18c70                fboot_usb_int_bulkout
                0xc3e18d00                fboot_usb_pkt_receive
                0xc3e18d6c                fboot_usb_int_hndlr
                0xc3e18e28                fastboot_poll
                0xc3e18e7c                fastboot_tx_status
 .text          0xc3e18ec8      0x468 libs5pc210.a(pmic.o)
                0xc3e18ec8                PMIC_GetVoltage_Buck
                0xc3e18f10                PMIC_SetVoltage_Buck
                0xc3e18f54                I2C_S5M8767_VolSetting
                0xc3e18fc0                pmic8767_init
                0xc3e19018                PMIC_InitIp
                0xc3e192a0                GPIO_Reset_B
                0xc3e192e8                GPIO_Reset_A
 .text          0xc3e19330     0x2be4 libs5pc210.a(gpio.o)
                0xc3e19330                GPIO_Init
                0xc3e19344                GPIO_SetFunctionEach
                0xc3e19374                GPIO_SetFunctionAll
                0xc3e1938c                GPIO_SetDataEach
                0xc3e193bc                GPIO_SetDataAll
                0xc3e193d8                GPIO_GetDataAll
                0xc3e193f4                GPIO_SetPullUpDownEach
                0xc3e19428                GPIO_SetPullUpDownAll
                0xc3e19444                ETC_SetPullUpDownEach
                0xc3e19474                ETC_SetPullUpDownAll
                0xc3e1948c                GPIO_SetDSEach
                0xc3e194c0                GPIO_SetDSAll
                0xc3e194ec                GPIO_SetConRegPDNAll
                0xc3e19508                GPIO_SetPullUDPDNAll
                0xc3e19524                GPIO_EINT1ClrPend
                0xc3e19548                GPIO_EINT1UnMask
                0xc3e19570                GPIO_EINT1Mask
                0xc3e195a0                GPIO_EINT2ClrPend
                0xc3e195c4                GPIO_EINT2UnMask
                0xc3e195ec                GPIO_EINT2Mask
                0xc3e1961c                GPIO_EINT3ClrPend
                0xc3e19640                GPIO_EINT3UnMask
                0xc3e19668                GPIO_EINT3Mask
                0xc3e19698                GPIO_EINT4ClrPend
                0xc3e196bc                GPIO_EINT4UnMask
                0xc3e196e4                GPIO_EINT4Mask
                0xc3e19714                GPIO_EINT5ClrPend
                0xc3e19738                GPIO_EINT5UnMask
                0xc3e19760                GPIO_EINT5Mask
                0xc3e19790                GPIO_EINT6ClrPend
                0xc3e197b4                GPIO_EINT6UnMask
                0xc3e197dc                GPIO_EINT6Mask
                0xc3e1980c                GPIO_EINT7ClrPend
                0xc3e19830                GPIO_EINT7UnMask
                0xc3e19858                GPIO_EINT7Mask
                0xc3e19888                GPIO_EINT8ClrPend
                0xc3e198ac                GPIO_EINT8UnMask
                0xc3e198d4                GPIO_EINT8Mask
                0xc3e19904                GPIO_EINT9ClrPend
                0xc3e19928                GPIO_EINT9UnMask
                0xc3e19950                GPIO_EINT9Mask
                0xc3e19980                GPIO_EINT10ClrPend
                0xc3e199a4                GPIO_EINT10UnMask
                0xc3e199cc                GPIO_EINT10Mask
                0xc3e199fc                GPIO_EINT11ClrPend
                0xc3e19a20                GPIO_EINT11UnMask
                0xc3e19a48                GPIO_EINT11Mask
                0xc3e19a78                GPIO_EINT12ClrPend
                0xc3e19a9c                GPIO_EINT12UnMask
                0xc3e19ac4                GPIO_EINT12Mask
                0xc3e19af4                GPIO_EINT13ClrPend
                0xc3e19b18                GPIO_EINT13UnMask
                0xc3e19b40                GPIO_EINT13Mask
                0xc3e19b70                GPIO_EINT14ClrPend
                0xc3e19b94                GPIO_EINT14UnMask
                0xc3e19bbc                GPIO_EINT14Mask
                0xc3e19bec                GPIO_EINT15ClrPend
                0xc3e19c10                GPIO_EINT15UnMask
                0xc3e19c38                GPIO_EINT15Mask
                0xc3e19c68                GPIO_EINT16ClrPend
                0xc3e19c8c                GPIO_EINT16UnMask
                0xc3e19cb4                GPIO_EINT16Mask
                0xc3e19ce4                GPIO_EINT21ClrPend
                0xc3e19d00                GPIO_EINT21UnMask
                0xc3e19d20                GPIO_EINT21Mask
                0xc3e19d48                GPIO_EINT22ClrPend
                0xc3e19d64                GPIO_EINT22UnMask
                0xc3e19d84                GPIO_EINT22Mask
                0xc3e19dac                GPIO_EINT23ClrPend
                0xc3e19dc8                GPIO_EINT23UnMask
                0xc3e19de8                GPIO_EINT23Mask
                0xc3e19e10                GPIO_EINT24ClrPend
                0xc3e19e2c                GPIO_EINT24UnMask
                0xc3e19e4c                GPIO_EINT24Mask
                0xc3e19e74                GPIO_EINT25ClrPend
                0xc3e19e90                GPIO_EINT25UnMask
                0xc3e19eb0                GPIO_EINT25Mask
                0xc3e19ed8                GPIO_EINT26ClrPend
                0xc3e19ef4                GPIO_EINT26UnMask
                0xc3e19f14                GPIO_EINT26Mask
                0xc3e19f3c                GPIO_EINT27ClrPend
                0xc3e19f58                GPIO_EINT27UnMask
                0xc3e19f78                GPIO_EINT27Mask
                0xc3e19fa0                GPIO_EINT28ClrPend
                0xc3e19fbc                GPIO_EINT28UnMask
                0xc3e19fdc                GPIO_EINT28Mask
                0xc3e1a004                GPIO_EINT29ClrPend
                0xc3e1a020                GPIO_EINT29UnMask
                0xc3e1a040                GPIO_EINT29Mask
                0xc3e1a068                GPIO_EINT40ClrPend
                0xc3e1a084                GPIO_EINT40UnMask
                0xc3e1a0a4                GPIO_EINT40Mask
                0xc3e1a0cc                GPIO_EINT41ClrPend
                0xc3e1a0e8                GPIO_EINT41UnMask
                0xc3e1a108                GPIO_EINT41Mask
                0xc3e1a130                GPIO_EINT42ClrPend
                0xc3e1a14c                GPIO_EINT42UnMask
                0xc3e1a16c                GPIO_EINT42Mask
                0xc3e1a194                GPIO_EINT43ClrPend
                0xc3e1a1b0                GPIO_EINT43UnMask
                0xc3e1a1d0                GPIO_EINT43Mask
                0xc3e1a1f8                EINT_GRPPRI_XA
                0xc3e1a220                EINT_GRPPRI_XB
                0xc3e1a240                EINT_PRIORITY_XA
                0xc3e1a274                EINT_PRIORITY_XB
                0xc3e1a2a0                Get_EINTSVC_XA
                0xc3e1a2bc                Get_EINTSVC_XB
                0xc3e1a2d0                Get_EINTSVCPEND_XA
                0xc3e1a2ec                Get_EINTSVCPEND_XB
                0xc3e1a300                EINT_GRPFIXPRI_XA
                0xc3e1a328                EINT_GRPFIXPRI_XB
                0xc3e1a348                EINT_FIXPRI_XB
                0xc3e1a38c                EINT_FIXPRI_XA
                0xc3e1a400                GPIO_SetEint1
                0xc3e1a4fc                GPIO_SetEint2
                0xc3e1a604                GPIO_SetEint3
                0xc3e1a70c                GPIO_SetEint4
                0xc3e1a7f4                GPIO_SetEint5
                0xc3e1a8dc                GPIO_SetEint6
                0xc3e1a998                GPIO_SetEint7
                0xc3e1aa54                GPIO_SetEint8
                0xc3e1ab3c                GPIO_SetEint9
                0xc3e1ac44                GPIO_SetEint10
                0xc3e1ad4c                GPIO_SetEint11
                0xc3e1ae54                GPIO_SetEint12
                0xc3e1af5c                GPIO_SetEint13
                0xc3e1b064                GPIO_SetEint14
                0xc3e1b16c                GPIO_SetEint15
                0xc3e1b274                GPIO_SetEint16
                0xc3e1b37c                GPIO_SetEint21
                0xc3e1b468                GPIO_SetEint22
                0xc3e1b534                GPIO_SetEint23
                0xc3e1b620                GPIO_SetEint24
                0xc3e1b70c                GPIO_SetEint25
                0xc3e1b7f8                GPIO_SetEint26
                0xc3e1b8e4                GPIO_SetEint27
                0xc3e1b9d0                GPIO_SetEint28
                0xc3e1ba78                GPIO_SetEint29
                0xc3e1bb64                GPIO_SetEint40
                0xc3e1bc50                GPIO_SetEint41
                0xc3e1bd3c                GPIO_SetEint42
                0xc3e1be28                GPIO_SetEint43
 .text          0xc3e1bf14     0x1364 libs5pc210.a(i2c.o)
                0xc3e1bf14                I2C_GetLastError
                0xc3e1bf2c                I2C_SetClock
                0xc3e1bf98                I2C_SetAckGeneration
                0xc3e1bfd4                I2C_SetSlaveAddress
                0xc3e1c008                I2C_SetFilter
                0xc3e1c044                I2C_SetOutputDelay
                0xc3e1c07c                I2C_EnableInt
                0xc3e1c0a0                I2C_DisableInt
                0xc3e1c0c4                I2C_GetIntStatus
                0xc3e1c0e4                I2C_WaitForXferNoAck
                0xc3e1c124                I2C_ClearIntStatus
                0xc3e1c148                I2C_SetMode
                0xc3e1c244                I2C_GenerateSignal
                0xc3e1c280                I2C_GetBusStatus
                0xc3e1c2a0                I2C_IsBusReady
                0xc3e1c2c4                I2C_WaitForBusReady
                0xc3e1c304                I2C_IsBusBusy
                0xc3e1c324                I2C_IsMatchAddress
                0xc3e1c344                I2C_WaitForMatchAddress
                0xc3e1c394                I2C_IsXferAck
                0xc3e1c3b8                I2C_WaitForXferAck
                0xc3e1c408                I2C_WriteAddress
                0xc3e1c428                I2C_WriteData
                0xc3e1c444                I2C_ReadData
                0xc3e1c460                I2C_SetGPIO
                0xc3e1c898                I2C_InitSlave
                0xc3e1c8f0                I2C_InitMaster
                0xc3e1c938                I2C_CalculatePrescaler
                0xc3e1ca08                I2C_PrintErrorCase
                0xc3e1cd14                I2C_RecvEx
                0xc3e1cd18                I2C_Recv
                0xc3e1d074                I2C_SendEx
                0xc3e1d078                I2C_Send
                0xc3e1d1d0                I2C_InitIp
 .text          0xc3e1d278     0x1f14 libs5pc210.a(cmu.o)
                0xc3e1d278                SYSC_SetCpuDiv
                0xc3e1d2f8                SYSC_SetCoreDiv
                0xc3e1d394                SYSC_SetTopBusDiv
                0xc3e1d42c                SYSC_SetDivDefaultVal
                0xc3e1d4b4                SYSC_SetLocktimeVal
                0xc3e1d534                SYSC_CheckPllLock
                0xc3e1d588                SYSC_EnablePll
                0xc3e1d5ec                SYSC_DisablePll
                0xc3e1d644                SYSC_SetDitherParam
                0xc3e1d8ac                SYSC_CalcPllFout
                0xc3e1d9e8                SYSC_GetMuxSrc
                0xc3e1da10                SYSC_SetMuxSrc
                0xc3e1dac8                SYSC_SetClkDiv
                0xc3e1db1c                SYSC_GetClkDiv
                0xc3e1db48                SYSC_SetClkGateIp
                0xc3e1db7c                SYSC_GetClkGateIp
                0xc3e1dba8                SYSC_SetClkGateBlock
                0xc3e1dbdc                SYSC_GetClkGateBlock
                0xc3e1dc60                SYSC_SetClkOut
                0xc3e1dd70                SYSC_SetPllByPms
                0xc3e1dff8                SYSC_SetPllByFout
                0xc3e1e4a4                SYSC_GetVcoPll
                0xc3e1e5fc                SYSC_GetFoutPll
                0xc3e1e76c                SYSC_ChangePllnDiv
                0xc3e1e930                SYSC_InitSysClk
                0xc3e1efe8                SYSC_GetClkFreq
 .text          0xc3e1f18c       0x98 libs5pc210.a(speed.o)
                0xc3e1f1e0                get_ARM_CLK
                0xc3e1f214                get_MPLL_CLK
                0xc3e1f21c                get_APLL_CLK
 .text          0xc3e1f224      0x458 libs5pc210.a(max8997.o)
                0xc3e1f540                pmic_write
                0xc3e1f544                max8997_init
                0xc3e1f60c                lowlevel_init_max8997
                0xc3e1f678                pmic_read
 .text          0xc3e1f67c      0x260 libs5pc210.a(setup_hsmmc.o)
                0xc3e1f67c                setup_sdhci0_cfg_card
                0xc3e1f680                setup_hsmmc_cfg_gpio
                0xc3e1f718                setup_hsmmc_clock
                0xc3e1f804                set_hsmmc_pre_ratio
                0xc3e1f88c                clear_hsmmc_clock_div
 .text          0xc3e1f8dc      0x174 libs5pc210.a(recovery.o)
                0xc3e1f8dc                factory_reset
                0xc3e1f9a0                recovery_preboot
 .text          0xc3e1fa50      0x238 libarm.a(bootm.o)
                0xc3e1fa50                do_bootm_linux
 .text          0xc3e1fc88        0x4 libarm.a(cache.o)
                0xc3e1fc88                flush_cache
 .text          0xc3e1fc8c     0x19d0 libfat.a(fat.o)
                0xc3e1fe44                disk_read
                0xc3e20198                file_fat_detectfs
                0xc3e205d0                do_fat_read
                0xc3e20ec4                file_fat_read
                0xc3e20efc                file_fat_ls
                0xc3e20f0c                fat_register_device
                0xc3e2101c                fat_format_device
 .text          0xc3e2165c     0x3370 libext2fs.a(ext2fs.o)
                0xc3e2165c                get_random_val
                0xc3e21674                default_journal_size
                0xc3e216b4                ext2fs_format
                0xc3e23bf0                ext2fs_free_node
                0xc3e23c10                ext2fs_close
                0xc3e23d90                ext2fs_mount
                0xc3e23e44                ext2fs_read_file
                0xc3e24318                ext2fs_read
                0xc3e245c0                ext2fs_find_file1
                0xc3e24848                ext2fs_find_file
                0xc3e248c4                ext2fs_open
                0xc3e24958                ext2fs_ls
 .text          0xc3e249cc      0x224 libext2fs.a(dev.o)
                0xc3e249cc                ext2fs_devread
                0xc3e24ba4                ext2fs_set_blk_dev
 .text          0xc3e24bf0      0x37c libdisk.a(part.o)
                0xc3e24bf0                dev_print
                0xc3e24dec                get_partition_info
                0xc3e24e10                init_part
                0xc3e24e2c                get_dev
                0xc3e24e90                print_part
 .text          0xc3e24f6c      0x508 libdisk.a(part_dos.o)
                0xc3e24fb0                test_part_dos
                0xc3e2525c                get_partition_info_dos
                0xc3e25448                print_part_dos
 .text          0xc3e25474      0x528 libmmc.a(s3c_hsmmc.o)
                0xc3e25844                smdk_s3c_hsmmc_init
 .text          0xc3e2599c      0xd14 libmmc.a(s5p_mshc.o)
                0xc3e25b5c                mshci_fifo_deinit
                0xc3e265bc                emmc_mode_change
                0xc3e2660c                smdk_s5p_mshc_init
 .text          0xc3e266b0       0x1c /home/sw/pp_self/1/iTop4412_uboot/sw_build/eabi_compat.o
                0xc3e266b0                raise
 .text          0xc3e266cc      0x20c /home/sw/bb/arm-2009q3/bin/../lib/gcc/arm-none-linux-gnueabi/4.4.1/libgcc.a(_udivsi3.o)
                0xc3e266cc                __udivsi3
                0xc3e266cc                __aeabi_uidiv
                0xc3e268b8                __aeabi_uidivmod
 .text          0xc3e268d8      0x240 /home/sw/bb/arm-2009q3/bin/../lib/gcc/arm-none-linux-gnueabi/4.4.1/libgcc.a(_divsi3.o)
                0xc3e268d8                __aeabi_idiv
                0xc3e268d8                __divsi3
                0xc3e26af8                __aeabi_idivmod
 .text          0xc3e26b18       0x1c /home/sw/bb/arm-2009q3/bin/../lib/gcc/arm-none-linux-gnueabi/4.4.1/libgcc.a(_lshrdi3.o)
                0xc3e26b18                __aeabi_llsr
                0xc3e26b18                __lshrdi3
 .text          0xc3e26b34      0x3b8 /home/sw/bb/arm-2009q3/bin/../lib/gcc/arm-none-linux-gnueabi/4.4.1/libgcc.a(_arm_addsubdf3.o)
                0xc3e26b34                __aeabi_drsub
                0xc3e26b3c                __aeabi_dsub
                0xc3e26b3c                __subdf3
                0xc3e26b40                __adddf3
                0xc3e26b40                __aeabi_dadd
                0xc3e26dec                __aeabi_ui2d
                0xc3e26dec                __floatunsidf
                0xc3e26e10                __floatsidf
                0xc3e26e10                __aeabi_i2d
                0xc3e26e38                __extendsfdf2
                0xc3e26e38                __aeabi_f2d
                0xc3e26e78                __aeabi_ul2d
                0xc3e26e78                __floatundidf
                0xc3e26e8c                __floatdidf
                0xc3e26e8c                __aeabi_l2d
 .text          0xc3e26eec      0x470 /home/sw/bb/arm-2009q3/bin/../lib/gcc/arm-none-linux-gnueabi/4.4.1/libgcc.a(_arm_muldivdf3.o)
                0xc3e26eec                __aeabi_dmul
                0xc3e26eec                __muldf3
                0xc3e27158                __aeabi_ddiv
                0xc3e27158                __divdf3
 .text          0xc3e2735c       0xa0 /home/sw/bb/arm-2009q3/bin/../lib/gcc/arm-none-linux-gnueabi/4.4.1/libgcc.a(_arm_truncdfsf2.o)
                0xc3e2735c                __aeabi_d2f
                0xc3e2735c                __truncdfsf2
 .text          0xc3e273fc      0x250 /home/sw/bb/arm-2009q3/bin/../lib/gcc/arm-none-linux-gnueabi/4.4.1/libgcc.a(_arm_addsubsf3.o)
                0xc3e273fc                __aeabi_frsub
                0xc3e27404                __subsf3
                0xc3e27404                __aeabi_fsub
                0xc3e27408                __aeabi_fadd
                0xc3e27408                __addsf3
                0xc3e27598                __aeabi_ui2f
                0xc3e27598                __floatunsisf
                0xc3e275a0                __aeabi_i2f
                0xc3e275a0                __floatsisf
                0xc3e275c0                __floatundisf
                0xc3e275c0                __aeabi_ul2f
                0xc3e275d0                __floatdisf
                0xc3e275d0                __aeabi_l2f
 .text          0xc3e2764c      0x2f8 /home/sw/bb/arm-2009q3/bin/../lib/gcc/arm-none-linux-gnueabi/4.4.1/libgcc.a(_arm_muldivsf3.o)
                0xc3e2764c                __mulsf3
                0xc3e2764c                __aeabi_fmul
                0xc3e277e4                __divsf3
                0xc3e277e4                __aeabi_fdiv
 .text          0xc3e27944       0xfc /home/sw/bb/arm-2009q3/bin/../lib/gcc/arm-none-linux-gnueabi/4.4.1/libgcc.a(_arm_cmpsf2.o)
                0xc3e27944                __gtsf2
                0xc3e27944                __gesf2
                0xc3e2794c                __lesf2
                0xc3e2794c                __ltsf2
                0xc3e27954                __nesf2
                0xc3e27954                __eqsf2
                0xc3e27954                __cmpsf2
                0xc3e279b8                __aeabi_cfrcmple
                0xc3e279c8                __aeabi_cfcmple
                0xc3e279c8                __aeabi_cfcmpeq
                0xc3e279dc                __aeabi_fcmpeq
                0xc3e279f0                __aeabi_fcmplt
                0xc3e27a04                __aeabi_fcmple
                0xc3e27a18                __aeabi_fcmpge
                0xc3e27a2c                __aeabi_fcmpgt
 .text          0xc3e27a40       0x54 /home/sw/bb/arm-2009q3/bin/../lib/gcc/arm-none-linux-gnueabi/4.4.1/libgcc.a(_arm_fixunssfsi.o)
                0xc3e27a40                __aeabi_f2uiz
                0xc3e27a40                __fixunssfsi
 .text          0xc3e27a94       0x10 /home/sw/bb/arm-2009q3/bin/../lib/gcc/arm-none-linux-gnueabi/4.4.1/libgcc.a(_dvmd_lnx.o)
                0xc3e27a94                __aeabi_ldiv0
                0xc3e27a94                __aeabi_idiv0

.glue_7         0xc3e27aa4        0x0
 .glue_7        0x00000000        0x0 linker stubs

.glue_7t        0xc3e27aa4        0x0
 .glue_7t       0x00000000        0x0 linker stubs

.vfp11_veneer   0xc3e27aa4        0x0
 .vfp11_veneer  0x00000000        0x0 linker stubs

.v4_bx          0xc3e27aa4        0x0
 .v4_bx         0x00000000        0x0 linker stubs
                0xc3e27aa4                . = ALIGN (0x4)

.rodata         0xc3e27aa4     0xcb22
 *(SORT(.rodata*))
 .rodata        0xc3e27aa4       0x14 ace_sha1.o
                0xc3e27aa4                sha1_digest_emptymsg
 .rodata        0xc3e27ab8       0x80 libs5pc210.a(interrupts.o)
 .rodata        0xc3e27b38       0x44 libarm.a(board.o)
                0xc3e27b38                version_string
 .rodata        0xc3e27b7c       0x4c libcommon.a(cmd_bootm.o)
 .rodata        0xc3e27bc8       0x58 libcommon.a(command.o)
 .rodata        0xc3e27c20       0x20 libcommon.a(xyzModem.o)
 .rodata        0xc3e27c40      0x200 libgeneric.a(crc16.o)
 .rodata        0xc3e27e40      0x400 libgeneric.a(crc32.o)
 .rodata        0xc3e28240       0x24 libgeneric.a(vsprintf.o)
                0xc3e28250                hex_asc
 .rodata        0xc3e28264      0x9d0 libgeneric.a(zlib.o)
                0xc3e28c0c                z_errmsg
 .rodata        0xc3e28c34       0xac libs5pc210.a(usbd-otg-hs.o)
                0xc3e28c34                config_full
                0xc3e28c40                config_full_total
                0xc3e28c60                config_high
                0xc3e28c6c                config_high_total
                0xc3e28c8c                qualifier_desc
                0xc3e28c98                string_desc0
                0xc3e28c9c                string_desc1
                0xc3e28cb4                string_desc2
 .rodata        0xc3e28ce0       0xb4 libs5pc210.a(fastboot.o)
                0xc3e28ce0                fboot_config_full
                0xc3e28cec                fboot_config_full_total
                0xc3e28d0c                fboot_config_high
                0xc3e28d18                fboot_config_high_total
                0xc3e28d38                fboot_qualifier_desc
                0xc3e28d44                fboot_string_desc0
                0xc3e28d48                fboot_string_desc1
                0xc3e28d60                fboot_string_desc2
                0xc3e28d78                string_desc3
 .rodata        0xc3e28d94       0x18 libs5pc210.a(pmic.o)
                0xc3e28d94                gVoltage_Type
 .rodata        0xc3e28dac     0x4c08 libs5pc210.a(cmu.o)
 .rodata        0xc3e2d9b4       0x10 libdisk.a(part.o)
 .rodata        0xc3e2d9c4        0x2 libs5pc210.a(cpu_info.o)
 .rodata.str1.1
                0xc3e2d9c6      0x21f libs5pc210.a(interrupts.o)
                                0x236 (size before relaxing)
 .rodata.str1.1
                0xc3e2dbe5       0x5f libarm.a(board.o)
                                 0x61 (size before relaxing)
 .rodata.str1.1
                0xc3e2dc44      0x396 libmmc.a(mmc.o)
                                0x39e (size before relaxing)
 .rodata.str1.1
                0xc3e2dfda       0x81 libcommon.a(cmd_bdinfo.o)
                                 0x82 (size before relaxing)
 .rodata.str1.1
                0xc3e2e05b       0xef libcommon.a(cmd_boot.o)
                                 0xf0 (size before relaxing)
 .rodata.str1.1
                0xc3e2e14a      0x7f4 libcommon.a(cmd_bootm.o)
                                0x848 (size before relaxing)
 .rodata.str1.1
                0xc3e2e93e       0x5c libcommon.a(cmd_console.o)
                                 0x61 (size before relaxing)
 .rodata.str1.1
                0xc3e2e99a       0x50 libcommon.a(cmd_echo.o)
                                 0x55 (size before relaxing)
 .rodata.str1.1
                0xc3e2e9ea      0x24c libcommon.a(cmd_elf.o)
                                0x25c (size before relaxing)
 .rodata.str1.1
                0xc3e2ec36      0x4d6 libcommon.a(cmd_ext2.o)
                                0x56e (size before relaxing)
 .rodata.str1.1
                0xc3e2f10c      0xdef libcommon.a(cmd_fastboot.o)
                                0xe8f (size before relaxing)
 .rodata.str1.1
                0xc3e2fefb      0x543 libcommon.a(cmd_fat.o)
                                0x656 (size before relaxing)
 .rodata.str1.1
                0xc3e3043e       0x9a libcommon.a(cmd_help.o)
                                 0x9b (size before relaxing)
 .rodata.str1.1
                0xc3e304d8       0xb3 libcommon.a(cmd_itest.o)
                                 0xb5 (size before relaxing)
 .rodata.str1.1
                0xc3e3058b      0x336 libcommon.a(cmd_load.o)
                                0x353 (size before relaxing)
 .rodata.str1.1
                0xc3e308c1       0x5c libcommon.a(cmd_max8997.o)
 .rodata.str1.1
                0xc3e3091d       0x3f libcommon.a(cmd_mdmupgrade.o)
 .rodata.str1.1
                0xc3e3095c      0x480 libcommon.a(cmd_mem.o)
                                0x491 (size before relaxing)
 .rodata.str1.1
                0xc3e30ddc       0x5f libcommon.a(cmd_misc.o)
 .rodata.str1.1
                0xc3e30e3b      0x6fb libcommon.a(cmd_mmc.o)
                                0x738 (size before relaxing)
 .rodata.str1.1
                0xc3e31536      0x28d libcommon.a(cmd_mmc_fdisk.o)
                                0x291 (size before relaxing)
 .rodata.str1.1
                0xc3e317c3      0x375 libcommon.a(cmd_movi.o)
                                0x3ed (size before relaxing)
 .rodata.str1.1
                0xc3e31b38      0x33c libcommon.a(cmd_nvedit.o)
                                0x392 (size before relaxing)
 .rodata.str1.1
                0xc3e31e74      0x101 libcommon.a(cmd_source.o)
                                0x108 (size before relaxing)
 .rodata.str1.1
                0xc3e31f75       0x93 libcommon.a(cmd_usbd.o)
                                 0x9e (size before relaxing)
 .rodata.str1.1
                0xc3e32008       0x16 libcommon.a(cmd_version.o)
                                 0x24 (size before relaxing)
 .rodata.str1.1
                0xc3e3201e      0x187 libcommon.a(cmd_ximg.o)
                                0x22f (size before relaxing)
 .rodata.str1.1
                0xc3e321a5       0x95 libcommon.a(command.o)
 .rodata.str1.1
                0xc3e3223a       0x70 libcommon.a(console.o)
                                 0x74 (size before relaxing)
 .rodata.str1.1
                0xc3e322aa      0x128 libcommon.a(decompress_ext4.o)
                                0x12c (size before relaxing)
 .rodata.str1.1
                0xc3e323d2       0xb7 libcommon.a(env_auto.o)
 .rodata.str1.1
                0xc3e32489       0x33 libcommon.a(env_common.o)
 .rodata.str1.1
                0xc3e324bc      0x44d libcommon.a(image.o)
                                0x4f0 (size before relaxing)
 .rodata.str1.1
                0xc3e32909       0xc8 libcommon.a(main.o)
                                 0xf0 (size before relaxing)
 .rodata.str1.1
                0xc3e329d1        0x7 libcommon.a(stdio.o)
                                 0x1b (size before relaxing)
 .rodata.str1.1
                0xc3e329d8       0xe3 libcommon.a(xyzModem.o)
                                 0xe5 (size before relaxing)
 .rodata.str1.1
                0xc3e32abb      0x15a libsmdkc210.a(smdkc210.o)
                                0x193 (size before relaxing)
 .rodata.str1.1
                0xc3e32c15       0x11 libgeneric.a(display_options.o)
                                 0x36 (size before relaxing)
 .rodata.str1.1
                0xc3e32c26       0x85 libgeneric.a(gunzip.o)
 .rodata.str1.1
                0xc3e32cab        0xe libgeneric.a(vsprintf.o)
 .rodata.str1.1
                0xc3e32cb9      0x21c libgeneric.a(zlib.o)
                                0x21d (size before relaxing)
 .rodata.str1.1
                0xc3e32ed5       0x12 libarm_cortexa9.a(cpu.o)
 .rodata.str1.1
                0xc3e32ee7      0x145 libs5pc210.a(usbd-otg-hs.o)
                                0x14a (size before relaxing)
 .rodata.str1.1
                0xc3e3302c      0x183 libs5pc210.a(cpu_info.o)
 .rodata.str1.1
                0xc3e331af       0x6f libs5pc210.a(fastboot.o)
                                0x181 (size before relaxing)
 .rodata.str1.1
                0xc3e3321e       0x84 libs5pc210.a(pmic.o)
 .rodata.str1.1
                0xc3e332a2       0x37 libs5pc210.a(gpio.o)
 .rodata.str1.1
                0xc3e332d9       0xe6 libs5pc210.a(i2c.o)
 .rodata.str1.1
                0xc3e333bf       0x17 libs5pc210.a(setup_hsmmc.o)
 .rodata.str1.1
                0xc3e333d6       0xf1 libs5pc210.a(recovery.o)
                                0x121 (size before relaxing)
 .rodata.str1.1
                0xc3e334c7       0x5a libarm.a(bootm.o)
                                 0x63 (size before relaxing)
 .rodata.str1.1
                0xc3e33521      0x3fd libfat.a(fat.o)
                                0x402 (size before relaxing)
 .rodata.str1.1
                0xc3e3391e      0x4f6 libext2fs.a(ext2fs.o)
                                0x579 (size before relaxing)
 .rodata.str1.1
                0xc3e33e14       0xdc libext2fs.a(dev.o)
 .rodata.str1.1
                0xc3e33ef0      0x1b4 libdisk.a(part.o)
                                0x1e0 (size before relaxing)
 .rodata.str1.1
                0xc3e340a4       0xe5 libdisk.a(part_dos.o)
                                 0xf1 (size before relaxing)
 .rodata.str1.1
                0xc3e34189       0xfd libmmc.a(s3c_hsmmc.o)
 .rodata.str1.1
                0xc3e34286      0x325 libmmc.a(s5p_mshc.o)
                                0x347 (size before relaxing)
 .rodata.str1.1
                0xc3e345ab       0x1b /home/sw/pp_self/1/iTop4412_uboot/sw_build/eabi_compat.o

.mmudata        0xc3e38000     0x4000
 .mmudata       0xc3e38000     0x4000 lowlevel_init.o
                0xc3e38000                mmu_table
                0xc3e3c000                . = ALIGN (0x4)

.data           0xc3e3c000      0xb74
 *(.data)
 .data          0xc3e3c000        0x0 start.o
 .data          0xc3e3c000        0x0 cpu_init.o
 .data          0xc3e3c000        0x0 lowlevel_init.o
 .data          0xc3e3c000        0x0 ace_sha1.o
 .data          0xc3e3c000        0x0 libgeneric.a(string.o)
 .data          0xc3e3c000        0x0 libs5pc210.a(nand_cp.o)
 .data          0xc3e3c000        0x0 libs5pc210.a(interrupts.o)
 .data          0xc3e3c000        0x0 libs5pc210.a(onenand_cp.o)
 .data          0xc3e3c000        0x0 libs5pc210.a(movi.o)
 .data          0xc3e3c000       0x34 libarm.a(board.o)
                0xc3e3c000                init_sequence
 .data          0xc3e3c034        0x4 libmmc.a(mmc.o)
 .data          0xc3e3c038        0x0 libcommon.a(cmd_bdinfo.o)
 .data          0xc3e3c038        0x0 libcommon.a(cmd_boot.o)
 .data          0xc3e3c038       0x94 libcommon.a(cmd_bootm.o)
                0xc3e3c038                load_addr
                0xc3e3c03c                cmd_bootm_sub
 .data          0xc3e3c0cc        0x0 libcommon.a(cmd_console.o)
 .data          0xc3e3c0cc        0x0 libcommon.a(cmd_echo.o)
 .data          0xc3e3c0cc        0x0 libcommon.a(cmd_elf.o)
 .data          0xc3e3c0cc        0x0 libcommon.a(cmd_ext2.o)
 .data          0xc3e3c0cc       0x20 libcommon.a(cmd_fastboot.o)
 .data          0xc3e3c0ec        0x0 libcommon.a(cmd_fat.o)
 .data          0xc3e3c0ec        0x0 libcommon.a(cmd_help.o)
 .data          0xc3e3c0ec       0x68 libcommon.a(cmd_itest.o)
                0xc3e3c0ec                op_table
 .data          0xc3e3c154        0x4 libcommon.a(cmd_load.o)
 .data          0xc3e3c158        0x0 libcommon.a(cmd_max8997.o)
 .data          0xc3e3c158        0x0 libcommon.a(cmd_mdmupgrade.o)
 .data          0xc3e3c158        0x4 libcommon.a(cmd_mem.o)
                0xc3e3c158                dp_last_length
 .data          0xc3e3c15c        0x0 libcommon.a(cmd_misc.o)
 .data          0xc3e3c15c        0x0 libcommon.a(cmd_mmc.o)
 .data          0xc3e3c15c        0x0 libcommon.a(cmd_mmc_fdisk.o)
 .data          0xc3e3c15c        0x0 libcommon.a(cmd_movi.o)
 .data          0xc3e3c15c        0x4 libcommon.a(cmd_nvedit.o)
 .data          0xc3e3c160        0x0 libcommon.a(cmd_source.o)
 .data          0xc3e3c160        0x0 libcommon.a(cmd_usbd.o)
 .data          0xc3e3c160        0x0 libcommon.a(cmd_version.o)
 .data          0xc3e3c160        0x0 libcommon.a(cmd_ximg.o)
 .data          0xc3e3c160        0x0 libcommon.a(command.o)
 .data          0xc3e3c160        0x0 libcommon.a(console.o)
 .data          0xc3e3c160        0x0 libcommon.a(decompress_ext4.o)
 .data          0xc3e3c160      0x414 libcommon.a(dlmalloc.o)
 .data          0xc3e3c574        0x4 libcommon.a(env_auto.o)
                0xc3e3c574                env_name_spec
 .data          0xc3e3c578       0x8c libcommon.a(env_common.o)
                0xc3e3c578                default_environment
                0xc3e3c600                default_environment_size
 .data          0xc3e3c604        0x0 libcommon.a(exports.o)
 .data          0xc3e3c604      0x228 libcommon.a(image.o)
 .data          0xc3e3c82c       0x14 libcommon.a(main.o)
 .data          0xc3e3c840        0x0 libcommon.a(s_record.o)
 .data          0xc3e3c840        0xc libcommon.a(stdio.o)
                0xc3e3c840                stdio_names
 .data          0xc3e3c84c        0x0 libcommon.a(xyzModem.o)
 .data          0xc3e3c84c        0x4 libsmdkc210.a(smdkc210.o)
                0xc3e3c84c                dmc_density
 .data          0xc3e3c850        0x0 libgeneric.a(crc16.o)
 .data          0xc3e3c850        0x0 libgeneric.a(crc32.o)
 .data          0xc3e3c850        0x0 libgeneric.a(display_options.o)
 .data          0xc3e3c850        0x0 libgeneric.a(gunzip.o)
 .data          0xc3e3c850        0x0 libgeneric.a(net_utils.o)
 .data          0xc3e3c850        0x0 libgeneric.a(vsprintf.o)
 .data          0xc3e3c850        0x0 libgeneric.a(zlib.o)
 .data          0xc3e3c850      0x100 libgeneric.a(ctype.o)
                0xc3e3c850                _ctype
 .data          0xc3e3c950        0x0 libgeneric.a(div64.o)
 .data          0xc3e3c950        0x0 libarm_cortexa9.a(cpu.o)
 .data          0xc3e3c950        0x0 libs5pc210.a(serial.o)
 .data          0xc3e3c950       0x38 libs5pc210.a(usbd-otg-hs.o)
                0xc3e3c950                test_pkt
 .data          0xc3e3c988        0x4 libs5pc210.a(cpu_info.o)
                0xc3e3c988                CORE_NUM_STR
 .data          0xc3e3c98c      0x100 libs5pc210.a(fastboot.o)
                0xc3e3c98c                fboot_test_pkt
                0xc3e3c9c4                ptable_default
                0xc3e3ca88                ptable_default_size
 .data          0xc3e3ca8c        0x0 libs5pc210.a(pmic.o)
 .data          0xc3e3ca8c        0x0 libs5pc210.a(gpio.o)
 .data          0xc3e3ca8c       0xd8 libs5pc210.a(i2c.o)
 .data          0xc3e3cb64        0x0 libs5pc210.a(cmu.o)
 .data          0xc3e3cb64        0x0 libs5pc210.a(speed.o)
 .data          0xc3e3cb64        0x0 libs5pc210.a(max8997.o)
 .data          0xc3e3cb64        0x0 libs5pc210.a(setup_hsmmc.o)
 .data          0xc3e3cb64        0x0 libs5pc210.a(recovery.o)
 .data          0xc3e3cb64        0x4 libarm.a(bootm.o)
                0xc3e3cb64                nr_dram_banks
 .data          0xc3e3cb68        0x0 libarm.a(cache.o)
 .data          0xc3e3cb68        0x4 libfat.a(fat.o)
 .data          0xc3e3cb6c        0x8 libext2fs.a(ext2fs.o)
                0xc3e3cb6c                indir1_blkno
                0xc3e3cb70                indir2_blkno
 .data          0xc3e3cb74        0x0 libext2fs.a(dev.o)
 .data          0xc3e3cb74        0x0 libdisk.a(part.o)
 .data          0xc3e3cb74        0x0 libdisk.a(part_dos.o)
 .data          0xc3e3cb74        0x0 libmmc.a(s3c_hsmmc.o)
 .data          0xc3e3cb74        0x0 libmmc.a(s5p_mshc.o)
 .data          0xc3e3cb74        0x0 /home/sw/pp_self/1/iTop4412_uboot/sw_build/eabi_compat.o
 .data          0xc3e3cb74        0x0 /home/sw/bb/arm-2009q3/bin/../lib/gcc/arm-none-linux-gnueabi/4.4.1/libgcc.a(_udivsi3.o)
 .data          0xc3e3cb74        0x0 /home/sw/bb/arm-2009q3/bin/../lib/gcc/arm-none-linux-gnueabi/4.4.1/libgcc.a(_divsi3.o)
 .data          0xc3e3cb74        0x0 /home/sw/bb/arm-2009q3/bin/../lib/gcc/arm-none-linux-gnueabi/4.4.1/libgcc.a(_lshrdi3.o)
 .data          0xc3e3cb74        0x0 /home/sw/bb/arm-2009q3/bin/../lib/gcc/arm-none-linux-gnueabi/4.4.1/libgcc.a(_arm_addsubdf3.o)
 .data          0xc3e3cb74        0x0 /home/sw/bb/arm-2009q3/bin/../lib/gcc/arm-none-linux-gnueabi/4.4.1/libgcc.a(_arm_muldivdf3.o)
 .data          0xc3e3cb74        0x0 /home/sw/bb/arm-2009q3/bin/../lib/gcc/arm-none-linux-gnueabi/4.4.1/libgcc.a(_arm_truncdfsf2.o)
 .data          0xc3e3cb74        0x0 /home/sw/bb/arm-2009q3/bin/../lib/gcc/arm-none-linux-gnueabi/4.4.1/libgcc.a(_arm_addsubsf3.o)
 .data          0xc3e3cb74        0x0 /home/sw/bb/arm-2009q3/bin/../lib/gcc/arm-none-linux-gnueabi/4.4.1/libgcc.a(_arm_muldivsf3.o)
 .data          0xc3e3cb74        0x0 /home/sw/bb/arm-2009q3/bin/../lib/gcc/arm-none-linux-gnueabi/4.4.1/libgcc.a(_arm_cmpsf2.o)
 .data          0xc3e3cb74        0x0 /home/sw/bb/arm-2009q3/bin/../lib/gcc/arm-none-linux-gnueabi/4.4.1/libgcc.a(_arm_fixunssfsi.o)
 .data          0xc3e3cb74        0x0 /home/sw/bb/arm-2009q3/bin/../lib/gcc/arm-none-linux-gnueabi/4.4.1/libgcc.a(_dvmd_lnx.o)
                0xc3e3cb74                . = ALIGN (0x4)

.got
 *(.got)
                0xc3e3cb74                __u_boot_cmd_start = .

.u_boot_cmd     0xc3e3cb74      0x510
 *(.u_boot_cmd)
 .u_boot_cmd    0xc3e3cb74       0x18 libcommon.a(cmd_bdinfo.o)
                0xc3e3cb74                __u_boot_cmd_bdinfo
 .u_boot_cmd    0xc3e3cb8c       0x30 libcommon.a(cmd_boot.o)
                0xc3e3cb8c                __u_boot_cmd_go
                0xc3e3cba4                __u_boot_cmd_reset
 .u_boot_cmd    0xc3e3cbbc       0x60 libcommon.a(cmd_bootm.o)
                0xc3e3cbbc                __u_boot_cmd_bootm
                0xc3e3cbd4                __u_boot_cmd_boot
                0xc3e3cbec                __u_boot_cmd_bootd
                0xc3e3cc04                __u_boot_cmd_iminfo
 .u_boot_cmd    0xc3e3cc1c       0x18 libcommon.a(cmd_console.o)
                0xc3e3cc1c                __u_boot_cmd_coninfo
 .u_boot_cmd    0xc3e3cc34       0x18 libcommon.a(cmd_echo.o)
                0xc3e3cc34                __u_boot_cmd_echo
 .u_boot_cmd    0xc3e3cc4c       0x30 libcommon.a(cmd_elf.o)
                0xc3e3cc4c                __u_boot_cmd_bootelf
                0xc3e3cc64                __u_boot_cmd_bootvx
 .u_boot_cmd    0xc3e3cc7c       0x60 libcommon.a(cmd_ext2.o)
                0xc3e3cc7c                __u_boot_cmd_ext2ls
                0xc3e3cc94                __u_boot_cmd_ext2load
                0xc3e3ccac                __u_boot_cmd_ext2format
                0xc3e3ccc4                __u_boot_cmd_ext3format
 .u_boot_cmd    0xc3e3ccdc       0x30 libcommon.a(cmd_fastboot.o)
                0xc3e3ccdc                __u_boot_cmd_fastboot
                0xc3e3ccf4                __u_boot_cmd_sdfuse
 .u_boot_cmd    0xc3e3cd0c       0x60 libcommon.a(cmd_fat.o)
                0xc3e3cd0c                __u_boot_cmd_fatload
                0xc3e3cd24                __u_boot_cmd_fatls
                0xc3e3cd3c                __u_boot_cmd_fatinfo
                0xc3e3cd54                __u_boot_cmd_fatformat
 .u_boot_cmd    0xc3e3cd6c       0x30 libcommon.a(cmd_help.o)
                0xc3e3cd6c                __u_boot_cmd_help
                0xc3e3cd84                __u_boot_cmd_question_mark
 .u_boot_cmd    0xc3e3cd9c       0x18 libcommon.a(cmd_itest.o)
                0xc3e3cd9c                __u_boot_cmd_itest
 .u_boot_cmd    0xc3e3cdb4       0x48 libcommon.a(cmd_load.o)
                0xc3e3cdb4                __u_boot_cmd_loads
                0xc3e3cdcc                __u_boot_cmd_loadb
                0xc3e3cde4                __u_boot_cmd_loady
 .u_boot_cmd    0xc3e3cdfc       0x18 libcommon.a(cmd_max8997.o)
                0xc3e3cdfc                __u_boot_cmd_max8997
 .u_boot_cmd    0xc3e3ce14       0x18 libcommon.a(cmd_mdmupgrade.o)
                0xc3e3ce14                __u_boot_cmd_mdmup
 .u_boot_cmd    0xc3e3ce2c       0xf0 libcommon.a(cmd_mem.o)
                0xc3e3ce2c                __u_boot_cmd_md
                0xc3e3ce44                __u_boot_cmd_mm
                0xc3e3ce5c                __u_boot_cmd_nm
                0xc3e3ce74                __u_boot_cmd_mw
                0xc3e3ce8c                __u_boot_cmd_cp
                0xc3e3cea4                __u_boot_cmd_cmp
                0xc3e3cebc                __u_boot_cmd_crc32
                0xc3e3ced4                __u_boot_cmd_base
                0xc3e3ceec                __u_boot_cmd_loop
                0xc3e3cf04                __u_boot_cmd_mtest
 .u_boot_cmd    0xc3e3cf1c       0x18 libcommon.a(cmd_misc.o)
                0xc3e3cf1c                __u_boot_cmd_sleep
 .u_boot_cmd    0xc3e3cf34       0x48 libcommon.a(cmd_mmc.o)
                0xc3e3cf34                __u_boot_cmd_mmcinfo
                0xc3e3cf4c                __u_boot_cmd_emmc
                0xc3e3cf64                __u_boot_cmd_mmc
 .u_boot_cmd    0xc3e3cf7c       0x18 libcommon.a(cmd_mmc_fdisk.o)
                0xc3e3cf7c                __u_boot_cmd_fdisk
 .u_boot_cmd    0xc3e3cf94       0x18 libcommon.a(cmd_movi.o)
                0xc3e3cf94                __u_boot_cmd_movi
 .u_boot_cmd    0xc3e3cfac       0x78 libcommon.a(cmd_nvedit.o)
                0xc3e3cfac                __u_boot_cmd_saveenv
                0xc3e3cfc4                __u_boot_cmd_editenv
                0xc3e3cfdc                __u_boot_cmd_printenv
                0xc3e3cff4                __u_boot_cmd_setenv
                0xc3e3d00c                __u_boot_cmd_run
 .u_boot_cmd    0xc3e3d024       0x18 libcommon.a(cmd_source.o)
                0xc3e3d024                __u_boot_cmd_source
 .u_boot_cmd    0xc3e3d03c       0x18 libcommon.a(cmd_usbd.o)
                0xc3e3d03c                __u_boot_cmd_dnw
 .u_boot_cmd    0xc3e3d054       0x18 libcommon.a(cmd_version.o)
                0xc3e3d054                __u_boot_cmd_version
 .u_boot_cmd    0xc3e3d06c       0x18 libcommon.a(cmd_ximg.o)
                0xc3e3d06c                __u_boot_cmd_imxtract
                0xc3e3d084                __u_boot_cmd_end = .
                0xc3e3d084                . = ALIGN (0x4)
                0xc3e3d084                __bss_start = .

.bss            0xc3e3d088   0x132c10
 *(.bss)
 .bss           0xc3e3d088        0x0 start.o
 .bss           0xc3e3d088        0x0 cpu_init.o
 .bss           0xc3e3d088        0x0 lowlevel_init.o
 .bss           0xc3e3d088        0x0 ace_sha1.o
 .bss           0xc3e3d088        0x4 libgeneric.a(string.o)
                0xc3e3d088                ___strtok
 .bss           0xc3e3d08c        0x0 libs5pc210.a(nand_cp.o)
 .bss           0xc3e3d08c        0xc libs5pc210.a(interrupts.o)
                0xc3e3d08c                timer_load_val
 .bss           0xc3e3d098        0x0 libs5pc210.a(onenand_cp.o)
 .bss           0xc3e3d098        0x0 libs5pc210.a(movi.o)
 .bss           0xc3e3d098        0x4 libarm.a(board.o)
                0xc3e3d098                monitor_flash_len
 .bss           0xc3e3d09c       0x18 libmmc.a(mmc.o)
                0xc3e3d0a4                mmc_global
                0xc3e3d0b0                mmc_default
 .bss           0xc3e3d0b4        0x0 libcommon.a(cmd_bdinfo.o)
 .bss           0xc3e3d0b4        0x0 libcommon.a(cmd_boot.o)
 .bss           0xc3e3d0b4       0x8c libcommon.a(cmd_bootm.o)
 .bss           0xc3e3d140        0x0 libcommon.a(cmd_console.o)
 .bss           0xc3e3d140        0x0 libcommon.a(cmd_echo.o)
 .bss           0xc3e3d140        0x0 libcommon.a(cmd_elf.o)
 .bss           0xc3e3d140        0x0 libcommon.a(cmd_ext2.o)
 .bss           0xc3e3d140      0x1d8 libcommon.a(cmd_fastboot.o)
                0xc3e3d310                dev_number_write
                0xc3e3d314                fuse_by_fastboot
 .bss           0xc3e3d318        0x0 libcommon.a(cmd_fat.o)
 .bss           0xc3e3d318        0x0 libcommon.a(cmd_help.o)
 .bss           0xc3e3d318        0x0 libcommon.a(cmd_itest.o)
 .bss           0xc3e3d318       0x60 libcommon.a(cmd_load.o)
                0xc3e3d328                os_data_init
                0xc3e3d338                os_data_char
                0xc3e3d33c                his_quote
                0xc3e3d340                his_pad_count
                0xc3e3d344                his_pad_char
                0xc3e3d345                his_eol
                0xc3e3d348                send_ptr
                0xc3e3d34c                send_parms
 .bss           0xc3e3d378        0x0 libcommon.a(cmd_max8997.o)
 .bss           0xc3e3d378        0x0 libcommon.a(cmd_mdmupgrade.o)
 .bss           0xc3e3d378       0x14 libcommon.a(cmd_mem.o)
                0xc3e3d37c                mm_last_addr
                0xc3e3d380                mm_last_size
                0xc3e3d384                dp_last_addr
                0xc3e3d388                dp_last_size
 .bss           0xc3e3d38c        0x0 libcommon.a(cmd_misc.o)
 .bss           0xc3e3d38c        0x0 libcommon.a(cmd_mmc.o)
 .bss           0xc3e3d38c        0x0 libcommon.a(cmd_mmc_fdisk.o)
 .bss           0xc3e3d38c      0x200 libcommon.a(cmd_movi.o)
                0xc3e3d38c                raw_area_control
 .bss           0xc3e3d58c        0x0 libcommon.a(cmd_nvedit.o)
 .bss           0xc3e3d58c        0x0 libcommon.a(cmd_source.o)
 .bss           0xc3e3d58c        0x0 libcommon.a(cmd_usbd.o)
 .bss           0xc3e3d58c        0x0 libcommon.a(cmd_version.o)
 .bss           0xc3e3d58c        0x0 libcommon.a(cmd_ximg.o)
 .bss           0xc3e3d58c        0x0 libcommon.a(command.o)
 .bss           0xc3e3d58c        0x8 libcommon.a(console.o)
 .bss           0xc3e3d594        0x0 libcommon.a(decompress_ext4.o)
 .bss           0xc3e3d594       0x44 libcommon.a(dlmalloc.o)
                0xc3e3d594                mem_malloc_brk
                0xc3e3d598                mem_malloc_start
                0xc3e3d59c                mem_malloc_end
 .bss           0xc3e3d5d8        0x4 libcommon.a(env_auto.o)
                0xc3e3d5d8                env_ptr
 .bss           0xc3e3d5dc        0x0 libcommon.a(env_common.o)
 .bss           0xc3e3d5dc        0x0 libcommon.a(exports.o)
 .bss           0xc3e3d5dc        0x0 libcommon.a(image.o)
 .bss           0xc3e3d5dc     0x1660 libcommon.a(main.o)
                0xc3e3d5e8                hist_num
                0xc3e3d5ec                hist_lines
                0xc3e3e9ec                hist_list
                0xc3e3ea3c                console_buffer
 .bss           0xc3e3ec3c        0x0 libcommon.a(s_record.o)
 .bss           0xc3e3ec3c       0x48 libcommon.a(stdio.o)
                0xc3e3ec78                stdio_devices
 .bss           0xc3e3ec84      0x43c libcommon.a(xyzModem.o)
 .bss           0xc3e3f0c0        0x8 libsmdkc210.a(smdkc210.o)
                0xc3e3f0c0                OmPin
                0xc3e3f0c4                boot_mode
 .bss           0xc3e3f0c8        0x0 libgeneric.a(crc16.o)
 .bss           0xc3e3f0c8        0x0 libgeneric.a(crc32.o)
 .bss           0xc3e3f0c8        0x0 libgeneric.a(display_options.o)
 .bss           0xc3e3f0c8        0x0 libgeneric.a(gunzip.o)
 .bss           0xc3e3f0c8        0x0 libgeneric.a(net_utils.o)
 .bss           0xc3e3f0c8        0x0 libgeneric.a(vsprintf.o)
 .bss           0xc3e3f0c8        0x0 libgeneric.a(zlib.o)
 .bss           0xc3e3f0c8        0x0 libgeneric.a(ctype.o)
 .bss           0xc3e3f0c8        0x0 libgeneric.a(div64.o)
 .bss           0xc3e3f0c8        0x0 libarm_cortexa9.a(cpu.o)
 .bss           0xc3e3f0c8        0x0 libs5pc210.a(serial.o)
 .bss           0xc3e3f0c8       0xb0 libs5pc210.a(usbd-otg-hs.o)
                0xc3e3f0c8                otg
                0xc3e3f14c                remode_wakeup
                0xc3e3f150                get_status
                0xc3e3f156                config_value
                0xc3e3f158                get_intf
                0xc3e3f15c                s3c_usbd_dn_addr
                0xc3e3f160                op_mode
                0xc3e3f164                s3c_usbd_dn_cnt
                0xc3e3f168                s3c_receive_done
                0xc3e3f16c                speed
                0xc3e3f170                s3c_got_header
                0xc3e3f174                DNW
 .bss           0xc3e3f178        0x4 libs5pc210.a(cpu_info.o)
                0xc3e3f178                s5pc210_cpu_id
 .bss           0xc3e3f17c      0x2f0 libs5pc210.a(fastboot.o)
                0xc3e3f17c                fboot_otg
                0xc3e3f200                fboot_remode_wakeup
                0xc3e3f204                fboot_get_status
                0xc3e3f20a                fboot_config_value
                0xc3e3f20c                fboot_get_intf
                0xc3e3f210                fboot_usbd_dn_addr
                0xc3e3f214                fboot_response_flag
                0xc3e3f218                reply_msg
                0xc3e3f21c                fboot_op_mode
                0xc3e3f220                fboot_usbd_dn_cnt
                0xc3e3f224                fboot_receive_done
                0xc3e3f228                fboot_speed
                0xc3e3f45c                transfer_size
                0xc3e3f460                fboot_got_header
                0xc3e3f464                tx_msg_buf
                0xc3e3f468                total_dn_size
 .bss           0xc3e3f46c        0x4 libs5pc210.a(pmic.o)
                0xc3e3f46c                Is_TC4_Dvt
 .bss           0xc3e3f470        0x8 libs5pc210.a(gpio.o)
                0xc3e3f474                g_IntCnt
 .bss           0xc3e3f478        0x0 libs5pc210.a(i2c.o)
 .bss           0xc3e3f478        0x0 libs5pc210.a(cmu.o)
 .bss           0xc3e3f478        0x0 libs5pc210.a(speed.o)
 .bss           0xc3e3f478        0x0 libs5pc210.a(max8997.o)
 .bss           0xc3e3f478        0x4 libs5pc210.a(setup_hsmmc.o)
                0xc3e3f478                sclk_mmc4
 .bss           0xc3e3f47c        0x0 libs5pc210.a(recovery.o)
 .bss           0xc3e3f47c        0x4 libarm.a(bootm.o)
 .bss           0xc3e3f480        0x0 libarm.a(cache.o)
 .bss           0xc3e3f480    0x30008 libfat.a(fat.o)
                0xc3e3f488                get_vfatname_block
                0xc3e4f488                do_fat_read_block
                0xc3e5f488                get_dentfromdir_block
 .bss           0xc3e6f488       0x1c libext2fs.a(ext2fs.o)
                0xc3e6f488                ext2fs_root
                0xc3e6f48c                ext2fs_file
                0xc3e6f490                indir1_block
                0xc3e6f494                indir1_size
                0xc3e6f498                indir2_block
                0xc3e6f49c                indir2_size
                0xc3e6f4a0                symlinknest
 .bss           0xc3e6f4a4       0x50 libext2fs.a(dev.o)
 .bss           0xc3e6f4f4        0x0 libdisk.a(part.o)
 .bss           0xc3e6f4f4        0x0 libdisk.a(part_dos.o)
 *fill*         0xc3e6f4f4        0x4 00
 .bss           0xc3e6f4f8      0x118 libmmc.a(s3c_hsmmc.o)
                0xc3e6f4f8                mmc_host
 .bss           0xc3e6f610   0x100688 libmmc.a(s5p_mshc.o)
                0xc3e6f610                emmc_bit_pre
                0xc3e6f614                emmc_mode_pre
                0xc3e6f618                emmc_clock_pre
                0xc3f6f61c                mmc_channel
                0xc3f6fb80                mshc_host
 .bss           0xc3f6fc98        0x0 /home/sw/pp_self/1/iTop4412_uboot/sw_build/eabi_compat.o
 .bss           0xc3f6fc98        0x0 /home/sw/bb/arm-2009q3/bin/../lib/gcc/arm-none-linux-gnueabi/4.4.1/libgcc.a(_udivsi3.o)
 .bss           0xc3f6fc98        0x0 /home/sw/bb/arm-2009q3/bin/../lib/gcc/arm-none-linux-gnueabi/4.4.1/libgcc.a(_divsi3.o)
 .bss           0xc3f6fc98        0x0 /home/sw/bb/arm-2009q3/bin/../lib/gcc/arm-none-linux-gnueabi/4.4.1/libgcc.a(_lshrdi3.o)
 .bss           0xc3f6fc98        0x0 /home/sw/bb/arm-2009q3/bin/../lib/gcc/arm-none-linux-gnueabi/4.4.1/libgcc.a(_arm_addsubdf3.o)
 .bss           0xc3f6fc98        0x0 /home/sw/bb/arm-2009q3/bin/../lib/gcc/arm-none-linux-gnueabi/4.4.1/libgcc.a(_arm_muldivdf3.o)
 .bss           0xc3f6fc98        0x0 /home/sw/bb/arm-2009q3/bin/../lib/gcc/arm-none-linux-gnueabi/4.4.1/libgcc.a(_arm_truncdfsf2.o)
 .bss           0xc3f6fc98        0x0 /home/sw/bb/arm-2009q3/bin/../lib/gcc/arm-none-linux-gnueabi/4.4.1/libgcc.a(_arm_addsubsf3.o)
 .bss           0xc3f6fc98        0x0 /home/sw/bb/arm-2009q3/bin/../lib/gcc/arm-none-linux-gnueabi/4.4.1/libgcc.a(_arm_muldivsf3.o)
 .bss           0xc3f6fc98        0x0 /home/sw/bb/arm-2009q3/bin/../lib/gcc/arm-none-linux-gnueabi/4.4.1/libgcc.a(_arm_cmpsf2.o)
 .bss           0xc3f6fc98        0x0 /home/sw/bb/arm-2009q3/bin/../lib/gcc/arm-none-linux-gnueabi/4.4.1/libgcc.a(_arm_fixunssfsi.o)
 .bss           0xc3f6fc98        0x0 /home/sw/bb/arm-2009q3/bin/../lib/gcc/arm-none-linux-gnueabi/4.4.1/libgcc.a(_dvmd_lnx.o)
                0xc3f6fc98                _end = .
Address of section .text set to 0xc3e00000
LOAD start.o
START GROUP
LOAD libgeneric.a
LOAD liblzma.a
LOAD liblzo.a
LOAD libarm_cortexa9.a
LOAD libs5pc210.a
LOAD libarm.a
LOAD libcramfs.a
LOAD libfat.a
LOAD libfdos.a
LOAD libjffs2.a
LOAD libreiserfs.a
LOAD libext2fs.a
LOAD libyaffs2.a
LOAD libubifs.a
LOAD libnet.a
LOAD libdisk.a
LOAD libatibiosemu.a
LOAD libblock.a
LOAD libdma.a
LOAD libfpga.a
LOAD libgpio.a
LOAD libhwmon.a
LOAD libi2c.a
LOAD libinput.a
LOAD libmisc.a
LOAD libmmc.a
LOAD libmtd.a
LOAD libnand.a
LOAD libonenand.a
LOAD libubi.a
LOAD libspi_flash.a
LOAD libnet.a
LOAD libphy.a
LOAD libpci.a
LOAD libpcmcia.a
LOAD libpower.a
LOAD libspi.a
LOAD librtc.a
LOAD libserial.a
LOAD libtws.a
LOAD libusb_gadget.a
LOAD libusb_host.a
LOAD libusb_musb.a
LOAD libusb_phy.a
LOAD libvideo.a
LOAD libwatchdog.a
LOAD libcommon.a
LOAD libfdt.a
LOAD libapi.a
LOAD libpost.a
LOAD libsmdkc210.a
END GROUP
LOAD /home/sw/pp_self/1/iTop4412_uboot/sw_build/eabi_compat.o
LOAD /home/sw/bb/arm-2009q3/bin/../lib/gcc/arm-none-linux-gnueabi/4.4.1/libgcc.a
OUTPUT(u-boot elf32-littlearm)

.ARM.attributes
                0x00000000       0x29
 .ARM.attributes
                0x00000000       0x1d start.o
 .ARM.attributes
                0x0000001d       0x1d cpu_init.o
 .ARM.attributes
                0x0000003a       0x1d lowlevel_init.o
 .ARM.attributes
                0x00000057       0x2d ace_sha1.o
 .ARM.attributes
                0x00000084       0x2d libgeneric.a(string.o)
 .ARM.attributes
                0x000000b1       0x2d libs5pc210.a(nand_cp.o)
 .ARM.attributes
                0x000000de       0x2d libs5pc210.a(interrupts.o)
 .ARM.attributes
                0x0000010b       0x2d libs5pc210.a(onenand_cp.o)
 .ARM.attributes
                0x00000138       0x2d libs5pc210.a(movi.o)
 .ARM.attributes
                0x00000165       0x2d libarm.a(board.o)
 .ARM.attributes
                0x00000192       0x2d libmmc.a(mmc.o)
 .ARM.attributes
                0x000001bf       0x2d libcommon.a(cmd_bdinfo.o)
 .ARM.attributes
                0x000001ec       0x2d libcommon.a(cmd_boot.o)
 .ARM.attributes
                0x00000219       0x2d libcommon.a(cmd_bootm.o)
 .ARM.attributes
                0x00000246       0x2d libcommon.a(cmd_console.o)
 .ARM.attributes
                0x00000273       0x2d libcommon.a(cmd_echo.o)
 .ARM.attributes
                0x000002a0       0x2d libcommon.a(cmd_elf.o)
 .ARM.attributes
                0x000002cd       0x2d libcommon.a(cmd_ext2.o)
 .ARM.attributes
                0x000002fa       0x2d libcommon.a(cmd_fastboot.o)
 .ARM.attributes
                0x00000327       0x2d libcommon.a(cmd_fat.o)
 .ARM.attributes
                0x00000354       0x2d libcommon.a(cmd_help.o)
 .ARM.attributes
                0x00000381       0x2d libcommon.a(cmd_itest.o)
 .ARM.attributes
                0x000003ae       0x2d libcommon.a(cmd_load.o)
 .ARM.attributes
                0x000003db       0x2d libcommon.a(cmd_max8997.o)
 .ARM.attributes
                0x00000408       0x2d libcommon.a(cmd_mdmupgrade.o)
 .ARM.attributes
                0x00000435       0x2d libcommon.a(cmd_mem.o)
 .ARM.attributes
                0x00000462       0x2d libcommon.a(cmd_misc.o)
 .ARM.attributes
                0x0000048f       0x2d libcommon.a(cmd_mmc.o)
 .ARM.attributes
                0x000004bc       0x2d libcommon.a(cmd_mmc_fdisk.o)
 .ARM.attributes
                0x000004e9       0x2d libcommon.a(cmd_movi.o)
 .ARM.attributes
                0x00000516       0x2d libcommon.a(cmd_nvedit.o)
 .ARM.attributes
                0x00000543       0x2d libcommon.a(cmd_source.o)
 .ARM.attributes
                0x00000570       0x2d libcommon.a(cmd_usbd.o)
 .ARM.attributes
                0x0000059d       0x2d libcommon.a(cmd_version.o)
 .ARM.attributes
                0x000005ca       0x2d libcommon.a(cmd_ximg.o)
 .ARM.attributes
                0x000005f7       0x2d libcommon.a(command.o)
 .ARM.attributes
                0x00000624       0x2d libcommon.a(console.o)
 .ARM.attributes
                0x00000651       0x2d libcommon.a(decompress_ext4.o)
 .ARM.attributes
                0x0000067e       0x2d libcommon.a(dlmalloc.o)
 .ARM.attributes
                0x000006ab       0x2d libcommon.a(env_auto.o)
 .ARM.attributes
                0x000006d8       0x2d libcommon.a(env_common.o)
 .ARM.attributes
                0x00000705       0x2d libcommon.a(exports.o)
 .ARM.attributes
                0x00000732       0x2d libcommon.a(image.o)
 .ARM.attributes
                0x0000075f       0x2d libcommon.a(main.o)
 .ARM.attributes
                0x0000078c       0x2d libcommon.a(s_record.o)
 .ARM.attributes
                0x000007b9       0x2d libcommon.a(stdio.o)
 .ARM.attributes
                0x000007e6       0x2d libcommon.a(xyzModem.o)
 .ARM.attributes
                0x00000813       0x2d libsmdkc210.a(smdkc210.o)
 .ARM.attributes
                0x00000840       0x2d libgeneric.a(crc16.o)
 .ARM.attributes
                0x0000086d       0x2d libgeneric.a(crc32.o)
 .ARM.attributes
                0x0000089a       0x2d libgeneric.a(display_options.o)
 .ARM.attributes
                0x000008c7       0x2d libgeneric.a(gunzip.o)
 .ARM.attributes
                0x000008f4       0x2d libgeneric.a(net_utils.o)
 .ARM.attributes
                0x00000921       0x2d libgeneric.a(vsprintf.o)
 .ARM.attributes
                0x0000094e       0x2d libgeneric.a(zlib.o)
 .ARM.attributes
                0x0000097b       0x2d libgeneric.a(ctype.o)
 .ARM.attributes
                0x000009a8       0x2d libgeneric.a(div64.o)
 .ARM.attributes
                0x000009d5       0x2d libarm_cortexa9.a(cpu.o)
 .ARM.attributes
                0x00000a02       0x2d libs5pc210.a(serial.o)
 .ARM.attributes
                0x00000a2f       0x2d libs5pc210.a(usbd-otg-hs.o)
 .ARM.attributes
                0x00000a5c       0x2d libs5pc210.a(cpu_info.o)
 .ARM.attributes
                0x00000a89       0x2d libs5pc210.a(fastboot.o)
 .ARM.attributes
                0x00000ab6       0x2d libs5pc210.a(pmic.o)
 .ARM.attributes
                0x00000ae3       0x2d libs5pc210.a(gpio.o)
 .ARM.attributes
                0x00000b10       0x2d libs5pc210.a(i2c.o)
 .ARM.attributes
                0x00000b3d       0x2d libs5pc210.a(cmu.o)
 .ARM.attributes
                0x00000b6a       0x2d libs5pc210.a(speed.o)
 .ARM.attributes
                0x00000b97       0x2d libs5pc210.a(max8997.o)
 .ARM.attributes
                0x00000bc4       0x2d libs5pc210.a(setup_hsmmc.o)
 .ARM.attributes
                0x00000bf1       0x2d libs5pc210.a(recovery.o)
 .ARM.attributes
                0x00000c1e       0x2d libarm.a(bootm.o)
 .ARM.attributes
                0x00000c4b       0x2d libarm.a(cache.o)
 .ARM.attributes
                0x00000c78       0x2d libfat.a(fat.o)
 .ARM.attributes
                0x00000ca5       0x2d libext2fs.a(ext2fs.o)
 .ARM.attributes
                0x00000cd2       0x2d libext2fs.a(dev.o)
 .ARM.attributes
                0x00000cff       0x2d libdisk.a(part.o)
 .ARM.attributes
                0x00000d2c       0x2d libdisk.a(part_dos.o)
 .ARM.attributes
                0x00000d59       0x2d libmmc.a(s3c_hsmmc.o)
 .ARM.attributes
                0x00000d86       0x2d libmmc.a(s5p_mshc.o)