Archive member included because of file (symbol)

libgeneric.a(string.o)        ace_sha1.o (memcpy)
libs5pc210.a(nand_cp.o)       start.o (copy_uboot_to_ram)
libs5pc210.a(interrupts.o)    start.o (do_irq)
libs5pc210.a(onenand_cp.o)    start.o (onenand_bl2_copy)
libs5pc210.a(movi.o)          start.o (movi_uboot_copy)
libarm.a(board.o)             start.o (start_armboot)
libmmc.a(mmc.o)               libs5pc210.a(movi.o) (movi_write)
libcommon.a(cmd_bdinfo.o)     (__u_boot_cmd_bdinfo)
libcommon.a(cmd_boot.o)       (__u_boot_cmd_go)
libcommon.a(cmd_bootm.o)      libarm.a(board.o) (load_addr)
libcommon.a(cmd_console.o)    (__u_boot_cmd_coninfo)
libcommon.a(cmd_echo.o)       (__u_boot_cmd_echo)
libcommon.a(cmd_elf.o)        libcommon.a(cmd_bootm.o) (do_bootvx)
libcommon.a(cmd_ext2.o)       (__u_boot_cmd_ext2ls)
libcommon.a(cmd_fastboot.o)   (__u_boot_cmd_fastboot)
libcommon.a(cmd_fat.o)        (__u_boot_cmd_fatload)
libcommon.a(cmd_help.o)       (__u_boot_cmd_help)
libcommon.a(cmd_itest.o)      (__u_boot_cmd_itest)
libcommon.a(cmd_load.o)       (__u_boot_cmd_loads)
libcommon.a(cmd_max8997.o)    (__u_boot_cmd_max8997)
libcommon.a(cmd_mdmupgrade.o)
                              (__u_boot_cmd_mdmup)
libcommon.a(cmd_mem.o)        (__u_boot_cmd_md)
libcommon.a(cmd_misc.o)       (__u_boot_cmd_sleep)
libcommon.a(cmd_mmc.o)        libcommon.a(cmd_fastboot.o) (do_mmcops)
libcommon.a(cmd_mmc_fdisk.o)  libcommon.a(cmd_fastboot.o) (get_mmc_part_info)
libcommon.a(cmd_movi.o)       libcommon.a(cmd_fastboot.o) (do_movi)
libcommon.a(cmd_nvedit.o)     libarm.a(board.o) (getenv_r)
libcommon.a(cmd_source.o)     (__u_boot_cmd_source)
libcommon.a(cmd_usbd.o)       (__u_boot_cmd_dnw)
libcommon.a(cmd_version.o)    (__u_boot_cmd_version)
libcommon.a(cmd_ximg.o)       (__u_boot_cmd_imxtract)
libcommon.a(command.o)        libcommon.a(cmd_itest.o) (cmd_get_data_size)
libcommon.a(console.o)        libs5pc210.a(interrupts.o) (printf)
libcommon.a(decompress_ext4.o)
                              libcommon.a(cmd_fastboot.o) (check_compress_ext4)
libcommon.a(dlmalloc.o)       libmmc.a(mmc.o) (free)
libcommon.a(env_auto.o)       libarm.a(board.o) (env_init)
libcommon.a(env_common.o)     libcommon.a(cmd_nvedit.o) (env_get_addr)
libcommon.a(exports.o)        libarm.a(board.o) (jumptable_init)
libcommon.a(image.o)          libcommon.a(cmd_ximg.o) (image_multi_count)
libcommon.a(main.o)           libmmc.a(mmc.o) (run_command)
libcommon.a(s_record.o)       libcommon.a(cmd_load.o) (srec_decode)
libcommon.a(stdio.o)          libcommon.a(cmd_console.o) (stdio_get_list)
libcommon.a(xyzModem.o)       libcommon.a(cmd_load.o) (xyzModem_error)
libsmdkc210.a(smdkc210.o)     libarm.a(board.o) (board_init)
libgeneric.a(crc16.o)         libcommon.a(xyzModem.o) (cyg_crc16)
libgeneric.a(crc32.o)         libcommon.a(cmd_mem.o) (crc32)
libgeneric.a(display_options.o)
                              libarm.a(board.o) (print_size)
libgeneric.a(gunzip.o)        libcommon.a(cmd_bootm.o) (gunzip)
libgeneric.a(net_utils.o)     libarm.a(board.o) (string_to_ip)
libgeneric.a(vsprintf.o)      libarm.a(board.o) (simple_strtoul)
libgeneric.a(zlib.o)          libgeneric.a(gunzip.o) (inflateInit2_)
libgeneric.a(ctype.o)         libgeneric.a(display_options.o) (_ctype)
libgeneric.a(div64.o)         libgeneric.a(vsprintf.o) (__div64_32)
libarm_cortexa9.a(cpu.o)      libcommon.a(cmd_elf.o) (dcache_enable)
libs5pc210.a(serial.o)        libcommon.a(cmd_load.o) (serial_setbrg)
libs5pc210.a(usbd-otg-hs.o)   libcommon.a(cmd_usbd.o) (s3c_usbc_activate)
libs5pc210.a(cpu_info.o)      libarm.a(board.o) (print_cpuinfo)
libs5pc210.a(fastboot.o)      libcommon.a(cmd_fastboot.o) (fastboot_shutdown)
libs5pc210.a(pmic.o)          libs5pc210.a(cpu_info.o) (PMIC_InitIp)
libs5pc210.a(gpio.o)          libs5pc210.a(pmic.o) (GPIO_Init)
libs5pc210.a(i2c.o)           libs5pc210.a(pmic.o) (I2C_RecvEx)
libs5pc210.a(cmu.o)           libs5pc210.a(i2c.o) (SYSC_GetClkFreq)
libs5pc210.a(speed.o)         libs5pc210.a(cpu_info.o) (get_ARM_CLK)
libs5pc210.a(max8997.o)       libcommon.a(cmd_max8997.o) (lowlevel_init_max8997)
libs5pc210.a(setup_hsmmc.o)   libarm_cortexa9.a(cpu.o) (setup_hsmmc_cfg_gpio)
libs5pc210.a(recovery.o)      libarm.a(board.o) (recovery_preboot)
libarm.a(bootm.o)             libcommon.a(cmd_bootm.o) (do_bootm_linux)
libarm.a(cache.o)             libcommon.a(cmd_elf.o) (flush_cache)
libfat.a(fat.o)               libcommon.a(cmd_fat.o) (file_fat_detectfs)
libext2fs.a(ext2fs.o)         libcommon.a(cmd_ext2.o) (ext2fs_format)
libext2fs.a(dev.o)            libext2fs.a(ext2fs.o) (ext2fs_devread)
libdisk.a(part.o)             libfat.a(fat.o) (dev_print)
libdisk.a(part_dos.o)         libdisk.a(part.o) (test_part_dos)
libmmc.a(s3c_hsmmc.o)         libarm_cortexa9.a(cpu.o) (smdk_s3c_hsmmc_init)
libmmc.a(s5p_mshc.o)          libs5pc210.a(setup_hsmmc.o) (mshci_fifo_deinit)
/home/sw/bb/arm-2009q3/bin/../lib/gcc/arm-none-linux-gnueabi/4.4.1/libgcc.a(_udivsi3.o)
[...]
Memory Configuration

Name             Origin             Length             Attributes
*default*        0x00000000         0xffffffff

Linker script and memory map

                0x00000000                . = 0x0
                0x00000000                . = ALIGN (0x4)

.text           0xc3e00000    0x27a58
 start.o(.text)
 .text          0xc3e00000      0x700 start.o
                0xc3e00010                _start
                0xc3e00050                _end_vect
                0xc3e00058                _armboot_start
                0xc3e0005c                _bss_start
                0xc3e00060                _bss_end
                0xc3e0022c                copy_from_nand
                0xc3e0026c                theLastJump
                0xc3e00560                arm_cache_flush
                0xc3e00580                v7_flush_dcache_all
                0xc3e00620                disable_l2cache
                0xc3e00640                enable_l2cache
                0xc3e00660                set_l2cache_auxctrl
                0xc3e00680                set_l2cache_auxctrl_cycle
 cpu_init.o(.text)
 .text          0xc3e00700      0x388 cpu_init.o
                0xc3e00720                mem_ctrl_asm_init_ddr3
 lowlevel_init.o(.text)
 .text          0xc3e00a88      0x804 lowlevel_init.o
                0xc3e00abc                iTop4412_uboot_lowlevel_init
                0xc3e00f68                uart_asm_init
                0xc3e0100c                nand_asm_init
 ace_sha1.o(.text)
 .text          0xc3e0128c       0xc4 ace_sha1.o
                0xc3e0128c                ace_hash_sha1_digest
 *(.text)
 .text          0xc3e01350      0x5f4 libgeneric.a(string.o)
                0xc3e01350                strcpy
                0xc3e0136c                strncpy
                0xc3e01394                strcat
                0xc3e013c4                strncat
                0xc3e01420                strcmp
                0xc3e01450                strncmp
                0xc3e01498                strchr
                0xc3e014c4                strlen
                0xc3e014e4                strrchr
                0xc3e0151c                strnlen
                0xc3e01544                strspn
                0xc3e01588                strpbrk
                0xc3e015c0                strtok
                0xc3e0163c                strsep
                0xc3e01670                strswab
                0xc3e016b8                memset
                0xc3e0172c                bcopy
                0xc3e01754                memcpy
                0xc3e017c0                memmove
                0xc3e0181c                memcmp
                0xc3e01854                memscan
                0xc3e01884                strstr
                0xc3e018e4                memchr
                0xc3e01910                strdup
 .text          0xc3e01944       0xdc libs5pc210.a(nand_cp.o)
                0xc3e01944                copy_uboot_to_ram
 .text          0xc3e01a20      0x44c libs5pc210.a(interrupts.o)
                0xc3e01a20                enable_interrupts
                0xc3e01a24                disable_interrupts
                0xc3e01a2c                interrupt_init
                0xc3e01a9c                set_timer
                0xc3e01aac                reset_timer_masked
                0xc3e01ad0                reset_timer
                0xc3e01ad4                get_timer_masked
                0xc3e01b1c                get_timer
                0xc3e01b30                udelay
                0xc3e01ba0                udelay_masked
                0xc3e01c10                get_ticks
                0xc3e01c24                get_tbclk
                0xc3e01c3c                show_regs
                0xc3e01d54                bad_mode
                0xc3e01d70                do_irq
                0xc3e01d94                do_fiq
                0xc3e01db8                do_not_used
                0xc3e01ddc                do_data_abort
                0xc3e01e00                do_prefetch_abort
                0xc3e01e24                do_software_interrupt
                0xc3e01e48                do_undefined_instruction
 .text          0xc3e01e6c      0x160 libs5pc210.a(onenand_cp.o)
                0xc3e01e6c                onenand_readw
                0xc3e01e74                onenand_writew
                0xc3e01e7c                onenand_loadpage
                0xc3e01efc                onenand_isbad
                0xc3e01f24                onenand_readpage
                0xc3e01f70                onenand_bl2_copy
 .text          0xc3e01fcc      0x120 libs5pc210.a(movi.o)
                0xc3e01fcc                movi_uboot_copy
                0xc3e01ff4                emmc_uboot_copy
                0xc3e02018                emmc441_uboot_copy
                0xc3e02044                movi_calc_checksum_bl1
                0xc3e0206c                movi_write_bl1
                0xc3e020bc                movi_write_env
                0xc3e020d4                movi_read_env
 .text          0xc3e020ec      0x2c4 libarm.a(board.o)
                0xc3e020ec                coloured_LED_init
                0xc3e020ec                __coloured_LED_init
                0xc3e020f0                red_LED_on
                0xc3e020f0                __red_LED_on
                0xc3e020f4                __red_LED_off
                0xc3e020f4                red_LED_off
                0xc3e020f8                green_LED_on
                0xc3e020f8                __green_LED_on
                0xc3e020fc                __green_LED_off
                0xc3e020fc                green_LED_off
                0xc3e02100                __yellow_LED_on
                0xc3e02100                yellow_LED_on
                0xc3e02104                __yellow_LED_off
                0xc3e02104                yellow_LED_off
                0xc3e02108                blue_LED_on
                0xc3e02108                __blue_LED_on
                0xc3e0210c                blue_LED_off
                0xc3e0210c                __blue_LED_off
                0xc3e02198                hang
                0xc3e0227c                start_armboot
 .text          0xc3e023b0     0x18c0 libmmc.a(mmc.o)
                0xc3e023d8                mmc_send_cmd
                0xc3e023e8                mmc_set_blocklen
                0xc3e02420                mmc_send_ext_csd
                0xc3e02470                mmc_set_relative_addr
                0xc3e024a8                mmc_switch
                0xc3e024ec                mmc_change_freq
                0xc3e02598                sd_switch
                0xc3e02604                mmc_set_ios
                0xc3e02614                mmc_set_clock
                0xc3e02634                mmc_set_bus_width
                0xc3e0263c                mmc_send_if_cond
                0xc3e026b8                board_mmc_init
                0xc3e026c0                emmc_boot_close
                0xc3e02710                emmc_boot_open
                0xc3e027a8                emmc_boot_partition_size_change
                0xc3e028c4                emmc_boot_erase
                0xc3e029f0                mmc_send_app_op_cond
                0xc3e02ae0                mmc_go_idle
                0xc3e02b34                mmc_send_op_cond
                0xc3e02bd4                mmc_erase
                0xc3e02f80                print_mmc_devices
                0xc3e02ff4                find_mmc_device
                0xc3e03040                mmc_get_dev
                0xc3e03100                movi_write
                0xc3e0321c                movi_read
                0xc3e03234                sd_change_freq
                0xc3e03404                mmc_startup
                0xc3e03a84                mmc_init
                0xc3e03ae8                mmc_initialize
                0xc3e03c00                mmc_register
 .text          0xc3e03c70       0xac libcommon.a(cmd_bdinfo.o)
                0xc3e03c84                do_bdinfo
 .text          0xc3e03d1c       0x90 libcommon.a(cmd_boot.o)
                0xc3e03d1c                do_go_exec
                0xc3e03d34                do_go
 .text          0xc3e03dac      0xd60 libcommon.a(cmd_bootm.o)
                0xc3e03dd0                arch_preboot_os
                0xc3e03dd0                __arch_preboot_os
                0xc3e03ec0                do_iminfo
                0xc3e03f2c                do_bootd
                0xc3e042e4                bootm_start
                0xc3e04638                do_bootm_subcommand
                0xc3e047fc                do_bootm
 .text          0xc3e04b0c       0xf0 libcommon.a(cmd_console.o)
                0xc3e04b0c                do_coninfo
 .text          0xc3e04bfc       0x84 libcommon.a(cmd_echo.o)
                0xc3e04bfc                do_echo
 .text          0xc3e04c80      0x408 libcommon.a(cmd_elf.o)
                0xc3e04c80                load_elf_image
                0xc3e04d18                valid_elf_image
                0xc3e04d6c                do_bootvx
                0xc3e04fac                do_bootelf_exec
                0xc3e04ff0                do_bootelf
 .text          0xc3e05088      0x598 libcommon.a(cmd_ext2.o)
                0xc3e05088                ext_format
                0xc3e0518c                do_ext3_format
                0xc3e0519c                do_ext2_format
                0xc3e051ac                do_ext2load
                0xc3e054ec                do_ext2ls
 .text          0xc3e05620     0x221c libcommon.a(cmd_fastboot.o)
                0xc3e05620                LCD_turnon
                0xc3e05624                LCD_setfgcolor
                0xc3e05628                LCD_setleftcolor
                0xc3e0562c                LCD_setprogress
                0xc3e0564c                fastboot_flash_get_ptn
                0xc3e05670                fastboot_flash_get_ptn_count
                0xc3e05680                fastboot_flash_find_ptn
                0xc3e056f4                fastboot_flash_dump_ptn
                0xc3e05840                fastboot_flash_add_ptn
                0xc3e05e90                sd_format_mmcs
                0xc3e06384                do_fastboot
                0xc3e074ac                do_sdfuse
 .text          0xc3e0783c      0x5e8 libcommon.a(cmd_fat.o)
                0xc3e0783c                do_fat_format
                0xc3e07924                do_fat_fsinfo
                0xc3e07a24                do_fat_ls
                0xc3e07b24                do_fat_fsload
 .text          0xc3e07e24       0x4c libcommon.a(cmd_help.o)
                0xc3e07e24                do_help
 .text          0xc3e07e70      0x2fc libcommon.a(cmd_itest.o)
                0xc3e07ef8                binary_test
                0xc3e080d8                do_itest
 .text          0xc3e0816c      0xc70 libcommon.a(cmd_load.o)
                0xc3e0816c                ktrans
                0xc3e0818c                chk1
                0xc3e081f4                k_data_init
                0xc3e08214                k_data_save
                0xc3e08234                k_data_restore
                0xc3e08250                k_data_char
                0xc3e082a0                send_pad
                0xc3e082d0                s1_sendpacket
                0xc3e082fc                handle_send_packet
                0xc3e084c0                send_nack
                0xc3e08520                send_ack
                0xc3e086a8                do_load_serial_bin
                0xc3e08cfc                do_load_serial
 .text          0xc3e08ddc       0x68 libcommon.a(cmd_max8997.o)
                0xc3e08ddc                do_max8997
 .text          0xc3e08e44       0xb0 libcommon.a(cmd_mdmupgrade.o)
                0xc3e08e44                do_mdmup
 .text          0xc3e08ef4      0x90c libcommon.a(cmd_mem.o)
                0xc3e08ef4                do_mem_crc
                0xc3e08fa4                do_mem_base
                0xc3e08fe8                do_mem_mtest
                0xc3e0918c                do_mem_loop
                0xc3e09284                do_mem_cp
                0xc3e09354                do_mem_cmp
                0xc3e094e4                do_mem_mw
                0xc3e096ec                do_mem_nm
                0xc3e0970c                do_mem_mm
                0xc3e0972c                do_mem_md
 .text          0xc3e09800       0x88 libcommon.a(cmd_misc.o)
                0xc3e09800                do_sleep
 .text          0xc3e09888      0xbfc libcommon.a(cmd_mmc.o)
                0xc3e09888                do_mmcinfo
                0xc3e099d8                do_mmcops_secure
                0xc3e09c98                do_mmcops
                0xc3e0a0d8                do_emmc
 .text          0xc3e0a484      0xc38 libcommon.a(cmd_mmc_fdisk.o)
                0xc3e0a484                calc_unit
                0xc3e0a4c4                encode_chs
                0xc3e0a4e4                get_SDInfo
                0xc3e0a5cc                make_partitionInfo
                0xc3e0a7c8                put_mmc_mbr
                0xc3e0a82c                get_mmc_mbr
                0xc3e0a88c                get_mmc_block_count
                0xc3e0a8d0                decode_partitionInfo
                0xc3e0a910                get_mmc_part_info
                0xc3e0a9ac                print_mmc_part_info
                0xc3e0ab50                encode_partitionInfo
                0xc3e0abc8                make_mmc_partition
                0xc3e0af90                create_mmc_fdisk
                0xc3e0b028                do_fdisk
 .text          0xc3e0b0bc      0x8a8 libcommon.a(cmd_movi.o)
                0xc3e0b0bc                do_movi
                0xc3e0b6f4                init_raw_area_table
 .text          0xc3e0b964      0x7f0 libcommon.a(cmd_nvedit.o)
                0xc3e0b964                get_env_id
                0xc3e0b974                envmatch
                0xc3e0b9d4                getenv_r
                0xc3e0ba74                do_saveenv
                0xc3e0baa0                getenv
                0xc3e0bb08                _do_setenv
                0xc3e0bf00                do_setenv
                0xc3e0bf2c                setenv
                0xc3e0bf78                do_editenv
                0xc3e0c0c8                do_printenv
 .text          0xc3e0c154      0x1e8 libcommon.a(cmd_source.o)
                0xc3e0c170                source
                0xc3e0c2f4                do_source
 .text          0xc3e0c33c      0x110 libcommon.a(cmd_usbd.o)
                0xc3e0c33c                do_usbd_dnw
 .text          0xc3e0c44c       0x20 libcommon.a(cmd_version.o)
                0xc3e0c44c                do_version
 .text          0xc3e0c46c      0x2dc libcommon.a(cmd_ximg.o)
                0xc3e0c46c                do_imgextract
 .text          0xc3e0c748      0x2ec libcommon.a(command.o)
                0xc3e0c748                cmd_get_data_size
                0xc3e0c798                cmd_usage
                0xc3e0c7f8                find_cmd_tbl
                0xc3e0c88c                find_cmd
                0xc3e0c8b4                _do_help
 .text          0xc3e0ca34      0x548 libcommon.a(console.o)
                0xc3e0cad4                fgetc
                0xc3e0cafc                ftstc
                0xc3e0cb24                fputc
                0xc3e0cb50                fputs
                0xc3e0cb7c                disable_ctrlc
                0xc3e0cb94                had_ctrlc
                0xc3e0cba4                clear_ctrlc
                0xc3e0cbb8                dbg
                0xc3e0cbc4                console_init_f
                0xc3e0cbd4                search_device
                0xc3e0cbfc                console_assign
                0xc3e0cc3c                fprintf
                0xc3e0cc84                puts
                0xc3e0cca0                vprintf
                0xc3e0cccc                printf
                0xc3e0cd0c                stdio_print_current_devices
                0xc3e0cdc4                console_init_r
                0xc3e0cea4                serial_printf
                0xc3e0cee4                putc
                0xc3e0cf00                tstc
                0xc3e0cf18                getc
                0xc3e0cf30                ctrlc
 .text          0xc3e0cf7c      0x1a8 libcommon.a(decompress_ext4.o)
                0xc3e0cf7c                check_compress_ext4
                0xc3e0d040                write_compressed_ext4
 .text          0xc3e0d124     0x10c4 libcommon.a(dlmalloc.o)
                0xc3e0d124                sbrk
                0xc3e0d15c                malloc_trim
                0xc3e0d22c                free
                0xc3e0d45c                cfree
                0xc3e0d460                malloc
                0xc3e0da74                memalign
                0xc3e0db84                pvalloc
                0xc3e0db9c                valloc
                0xc3e0dba8                malloc_usable_size
                0xc3e0dbec                mallopt
                0xc3e0dc64                calloc
                0xc3e0dd44                mem_malloc_init
                0xc3e0dd70                realloc
 .text          0xc3e0e1e8      0x1d0 libcommon.a(env_auto.o)
                0xc3e0e1e8                env_get_char_spec
                0xc3e0e1f4                env_init
                0xc3e0e210                saveenv_nand
                0xc3e0e218                saveenv_nand_adv
                0xc3e0e220                env_relocate_spec_onenand
                0xc3e0e2ac                env_relocate_spec_nand
                0xc3e0e2b0                env_relocate_spec_movinand
                0xc3e0e2e8                env_relocate_spec
                0xc3e0e320                saveenv_onenand
                0xc3e0e338                saveenv_movinand
                0xc3e0e370                saveenv
 .text          0xc3e0e3b8      0x13c libcommon.a(env_common.o)
                0xc3e0e3b8                env_get_char_memory
                0xc3e0e3dc                env_get_addr
                0xc3e0e400                env_get_char
                0xc3e0e430                env_crc_update
                0xc3e0e458                set_default_env
                0xc3e0e49c                env_relocate
 .text          0xc3e0e4f4      0x1e4 libcommon.a(exports.o)
                0xc3e0e4f8                get_version
                0xc3e0e500                jumptable_init
 .text          0xc3e0e6d8      0x7b4 libcommon.a(image.o)
                0xc3e0e710                image_multi_count
                0xc3e0e738                get_table_entry_name
                0xc3e0e764                genimg_get_os_name
                0xc3e0e77c                genimg_get_arch_name
                0xc3e0e794                genimg_get_type_name
                0xc3e0e7ac                genimg_get_comp_name
                0xc3e0e7c4                genimg_get_image
                0xc3e0e7c8                genimg_has_config
                0xc3e0e7d0                get_table_entry_id
                0xc3e0e81c                genimg_get_comp_id
                0xc3e0e834                genimg_get_type_id
                0xc3e0e84c                genimg_get_arch_id
                0xc3e0e864                genimg_get_os_id
                0xc3e0e8a0                genimg_get_format
                0xc3e0e8c4                image_multi_getimg
                0xc3e0e94c                genimg_print_size
                0xc3e0e978                image_print_contents
                0xc3e0eb0c                memmove_wd
                0xc3e0eb10                getenv_bootm_low
                0xc3e0eb44                getenv_yesno
                0xc3e0eb68                getenv_bootm_size
                0xc3e0eb9c                image_check_dcrc
                0xc3e0ebe4                image_check_hcrc
                0xc3e0ec38                boot_get_ramdisk
 .text          0xc3e0ee8c     0x10f4 libcommon.a(main.o)
                0xc3e0ee8c                __show_boot_progress
                0xc3e0ee8c                show_boot_progress
                0xc3e0ee90                parse_line
                0xc3e0ef1c                run_command
                0xc3e0f2ec                do_run
                0xc3e0f584                readline_into_buffer
                0xc3e0fe04                readline
                0xc3e0fe20                main_loop
 .text          0xc3e0ff80      0x2d8 libcommon.a(s_record.o)
                0xc3e0fff4                srec_decode
 .text          0xc3e10258      0x174 libcommon.a(stdio.o)
                0xc3e10258                stdio_get_list
                0xc3e10264                stdio_clone
                0xc3e102ac                stdio_get_by_name
                0xc3e10300                stdio_register
                0xc3e10340                stdio_init
 .text          0xc3e103cc      0x97c libcommon.a(xyzModem.o)
                0xc3e103cc                parse_num
                0xc3e10508                xyzModem_error
                0xc3e10528                xyzModem_stream_close
                0xc3e10578                CYGACC_COMM_IF_PUTC
                0xc3e10580                CYGACC_COMM_IF_GETC_TIMEOUT
                0xc3e10600                xyzModem_stream_terminate
                0xc3e10950                xyzModem_stream_read
                0xc3e10be4                xyzModem_stream_open
 .text          0xc3e10d48      0x41c libsmdkc210.a(smdkc210.o)
                0xc3e10d48                board_init
                0xc3e10d6c                virt_to_phy_smdkc210
                0xc3e10d7c                checkboard
                0xc3e10da8                dram_init
                0xc3e10fb8                chk_bootdev
                0xc3e1105c                check_bootmode
                0xc3e11100                board_late_init
 .text          0xc3e11164       0x44 libgeneric.a(crc16.o)
                0xc3e11164                cyg_crc16
 .text          0xc3e111a8      0x104 libgeneric.a(crc32.o)
                0xc3e111a8                crc32_no_comp
                0xc3e11294                crc32
                0xc3e112a8                crc32_wd
 .text          0xc3e112ac      0x23c libgeneric.a(display_options.o)
                0xc3e112ac                print_size
                0xc3e11370                display_options
                0xc3e11390                print_buffer
 .text          0xc3e114e8      0x1c4 libgeneric.a(gunzip.o)
                0xc3e114e8                zunzip
                0xc3e115e0                gunzip
                0xc3e11694                zfree
                0xc3e1169c                zalloc
 .text          0xc3e116ac       0x78 libgeneric.a(net_utils.o)
                0xc3e116ac                string_to_ip
 .text          0xc3e11724      0xc0c libgeneric.a(vsprintf.o)
                0xc3e11740                simple_strtoul
                0xc3e117fc                simple_strtol
                0xc3e11824                ustrtoul
                0xc3e11898                simple_strtoull
                0xc3e119b0                panic
                0xc3e11ea0                vsprintf
                0xc3e1230c                sprintf
 .text          0xc3e12330     0x2718 libgeneric.a(zlib.o)
                0xc3e12330                inflate_fast
                0xc3e1284c                inflate_table
                0xc3e12db4                inflateReset
                0xc3e12e50                inflateInit2_
                0xc3e12f4c                inflateInit_
                0xc3e12f5c                inflateEnd
                0xc3e12fe0                adler32
                0xc3e132dc                zcfree
                0xc3e132e4                zcalloc
                0xc3e132ec                inflate
 .text          0xc3e14a48        0x0 libgeneric.a(ctype.o)
 .text          0xc3e14a48       0xf4 libgeneric.a(div64.o)
                0xc3e14a48                __div64_32
 .text          0xc3e14b3c      0x304 libarm_cortexa9.a(cpu.o)
                0xc3e14b78                InitBaseHwForNfc
                0xc3e14c00                _console_write
                0xc3e14c54                _console_setup
                0xc3e14cb4                cpu_init
                0xc3e14cd4                icache_enable
                0xc3e14cf0                icache_disable
                0xc3e14d0c                icache_status
                0xc3e14d1c                dcache_enable
                0xc3e14d38                dcache_disable
                0xc3e14d54                dcache_status
                0xc3e14d64                branch_enable
                0xc3e14d80                branch_disable
                0xc3e14d9c                branch_status
                0xc3e14dac                cpu_mmc_init
                0xc3e14dc4                reset_cpu
                0xc3e14df8                do_reset
                0xc3e14e10                cleanup_before_linux
 .text          0xc3e14e40       0xa4 libs5pc210.a(serial.o)
                0xc3e14e40                serial_setbrg
                0xc3e14e44                serial_init
                0xc3e14e60                serial_tstc
                0xc3e14e74                serial_putc
                0xc3e14ea0                serial_puts
                0xc3e14ec8                serial_getc
 .text          0xc3e14ee4     0x1dc0 libs5pc210.a(usbd-otg-hs.o)
                0xc3e14ee4                s3c_usb_phy_off
                0xc3e14f10                s3c_usb_core_soft_reset
                0xc3e14f34                s3c_usb_init_core
                0xc3e14f50                s3c_usb_check_current_mode
                0xc3e14f68                s3c_usb_set_soft_disconnect
                0xc3e14f80                s3c_usb_clear_soft_disconnect
                0xc3e14f98                s3c_usb_init_device
                0xc3e14fc4                s3c_usbc_activate
                0xc3e14fcc                s3c_usb_stop
                0xc3e14fe0                s3c_usb_set_inep_xfersize
                0xc3e15014                s3c_usb_set_outep_xfersize
                0xc3e15048                s3c_usb_write_ep0_fifo
                0xc3e15098                s3c_usb_write_in_fifo
                0xc3e150e8                s3c_usb_read_out_fifo
                0xc3e15134                s3c_usb_get_desc
                0xc3e15240                s3c_usb_clear_feature
                0xc3e152b0                s3c_usb_set_feature
                0xc3e15408                s3c_usb_get_status
                0xc3e154a0                s3c_usb_ep0_int_hndlr
                0xc3e15610                s3c_usb_set_otherspeed_conf_desc
                0xc3e156fc                s3c_usb_transfer_ep0
                0xc3e15f84                s3c_usb_int_bulkin
                0xc3e1604c                s3c_usb_upload_start
                0xc3e161a4                s3c_usb_download_start
                0xc3e162c0                s3c_usb_dma_in_done
                0xc3e16358                s3c_usb_set_all_outep_nak
                0xc3e16380                s3c_usb_clear_all_outep_nak
                0xc3e163a8                s3c_usb_set_max_pktsize
                0xc3e163f4                s3c_usb_set_endpoint
                0xc3e16438                s3c_usb_set_descriptors
                0xc3e16588                s3c_usb_check_speed
                0xc3e165a0                s3c_usb_clear_dnfile_info
                0xc3e165bc                s3c_usb_clear_upfile_info
                0xc3e165d8                s3c_usb_check_setconf
                0xc3e165f0                s3c_usb_set_opmode
                0xc3e16660                s3c_usb_reset
                0xc3e166c0                s3c_usb_set_init
                0xc3e16720                s3c_usb_verify_checksum
                0xc3e167c0                s3c_usb_download_continue
                0xc3e1686c                s3c_usb_int_bulkout
                0xc3e16894                s3c_usb_pkt_receive
                0xc3e16900                s3c_usb_print_pkt
                0xc3e1694c                s3c_usb_dma_out_done
                0xc3e169f0                s3c_usb_transfer
                0xc3e16aec                s3c_udc_int_hndlr
                0xc3e16b8c                s3c_usb_wait_cable_insert
                0xc3e16bdc                s3c_usb_init_phy
                0xc3e16c1c                s3c_usbctl_init
 .text          0xc3e16ca4      0x18c libs5pc210.a(cpu_info.o)
                0xc3e16ca4                get_device_type
                0xc3e16cb4                arch_cpu_init
                0xc3e16e10                print_cpuinfo
 .text          0xc3e16e30     0x204c libs5pc210.a(fastboot.o)
                0xc3e16e30                fboot_usb_phy_off
                0xc3e16e5c                fboot_usb_core_soft_reset
                0xc3e16e80                fboot_usb_init_core
                0xc3e16e9c                fboot_usb_check_current_mode
                0xc3e16eb4                fboot_usb_set_soft_disconnect
                0xc3e16ecc                fboot_usb_clear_soft_disconnect
                0xc3e16ee4                fboot_usb_init_device
                0xc3e16f10                fboot_usbc_activate
                0xc3e16f18                fboot_usb_stop
                0xc3e16f2c                fboot_usb_set_inep_xfersize
                0xc3e16f60                fboot_usb_set_outep_xfersize
                0xc3e16f94                fboot_usb_write_ep0_fifo
                0xc3e16fe4                fboot_usb_write_in_fifo
                0xc3e17034                fboot_usb_read_out_fifo
                0xc3e17080                fboot_usb_get_desc
                0xc3e171a0                fboot_usb_clear_feature
                0xc3e17210                fboot_usb_set_feature
                0xc3e17368                fboot_usb_get_status
                0xc3e17400                fboot_usb_ep0_int_hndlr
                0xc3e17570                fboot_usb_set_otherspeed_conf_desc
                0xc3e1765c                fboot_usb_transfer_ep0
                0xc3e17efc                fboot_usb_upload_start
                0xc3e18054                fboot_usb_download_start
                0xc3e18170                fboot_usb_dma_in_done
                0xc3e18208                fboot_usb_set_all_outep_nak
                0xc3e18230                fboot_usb_clear_all_outep_nak
                0xc3e18258                fboot_usb_set_max_pktsize
                0xc3e182a4                fboot_usb_set_endpoint
                0xc3e182e8                fboot_usb_set_descriptors
                0xc3e1843c                fboot_usb_check_speed
                0xc3e18454                fboot_usb_clear_dnfile_info
                0xc3e18470                fboot_usb_clear_upfile_info
                0xc3e1848c                fboot_usb_check_setconf
                0xc3e184a4                fboot_usb_set_opmode
                0xc3e18514                fboot_usb_reset
                0xc3e18574                fastboot_shutdown
                0xc3e18578                fastboot_fifo_size
                0xc3e18594                fastboot_getvar
                0xc3e1859c                fboot_usb_int_bulkin
                0xc3e18628                fastboot_preboot
                0xc3e186bc                fboot_usb_set_init
                0xc3e1871c                fboot_usb_verify_checksum
                0xc3e187b0                fboot_usb_download_continue
                0xc3e1885c                fboot_usb_print_pkt
                0xc3e1889c                fboot_usb_dma_out_done
                0xc3e18940                fboot_usb_transfer
                0xc3e18a40                fboot_usb_wait_cable_insert
                0xc3e18a80                fboot_usb_init_phy
                0xc3e18ac0                fboot_usbctl_init
                0xc3e18b48                fastboot_init
                0xc3e18c24                fboot_usb_int_bulkout
                0xc3e18cb4                fboot_usb_pkt_receive
                0xc3e18d20                fboot_usb_int_hndlr
                0xc3e18ddc                fastboot_poll
                0xc3e18e30                fastboot_tx_status
 .text          0xc3e18e7c      0x468 libs5pc210.a(pmic.o)
                0xc3e18e7c                PMIC_GetVoltage_Buck
                0xc3e18ec4                PMIC_SetVoltage_Buck
                0xc3e18f08                I2C_S5M8767_VolSetting
                0xc3e18f74                pmic8767_init
                0xc3e18fcc                PMIC_InitIp
                0xc3e19254                GPIO_Reset_B
                0xc3e1929c                GPIO_Reset_A
 .text          0xc3e192e4     0x2be4 libs5pc210.a(gpio.o)
                0xc3e192e4                GPIO_Init
                0xc3e192f8                GPIO_SetFunctionEach
                0xc3e19328                GPIO_SetFunctionAll
                0xc3e19340                GPIO_SetDataEach
                0xc3e19370                GPIO_SetDataAll
                0xc3e1938c                GPIO_GetDataAll
                0xc3e193a8                GPIO_SetPullUpDownEach
                0xc3e193dc                GPIO_SetPullUpDownAll
                0xc3e193f8                ETC_SetPullUpDownEach
                0xc3e19428                ETC_SetPullUpDownAll
                0xc3e19440                GPIO_SetDSEach
                0xc3e19474                GPIO_SetDSAll
                0xc3e194a0                GPIO_SetConRegPDNAll
                0xc3e194bc                GPIO_SetPullUDPDNAll
                0xc3e194d8                GPIO_EINT1ClrPend
                0xc3e194fc                GPIO_EINT1UnMask
                0xc3e19524                GPIO_EINT1Mask
                0xc3e19554                GPIO_EINT2ClrPend
                0xc3e19578                GPIO_EINT2UnMask
                0xc3e195a0                GPIO_EINT2Mask
                0xc3e195d0                GPIO_EINT3ClrPend
                0xc3e195f4                GPIO_EINT3UnMask
                0xc3e1961c                GPIO_EINT3Mask
                0xc3e1964c                GPIO_EINT4ClrPend
                0xc3e19670                GPIO_EINT4UnMask
                0xc3e19698                GPIO_EINT4Mask
                0xc3e196c8                GPIO_EINT5ClrPend
                0xc3e196ec                GPIO_EINT5UnMask
                0xc3e19714                GPIO_EINT5Mask
                0xc3e19744                GPIO_EINT6ClrPend
                0xc3e19768                GPIO_EINT6UnMask
                0xc3e19790                GPIO_EINT6Mask
                0xc3e197c0                GPIO_EINT7ClrPend
                0xc3e197e4                GPIO_EINT7UnMask
                0xc3e1980c                GPIO_EINT7Mask
                0xc3e1983c                GPIO_EINT8ClrPend
                0xc3e19860                GPIO_EINT8UnMask
                0xc3e19888                GPIO_EINT8Mask
                0xc3e198b8                GPIO_EINT9ClrPend
                0xc3e198dc                GPIO_EINT9UnMask
                0xc3e19904                GPIO_EINT9Mask
                0xc3e19934                GPIO_EINT10ClrPend
                0xc3e19958                GPIO_EINT10UnMask
                0xc3e19980                GPIO_EINT10Mask
                0xc3e199b0                GPIO_EINT11ClrPend
                0xc3e199d4                GPIO_EINT11UnMask
                0xc3e199fc                GPIO_EINT11Mask
                0xc3e19a2c                GPIO_EINT12ClrPend
                0xc3e19a50                GPIO_EINT12UnMask
                0xc3e19a78                GPIO_EINT12Mask
                0xc3e19aa8                GPIO_EINT13ClrPend
                0xc3e19acc                GPIO_EINT13UnMask
                0xc3e19af4                GPIO_EINT13Mask
                0xc3e19b24                GPIO_EINT14ClrPend
                0xc3e19b48                GPIO_EINT14UnMask
                0xc3e19b70                GPIO_EINT14Mask
                0xc3e19ba0                GPIO_EINT15ClrPend
                0xc3e19bc4                GPIO_EINT15UnMask
                0xc3e19bec                GPIO_EINT15Mask
                0xc3e19c1c                GPIO_EINT16ClrPend
                0xc3e19c40                GPIO_EINT16UnMask
                0xc3e19c68                GPIO_EINT16Mask
                0xc3e19c98                GPIO_EINT21ClrPend
                0xc3e19cb4                GPIO_EINT21UnMask
                0xc3e19cd4                GPIO_EINT21Mask
                0xc3e19cfc                GPIO_EINT22ClrPend
                0xc3e19d18                GPIO_EINT22UnMask
                0xc3e19d38                GPIO_EINT22Mask
                0xc3e19d60                GPIO_EINT23ClrPend
                0xc3e19d7c                GPIO_EINT23UnMask
                0xc3e19d9c                GPIO_EINT23Mask
                0xc3e19dc4                GPIO_EINT24ClrPend
                0xc3e19de0                GPIO_EINT24UnMask
                0xc3e19e00                GPIO_EINT24Mask
                0xc3e19e28                GPIO_EINT25ClrPend
                0xc3e19e44                GPIO_EINT25UnMask
                0xc3e19e64                GPIO_EINT25Mask
                0xc3e19e8c                GPIO_EINT26ClrPend
                0xc3e19ea8                GPIO_EINT26UnMask
                0xc3e19ec8                GPIO_EINT26Mask
                0xc3e19ef0                GPIO_EINT27ClrPend
                0xc3e19f0c                GPIO_EINT27UnMask
                0xc3e19f2c                GPIO_EINT27Mask
                0xc3e19f54                GPIO_EINT28ClrPend
                0xc3e19f70                GPIO_EINT28UnMask
                0xc3e19f90                GPIO_EINT28Mask
                0xc3e19fb8                GPIO_EINT29ClrPend
                0xc3e19fd4                GPIO_EINT29UnMask
                0xc3e19ff4                GPIO_EINT29Mask
                0xc3e1a01c                GPIO_EINT40ClrPend
                0xc3e1a038                GPIO_EINT40UnMask
                0xc3e1a058                GPIO_EINT40Mask
                0xc3e1a080                GPIO_EINT41ClrPend
                0xc3e1a09c                GPIO_EINT41UnMask
                0xc3e1a0bc                GPIO_EINT41Mask
                0xc3e1a0e4                GPIO_EINT42ClrPend
                0xc3e1a100                GPIO_EINT42UnMask
                0xc3e1a120                GPIO_EINT42Mask
                0xc3e1a148                GPIO_EINT43ClrPend
                0xc3e1a164                GPIO_EINT43UnMask
                0xc3e1a184                GPIO_EINT43Mask
                0xc3e1a1ac                EINT_GRPPRI_XA
                0xc3e1a1d4                EINT_GRPPRI_XB
                0xc3e1a1f4                EINT_PRIORITY_XA
                0xc3e1a228                EINT_PRIORITY_XB
                0xc3e1a254                Get_EINTSVC_XA
                0xc3e1a270                Get_EINTSVC_XB
                0xc3e1a284                Get_EINTSVCPEND_XA
                0xc3e1a2a0                Get_EINTSVCPEND_XB
                0xc3e1a2b4                EINT_GRPFIXPRI_XA
                0xc3e1a2dc                EINT_GRPFIXPRI_XB
                0xc3e1a2fc                EINT_FIXPRI_XB
                0xc3e1a340                EINT_FIXPRI_XA
                0xc3e1a3b4                GPIO_SetEint1
                0xc3e1a4b0                GPIO_SetEint2
                0xc3e1a5b8                GPIO_SetEint3
                0xc3e1a6c0                GPIO_SetEint4
                0xc3e1a7a8                GPIO_SetEint5
                0xc3e1a890                GPIO_SetEint6
                0xc3e1a94c                GPIO_SetEint7
                0xc3e1aa08                GPIO_SetEint8
                0xc3e1aaf0                GPIO_SetEint9
                0xc3e1abf8                GPIO_SetEint10
                0xc3e1ad00                GPIO_SetEint11
                0xc3e1ae08                GPIO_SetEint12
                0xc3e1af10                GPIO_SetEint13
                0xc3e1b018                GPIO_SetEint14
                0xc3e1b120                GPIO_SetEint15
                0xc3e1b228                GPIO_SetEint16
                0xc3e1b330                GPIO_SetEint21
                0xc3e1b41c                GPIO_SetEint22
                0xc3e1b4e8                GPIO_SetEint23
                0xc3e1b5d4                GPIO_SetEint24
                0xc3e1b6c0                GPIO_SetEint25
                0xc3e1b7ac                GPIO_SetEint26
                0xc3e1b898                GPIO_SetEint27
                0xc3e1b984                GPIO_SetEint28
                0xc3e1ba2c                GPIO_SetEint29
                0xc3e1bb18                GPIO_SetEint40
                0xc3e1bc04                GPIO_SetEint41
                0xc3e1bcf0                GPIO_SetEint42
                0xc3e1bddc                GPIO_SetEint43
 .text          0xc3e1bec8     0x1364 libs5pc210.a(i2c.o)
                0xc3e1bec8                I2C_GetLastError
                0xc3e1bee0                I2C_SetClock
                0xc3e1bf4c                I2C_SetAckGeneration
                0xc3e1bf88                I2C_SetSlaveAddress
                0xc3e1bfbc                I2C_SetFilter
                0xc3e1bff8                I2C_SetOutputDelay
                0xc3e1c030                I2C_EnableInt
                0xc3e1c054                I2C_DisableInt
                0xc3e1c078                I2C_GetIntStatus
                0xc3e1c098                I2C_WaitForXferNoAck
                0xc3e1c0d8                I2C_ClearIntStatus
                0xc3e1c0fc                I2C_SetMode
                0xc3e1c1f8                I2C_GenerateSignal
                0xc3e1c234                I2C_GetBusStatus
                0xc3e1c254                I2C_IsBusReady
                0xc3e1c278                I2C_WaitForBusReady
                0xc3e1c2b8                I2C_IsBusBusy
                0xc3e1c2d8                I2C_IsMatchAddress
                0xc3e1c2f8                I2C_WaitForMatchAddress
                0xc3e1c348                I2C_IsXferAck
                0xc3e1c36c                I2C_WaitForXferAck
                0xc3e1c3bc                I2C_WriteAddress
                0xc3e1c3dc                I2C_WriteData
                0xc3e1c3f8                I2C_ReadData
                0xc3e1c414                I2C_SetGPIO
                0xc3e1c84c                I2C_InitSlave
                0xc3e1c8a4                I2C_InitMaster
                0xc3e1c8ec                I2C_CalculatePrescaler
                0xc3e1c9bc                I2C_PrintErrorCase
                0xc3e1ccc8                I2C_RecvEx
                0xc3e1cccc                I2C_Recv
                0xc3e1d028                I2C_SendEx
                0xc3e1d02c                I2C_Send
                0xc3e1d184                I2C_InitIp
 .text          0xc3e1d22c     0x1f14 libs5pc210.a(cmu.o)
                0xc3e1d22c                SYSC_SetCpuDiv
                0xc3e1d2ac                SYSC_SetCoreDiv
                0xc3e1d348                SYSC_SetTopBusDiv
                0xc3e1d3e0                SYSC_SetDivDefaultVal
                0xc3e1d468                SYSC_SetLocktimeVal
                0xc3e1d4e8                SYSC_CheckPllLock
                0xc3e1d53c                SYSC_EnablePll
                0xc3e1d5a0                SYSC_DisablePll
                0xc3e1d5f8                SYSC_SetDitherParam
                0xc3e1d860                SYSC_CalcPllFout
                0xc3e1d99c                SYSC_GetMuxSrc
                0xc3e1d9c4                SYSC_SetMuxSrc
                0xc3e1da7c                SYSC_SetClkDiv
                0xc3e1dad0                SYSC_GetClkDiv
                0xc3e1dafc                SYSC_SetClkGateIp
                0xc3e1db30                SYSC_GetClkGateIp
                0xc3e1db5c                SYSC_SetClkGateBlock
                0xc3e1db90                SYSC_GetClkGateBlock
                0xc3e1dc14                SYSC_SetClkOut
                0xc3e1dd24                SYSC_SetPllByPms
                0xc3e1dfac                SYSC_SetPllByFout
                0xc3e1e458                SYSC_GetVcoPll
                0xc3e1e5b0                SYSC_GetFoutPll
                0xc3e1e720                SYSC_ChangePllnDiv
                0xc3e1e8e4                SYSC_InitSysClk
                0xc3e1ef9c                SYSC_GetClkFreq
 .text          0xc3e1f140       0x98 libs5pc210.a(speed.o)
                0xc3e1f194                get_ARM_CLK
                0xc3e1f1c8                get_MPLL_CLK
                0xc3e1f1d0                get_APLL_CLK
 .text          0xc3e1f1d8      0x458 libs5pc210.a(max8997.o)
                0xc3e1f4f4                pmic_write
                0xc3e1f4f8                max8997_init
                0xc3e1f5c0                lowlevel_init_max8997
                0xc3e1f62c                pmic_read
 .text          0xc3e1f630      0x260 libs5pc210.a(setup_hsmmc.o)
                0xc3e1f630                setup_sdhci0_cfg_card
                0xc3e1f634                setup_hsmmc_cfg_gpio
                0xc3e1f6cc                setup_hsmmc_clock
                0xc3e1f7b8                set_hsmmc_pre_ratio
                0xc3e1f840                clear_hsmmc_clock_div
 .text          0xc3e1f890      0x174 libs5pc210.a(recovery.o)
                0xc3e1f890                factory_reset
                0xc3e1f954                recovery_preboot
 .text          0xc3e1fa04      0x238 libarm.a(bootm.o)
                0xc3e1fa04                do_bootm_linux
 .text          0xc3e1fc3c        0x4 libarm.a(cache.o)
                0xc3e1fc3c                flush_cache
 .text          0xc3e1fc40     0x19d0 libfat.a(fat.o)
                0xc3e1fdf8                disk_read
                0xc3e2014c                file_fat_detectfs
                0xc3e20584                do_fat_read
                0xc3e20e78                file_fat_read
                0xc3e20eb0                file_fat_ls
                0xc3e20ec0                fat_register_device
                0xc3e20fd0                fat_format_device
 .text          0xc3e21610     0x3370 libext2fs.a(ext2fs.o)
                0xc3e21610                get_random_val
                0xc3e21628                default_journal_size
                0xc3e21668                ext2fs_format
                0xc3e23ba4                ext2fs_free_node
                0xc3e23bc4                ext2fs_close
                0xc3e23d44                ext2fs_mount
                0xc3e23df8                ext2fs_read_file
                0xc3e242cc                ext2fs_read
                0xc3e24574                ext2fs_find_file1
                0xc3e247fc                ext2fs_find_file
                0xc3e24878                ext2fs_open
                0xc3e2490c                ext2fs_ls
 .text          0xc3e24980      0x224 libext2fs.a(dev.o)
                0xc3e24980                ext2fs_devread
                0xc3e24b58                ext2fs_set_blk_dev
 .text          0xc3e24ba4      0x37c libdisk.a(part.o)
                0xc3e24ba4                dev_print
                0xc3e24da0                get_partition_info
                0xc3e24dc4                init_part
                0xc3e24de0                get_dev
                0xc3e24e44                print_part
 .text          0xc3e24f20      0x508 libdisk.a(part_dos.o)
                0xc3e24f64                test_part_dos
                0xc3e25210                get_partition_info_dos
                0xc3e253fc                print_part_dos
 .text          0xc3e25428      0x528 libmmc.a(s3c_hsmmc.o)
                0xc3e257f8                smdk_s3c_hsmmc_init
 .text          0xc3e25950      0xd14 libmmc.a(s5p_mshc.o)
                0xc3e25b10                mshci_fifo_deinit
                0xc3e26570                emmc_mode_change
                0xc3e265c0                smdk_s5p_mshc_init
 .text          0xc3e26664       0x1c /home/sw/pp_self/1/iTop4412_uboot/sw_build/eabi_compat.o
                0xc3e26664                raise
 .text          0xc3e26680      0x20c /home/sw/bb/arm-2009q3/bin/../lib/gcc/arm-none-linux-gnueabi/4.4.1/libgcc.a(_udivsi3.o)
                0xc3e26680                __udivsi3
                0xc3e26680                __aeabi_uidiv
                0xc3e2686c                __aeabi_uidivmod
 .text          0xc3e2688c      0x240 /home/sw/bb/arm-2009q3/bin/../lib/gcc/arm-none-linux-gnueabi/4.4.1/libgcc.a(_divsi3.o)
                0xc3e2688c                __aeabi_idiv
                0xc3e2688c                __divsi3
                0xc3e26aac                __aeabi_idivmod
 .text          0xc3e26acc       0x1c /home/sw/bb/arm-2009q3/bin/../lib/gcc/arm-none-linux-gnueabi/4.4.1/libgcc.a(_lshrdi3.o)
                0xc3e26acc                __aeabi_llsr
                0xc3e26acc                __lshrdi3
 .text          0xc3e26ae8      0x3b8 /home/sw/bb/arm-2009q3/bin/../lib/gcc/arm-none-linux-gnueabi/4.4.1/libgcc.a(_arm_addsubdf3.o)
                0xc3e26ae8                __aeabi_drsub
                0xc3e26af0                __aeabi_dsub
                0xc3e26af0                __subdf3
                0xc3e26af4                __adddf3
                0xc3e26af4                __aeabi_dadd
                0xc3e26da0                __aeabi_ui2d
                0xc3e26da0                __floatunsidf
                0xc3e26dc4                __floatsidf
                0xc3e26dc4                __aeabi_i2d
                0xc3e26dec                __extendsfdf2
                0xc3e26dec                __aeabi_f2d
                0xc3e26e2c                __aeabi_ul2d
                0xc3e26e2c                __floatundidf
                0xc3e26e40                __floatdidf
                0xc3e26e40                __aeabi_l2d
 .text          0xc3e26ea0      0x470 /home/sw/bb/arm-2009q3/bin/../lib/gcc/arm-none-linux-gnueabi/4.4.1/libgcc.a(_arm_muldivdf3.o)
                0xc3e26ea0                __aeabi_dmul
                0xc3e26ea0                __muldf3
                0xc3e2710c                __aeabi_ddiv
                0xc3e2710c                __divdf3
 .text          0xc3e27310       0xa0 /home/sw/bb/arm-2009q3/bin/../lib/gcc/arm-none-linux-gnueabi/4.4.1/libgcc.a(_arm_truncdfsf2.o)
                0xc3e27310                __aeabi_d2f
                0xc3e27310                __truncdfsf2
 .text          0xc3e273b0      0x250 /home/sw/bb/arm-2009q3/bin/../lib/gcc/arm-none-linux-gnueabi/4.4.1/libgcc.a(_arm_addsubsf3.o)
                0xc3e273b0                __aeabi_frsub
                0xc3e273b8                __subsf3
                0xc3e273b8                __aeabi_fsub
                0xc3e273bc                __aeabi_fadd
                0xc3e273bc                __addsf3
                0xc3e2754c                __aeabi_ui2f
                0xc3e2754c                __floatunsisf
                0xc3e27554                __aeabi_i2f
                0xc3e27554                __floatsisf
                0xc3e27574                __floatundisf
                0xc3e27574                __aeabi_ul2f
                0xc3e27584                __floatdisf
                0xc3e27584                __aeabi_l2f
 .text          0xc3e27600      0x2f8 /home/sw/bb/arm-2009q3/bin/../lib/gcc/arm-none-linux-gnueabi/4.4.1/libgcc.a(_arm_muldivsf3.o)
                0xc3e27600                __mulsf3
                0xc3e27600                __aeabi_fmul
                0xc3e27798                __divsf3
                0xc3e27798                __aeabi_fdiv
 .text          0xc3e278f8       0xfc /home/sw/bb/arm-2009q3/bin/../lib/gcc/arm-none-linux-gnueabi/4.4.1/libgcc.a(_arm_cmpsf2.o)
                0xc3e278f8                __gtsf2
                0xc3e278f8                __gesf2
                0xc3e27900                __lesf2
                0xc3e27900                __ltsf2
                0xc3e27908                __nesf2
                0xc3e27908                __eqsf2
                0xc3e27908                __cmpsf2
                0xc3e2796c                __aeabi_cfrcmple
                0xc3e2797c                __aeabi_cfcmple
                0xc3e2797c                __aeabi_cfcmpeq
                0xc3e27990                __aeabi_fcmpeq
                0xc3e279a4                __aeabi_fcmplt
                0xc3e279b8                __aeabi_fcmple
                0xc3e279cc                __aeabi_fcmpge
                0xc3e279e0                __aeabi_fcmpgt
 .text          0xc3e279f4       0x54 /home/sw/bb/arm-2009q3/bin/../lib/gcc/arm-none-linux-gnueabi/4.4.1/libgcc.a(_arm_fixunssfsi.o)
                0xc3e279f4                __aeabi_f2uiz
                0xc3e279f4                __fixunssfsi
 .text          0xc3e27a48       0x10 /home/sw/bb/arm-2009q3/bin/../lib/gcc/arm-none-linux-gnueabi/4.4.1/libgcc.a(_dvmd_lnx.o)
                0xc3e27a48                __aeabi_ldiv0
                0xc3e27a48                __aeabi_idiv0

.glue_7         0xc3e27a58        0x0
 .glue_7        0x00000000        0x0 linker stubs

.glue_7t        0xc3e27a58        0x0
 .glue_7t       0x00000000        0x0 linker stubs

.vfp11_veneer   0xc3e27a58        0x0
 .vfp11_veneer  0x00000000        0x0 linker stubs

.v4_bx          0xc3e27a58        0x0
 .v4_bx         0x00000000        0x0 linker stubs
                0xc3e27a58                . = ALIGN (0x4)

.rodata         0xc3e27a58     0xcb22
 *(SORT(.rodata*))
 .rodata        0xc3e27a58       0x14 ace_sha1.o
                0xc3e27a58                sha1_digest_emptymsg
 .rodata        0xc3e27a6c       0x80 libs5pc210.a(interrupts.o)
 .rodata        0xc3e27aec       0x44 libarm.a(board.o)
                0xc3e27aec                version_string
 .rodata        0xc3e27b30       0x4c libcommon.a(cmd_bootm.o)
 .rodata        0xc3e27b7c       0x58 libcommon.a(command.o)
 .rodata        0xc3e27bd4       0x20 libcommon.a(xyzModem.o)
 .rodata        0xc3e27bf4      0x200 libgeneric.a(crc16.o)
 .rodata        0xc3e27df4      0x400 libgeneric.a(crc32.o)
 .rodata        0xc3e281f4       0x24 libgeneric.a(vsprintf.o)
                0xc3e28204                hex_asc
 .rodata        0xc3e28218      0x9d0 libgeneric.a(zlib.o)
                0xc3e28bc0                z_errmsg
 .rodata        0xc3e28be8       0xac libs5pc210.a(usbd-otg-hs.o)
                0xc3e28be8                config_full
                0xc3e28bf4                config_full_total
                0xc3e28c14                config_high
                0xc3e28c20                config_high_total
                0xc3e28c40                qualifier_desc
                0xc3e28c4c                string_desc0
                0xc3e28c50                string_desc1
                0xc3e28c68                string_desc2
 .rodata        0xc3e28c94       0xb4 libs5pc210.a(fastboot.o)
                0xc3e28c94                fboot_config_full
                0xc3e28ca0                fboot_config_full_total
                0xc3e28cc0                fboot_config_high
                0xc3e28ccc                fboot_config_high_total
                0xc3e28cec                fboot_qualifier_desc
                0xc3e28cf8                fboot_string_desc0
                0xc3e28cfc                fboot_string_desc1
                0xc3e28d14                fboot_string_desc2
                0xc3e28d2c                string_desc3
 .rodata        0xc3e28d48       0x18 libs5pc210.a(pmic.o)
                0xc3e28d48                gVoltage_Type
 .rodata        0xc3e28d60     0x4c08 libs5pc210.a(cmu.o)
 .rodata        0xc3e2d968       0x10 libdisk.a(part.o)
 .rodata        0xc3e2d978        0x2 libs5pc210.a(cpu_info.o)
 .rodata.str1.1
                0xc3e2d97a      0x21f libs5pc210.a(interrupts.o)
                                0x236 (size before relaxing)
 .rodata.str1.1
                0xc3e2db99       0x5f libarm.a(board.o)
                                 0x61 (size before relaxing)
 .rodata.str1.1
                0xc3e2dbf8      0x396 libmmc.a(mmc.o)
                                0x39e (size before relaxing)
 .rodata.str1.1
                0xc3e2df8e       0x81 libcommon.a(cmd_bdinfo.o)
                                 0x82 (size before relaxing)
 .rodata.str1.1
                0xc3e2e00f       0xef libcommon.a(cmd_boot.o)
                                 0xf0 (size before relaxing)
 .rodata.str1.1
                0xc3e2e0fe      0x7f4 libcommon.a(cmd_bootm.o)
                                0x848 (size before relaxing)
 .rodata.str1.1
                0xc3e2e8f2       0x5c libcommon.a(cmd_console.o)
                                 0x61 (size before relaxing)
 .rodata.str1.1
                0xc3e2e94e       0x50 libcommon.a(cmd_echo.o)
                                 0x55 (size before relaxing)
 .rodata.str1.1
                0xc3e2e99e      0x24c libcommon.a(cmd_elf.o)
                                0x25c (size before relaxing)
 .rodata.str1.1
                0xc3e2ebea      0x4d6 libcommon.a(cmd_ext2.o)
                                0x56e (size before relaxing)
 .rodata.str1.1
                0xc3e2f0c0      0xdef libcommon.a(cmd_fastboot.o)
                                0xe8f (size before relaxing)
 .rodata.str1.1
                0xc3e2feaf      0x543 libcommon.a(cmd_fat.o)
                                0x656 (size before relaxing)
 .rodata.str1.1
                0xc3e303f2       0x9a libcommon.a(cmd_help.o)
                                 0x9b (size before relaxing)
 .rodata.str1.1
                0xc3e3048c       0xb3 libcommon.a(cmd_itest.o)
                                 0xb5 (size before relaxing)
 .rodata.str1.1
                0xc3e3053f      0x336 libcommon.a(cmd_load.o)
                                0x353 (size before relaxing)
 .rodata.str1.1
                0xc3e30875       0x5c libcommon.a(cmd_max8997.o)
 .rodata.str1.1
                0xc3e308d1       0x3f libcommon.a(cmd_mdmupgrade.o)
 .rodata.str1.1
                0xc3e30910      0x480 libcommon.a(cmd_mem.o)
                                0x491 (size before relaxing)
 .rodata.str1.1
                0xc3e30d90       0x5f libcommon.a(cmd_misc.o)
 .rodata.str1.1
                0xc3e30def      0x6fb libcommon.a(cmd_mmc.o)
                                0x738 (size before relaxing)
 .rodata.str1.1
                0xc3e314ea      0x28d libcommon.a(cmd_mmc_fdisk.o)
                                0x291 (size before relaxing)
 .rodata.str1.1
                0xc3e31777      0x375 libcommon.a(cmd_movi.o)
                                0x3ed (size before relaxing)
 .rodata.str1.1
                0xc3e31aec      0x33c libcommon.a(cmd_nvedit.o)
                                0x392 (size before relaxing)
 .rodata.str1.1
                0xc3e31e28      0x101 libcommon.a(cmd_source.o)
                                0x108 (size before relaxing)
 .rodata.str1.1
                0xc3e31f29       0x93 libcommon.a(cmd_usbd.o)
                                 0x9e (size before relaxing)
 .rodata.str1.1
                0xc3e31fbc       0x16 libcommon.a(cmd_version.o)
                                 0x24 (size before relaxing)
 .rodata.str1.1
                0xc3e31fd2      0x187 libcommon.a(cmd_ximg.o)
                                0x22f (size before relaxing)
 .rodata.str1.1
                0xc3e32159       0x95 libcommon.a(command.o)
 .rodata.str1.1
                0xc3e321ee       0x70 libcommon.a(console.o)
                                 0x74 (size before relaxing)
 .rodata.str1.1
                0xc3e3225e      0x128 libcommon.a(decompress_ext4.o)
                                0x12c (size before relaxing)
 .rodata.str1.1
                0xc3e32386       0xb7 libcommon.a(env_auto.o)
 .rodata.str1.1
                0xc3e3243d       0x33 libcommon.a(env_common.o)
 .rodata.str1.1
                0xc3e32470      0x44d libcommon.a(image.o)
                                0x4f0 (size before relaxing)
 .rodata.str1.1
                0xc3e328bd       0xc8 libcommon.a(main.o)
                                 0xf0 (size before relaxing)
 .rodata.str1.1
                0xc3e32985        0x7 libcommon.a(stdio.o)
                                 0x1b (size before relaxing)
 .rodata.str1.1
                0xc3e3298c       0xe3 libcommon.a(xyzModem.o)
                                 0xe5 (size before relaxing)
 .rodata.str1.1
                0xc3e32a6f      0x15a libsmdkc210.a(smdkc210.o)
                                0x193 (size before relaxing)
 .rodata.str1.1
                0xc3e32bc9       0x11 libgeneric.a(display_options.o)
                                 0x36 (size before relaxing)
 .rodata.str1.1
                0xc3e32bda       0x85 libgeneric.a(gunzip.o)
 .rodata.str1.1
                0xc3e32c5f        0xe libgeneric.a(vsprintf.o)
 .rodata.str1.1
                0xc3e32c6d      0x21c libgeneric.a(zlib.o)
                                0x21d (size before relaxing)
 .rodata.str1.1
                0xc3e32e89       0x12 libarm_cortexa9.a(cpu.o)
 .rodata.str1.1
                0xc3e32e9b      0x145 libs5pc210.a(usbd-otg-hs.o)
                                0x14a (size before relaxing)
 .rodata.str1.1
                0xc3e32fe0      0x183 libs5pc210.a(cpu_info.o)
 .rodata.str1.1
                0xc3e33163       0x6f libs5pc210.a(fastboot.o)
                                0x181 (size before relaxing)
 .rodata.str1.1
                0xc3e331d2       0x84 libs5pc210.a(pmic.o)
 .rodata.str1.1
                0xc3e33256       0x37 libs5pc210.a(gpio.o)
 .rodata.str1.1
                0xc3e3328d       0xe6 libs5pc210.a(i2c.o)
 .rodata.str1.1
                0xc3e33373       0x17 libs5pc210.a(setup_hsmmc.o)
 .rodata.str1.1
                0xc3e3338a       0xf1 libs5pc210.a(recovery.o)
                                0x121 (size before relaxing)
 .rodata.str1.1
                0xc3e3347b       0x5a libarm.a(bootm.o)
                                 0x63 (size before relaxing)
 .rodata.str1.1
                0xc3e334d5      0x3fd libfat.a(fat.o)
                                0x402 (size before relaxing)
 .rodata.str1.1
                0xc3e338d2      0x4f6 libext2fs.a(ext2fs.o)
                                0x579 (size before relaxing)
 .rodata.str1.1
                0xc3e33dc8       0xdc libext2fs.a(dev.o)
 .rodata.str1.1
                0xc3e33ea4      0x1b4 libdisk.a(part.o)
                                0x1e0 (size before relaxing)
 .rodata.str1.1
                0xc3e34058       0xe5 libdisk.a(part_dos.o)
                                 0xf1 (size before relaxing)
 .rodata.str1.1
                0xc3e3413d       0xfd libmmc.a(s3c_hsmmc.o)
 .rodata.str1.1
                0xc3e3423a      0x325 libmmc.a(s5p_mshc.o)
                                0x347 (size before relaxing)
 .rodata.str1.1
                0xc3e3455f       0x1b /home/sw/pp_self/1/iTop4412_uboot/sw_build/eabi_compat.o

.mmudata        0xc3e38000     0x4000
 .mmudata       0xc3e38000     0x4000 lowlevel_init.o
                0xc3e38000                mmu_table
                0xc3e3c000                . = ALIGN (0x4)

.data           0xc3e3c000      0xb74
 *(.data)
 .data          0xc3e3c000        0x0 start.o
 .data          0xc3e3c000        0x0 cpu_init.o
 .data          0xc3e3c000        0x0 lowlevel_init.o
 .data          0xc3e3c000        0x0 ace_sha1.o
 .data          0xc3e3c000        0x0 libgeneric.a(string.o)
 .data          0xc3e3c000        0x0 libs5pc210.a(nand_cp.o)
 .data          0xc3e3c000        0x0 libs5pc210.a(interrupts.o)
 .data          0xc3e3c000        0x0 libs5pc210.a(onenand_cp.o)
 .data          0xc3e3c000        0x0 libs5pc210.a(movi.o)
 .data          0xc3e3c000       0x34 libarm.a(board.o)
                0xc3e3c000                init_sequence
 .data          0xc3e3c034        0x4 libmmc.a(mmc.o)
 .data          0xc3e3c038        0x0 libcommon.a(cmd_bdinfo.o)
 .data          0xc3e3c038        0x0 libcommon.a(cmd_boot.o)
 .data          0xc3e3c038       0x94 libcommon.a(cmd_bootm.o)
                0xc3e3c038                load_addr
                0xc3e3c03c                cmd_bootm_sub
 .data          0xc3e3c0cc        0x0 libcommon.a(cmd_console.o)
 .data          0xc3e3c0cc        0x0 libcommon.a(cmd_echo.o)
 .data          0xc3e3c0cc        0x0 libcommon.a(cmd_elf.o)
 .data          0xc3e3c0cc        0x0 libcommon.a(cmd_ext2.o)
 .data          0xc3e3c0cc       0x20 libcommon.a(cmd_fastboot.o)
 .data          0xc3e3c0ec        0x0 libcommon.a(cmd_fat.o)
 .data          0xc3e3c0ec        0x0 libcommon.a(cmd_help.o)
 .data          0xc3e3c0ec       0x68 libcommon.a(cmd_itest.o)
                0xc3e3c0ec                op_table
 .data          0xc3e3c154        0x4 libcommon.a(cmd_load.o)
 .data          0xc3e3c158        0x0 libcommon.a(cmd_max8997.o)
 .data          0xc3e3c158        0x0 libcommon.a(cmd_mdmupgrade.o)
 .data          0xc3e3c158        0x4 libcommon.a(cmd_mem.o)
                0xc3e3c158                dp_last_length
 .data          0xc3e3c15c        0x0 libcommon.a(cmd_misc.o)
 .data          0xc3e3c15c        0x0 libcommon.a(cmd_mmc.o)
 .data          0xc3e3c15c        0x0 libcommon.a(cmd_mmc_fdisk.o)
 .data          0xc3e3c15c        0x0 libcommon.a(cmd_movi.o)
 .data          0xc3e3c15c        0x4 libcommon.a(cmd_nvedit.o)
 .data          0xc3e3c160        0x0 libcommon.a(cmd_source.o)
 .data          0xc3e3c160        0x0 libcommon.a(cmd_usbd.o)
 .data          0xc3e3c160        0x0 libcommon.a(cmd_version.o)
 .data          0xc3e3c160        0x0 libcommon.a(cmd_ximg.o)
 .data          0xc3e3c160        0x0 libcommon.a(command.o)
 .data          0xc3e3c160        0x0 libcommon.a(console.o)
 .data          0xc3e3c160        0x0 libcommon.a(decompress_ext4.o)
 .data          0xc3e3c160      0x414 libcommon.a(dlmalloc.o)
 .data          0xc3e3c574        0x4 libcommon.a(env_auto.o)
                0xc3e3c574                env_name_spec
 .data          0xc3e3c578       0x8c libcommon.a(env_common.o)
                0xc3e3c578                default_environment
                0xc3e3c600                default_environment_size
 .data          0xc3e3c604        0x0 libcommon.a(exports.o)
 .data          0xc3e3c604      0x228 libcommon.a(image.o)
 .data          0xc3e3c82c       0x14 libcommon.a(main.o)
 .data          0xc3e3c840        0x0 libcommon.a(s_record.o)
 .data          0xc3e3c840        0xc libcommon.a(stdio.o)
                0xc3e3c840                stdio_names
 .data          0xc3e3c84c        0x0 libcommon.a(xyzModem.o)
 .data          0xc3e3c84c        0x4 libsmdkc210.a(smdkc210.o)
                0xc3e3c84c                dmc_density
 .data          0xc3e3c850        0x0 libgeneric.a(crc16.o)
 .data          0xc3e3c850        0x0 libgeneric.a(crc32.o)
 .data          0xc3e3c850        0x0 libgeneric.a(display_options.o)
 .data          0xc3e3c850        0x0 libgeneric.a(gunzip.o)
 .data          0xc3e3c850        0x0 libgeneric.a(net_utils.o)
 .data          0xc3e3c850        0x0 libgeneric.a(vsprintf.o)
 .data          0xc3e3c850        0x0 libgeneric.a(zlib.o)
 .data          0xc3e3c850      0x100 libgeneric.a(ctype.o)
                0xc3e3c850                _ctype
 .data          0xc3e3c950        0x0 libgeneric.a(div64.o)
 .data          0xc3e3c950        0x0 libarm_cortexa9.a(cpu.o)
 .data          0xc3e3c950        0x0 libs5pc210.a(serial.o)
 .data          0xc3e3c950       0x38 libs5pc210.a(usbd-otg-hs.o)
                0xc3e3c950                test_pkt
 .data          0xc3e3c988        0x4 libs5pc210.a(cpu_info.o)
                0xc3e3c988                CORE_NUM_STR
 .data          0xc3e3c98c      0x100 libs5pc210.a(fastboot.o)
                0xc3e3c98c                fboot_test_pkt
                0xc3e3c9c4                ptable_default
                0xc3e3ca88                ptable_default_size
 .data          0xc3e3ca8c        0x0 libs5pc210.a(pmic.o)
 .data          0xc3e3ca8c        0x0 libs5pc210.a(gpio.o)
 .data          0xc3e3ca8c       0xd8 libs5pc210.a(i2c.o)
 .data          0xc3e3cb64        0x0 libs5pc210.a(cmu.o)
 .data          0xc3e3cb64        0x0 libs5pc210.a(speed.o)
 .data          0xc3e3cb64        0x0 libs5pc210.a(max8997.o)
 .data          0xc3e3cb64        0x0 libs5pc210.a(setup_hsmmc.o)
 .data          0xc3e3cb64        0x0 libs5pc210.a(recovery.o)
 .data          0xc3e3cb64        0x4 libarm.a(bootm.o)
                0xc3e3cb64                nr_dram_banks
 .data          0xc3e3cb68        0x0 libarm.a(cache.o)
 .data          0xc3e3cb68        0x4 libfat.a(fat.o)
 .data          0xc3e3cb6c        0x8 libext2fs.a(ext2fs.o)
                0xc3e3cb6c                indir1_blkno
                0xc3e3cb70                indir2_blkno
 .data          0xc3e3cb74        0x0 libext2fs.a(dev.o)
 .data          0xc3e3cb74        0x0 libdisk.a(part.o)
 .data          0xc3e3cb74        0x0 libdisk.a(part_dos.o)
 .data          0xc3e3cb74        0x0 libmmc.a(s3c_hsmmc.o)
 .data          0xc3e3cb74        0x0 libmmc.a(s5p_mshc.o)
 .data          0xc3e3cb74        0x0 /home/sw/pp_self/1/iTop4412_uboot/sw_build/eabi_compat.o
 .data          0xc3e3cb74        0x0 /home/sw/bb/arm-2009q3/bin/../lib/gcc/arm-none-linux-gnueabi/4.4.1/libgcc.a(_udivsi3.o)
 .data          0xc3e3cb74        0x0 /home/sw/bb/arm-2009q3/bin/../lib/gcc/arm-none-linux-gnueabi/4.4.1/libgcc.a(_divsi3.o)
 .data          0xc3e3cb74        0x0 /home/sw/bb/arm-2009q3/bin/../lib/gcc/arm-none-linux-gnueabi/4.4.1/libgcc.a(_lshrdi3.o)
 .data          0xc3e3cb74        0x0 /home/sw/bb/arm-2009q3/bin/../lib/gcc/arm-none-linux-gnueabi/4.4.1/libgcc.a(_arm_addsubdf3.o)
 .data          0xc3e3cb74        0x0 /home/sw/bb/arm-2009q3/bin/../lib/gcc/arm-none-linux-gnueabi/4.4.1/libgcc.a(_arm_muldivdf3.o)
 .data          0xc3e3cb74        0x0 /home/sw/bb/arm-2009q3/bin/../lib/gcc/arm-none-linux-gnueabi/4.4.1/libgcc.a(_arm_truncdfsf2.o)
 .data          0xc3e3cb74        0x0 /home/sw/bb/arm-2009q3/bin/../lib/gcc/arm-none-linux-gnueabi/4.4.1/libgcc.a(_arm_addsubsf3.o)
 .data          0xc3e3cb74        0x0 /home/sw/bb/arm-2009q3/bin/../lib/gcc/arm-none-linux-gnueabi/4.4.1/libgcc.a(_arm_muldivsf3.o)
 .data          0xc3e3cb74        0x0 /home/sw/bb/arm-2009q3/bin/../lib/gcc/arm-none-linux-gnueabi/4.4.1/libgcc.a(_arm_cmpsf2.o)
 .data          0xc3e3cb74        0x0 /home/sw/bb/arm-2009q3/bin/../lib/gcc/arm-none-linux-gnueabi/4.4.1/libgcc.a(_arm_fixunssfsi.o)
 .data          0xc3e3cb74        0x0 /home/sw/bb/arm-2009q3/bin/../lib/gcc/arm-none-linux-gnueabi/4.4.1/libgcc.a(_dvmd_lnx.o)
                0xc3e3cb74                . = ALIGN (0x4)

.got
 *(.got)
                0xc3e3cb74                __u_boot_cmd_start = .

.u_boot_cmd     0xc3e3cb74      0x510
 *(.u_boot_cmd)
 .u_boot_cmd    0xc3e3cb74       0x18 libcommon.a(cmd_bdinfo.o)
                0xc3e3cb74                __u_boot_cmd_bdinfo
 .u_boot_cmd    0xc3e3cb8c       0x30 libcommon.a(cmd_boot.o)
                0xc3e3cb8c                __u_boot_cmd_go
                0xc3e3cba4                __u_boot_cmd_reset
 .u_boot_cmd    0xc3e3cbbc       0x60 libcommon.a(cmd_bootm.o)
                0xc3e3cbbc                __u_boot_cmd_bootm
                0xc3e3cbd4                __u_boot_cmd_boot
                0xc3e3cbec                __u_boot_cmd_bootd
                0xc3e3cc04                __u_boot_cmd_iminfo
 .u_boot_cmd    0xc3e3cc1c       0x18 libcommon.a(cmd_console.o)
                0xc3e3cc1c                __u_boot_cmd_coninfo
 .u_boot_cmd    0xc3e3cc34       0x18 libcommon.a(cmd_echo.o)
                0xc3e3cc34                __u_boot_cmd_echo
 .u_boot_cmd    0xc3e3cc4c       0x30 libcommon.a(cmd_elf.o)
                0xc3e3cc4c                __u_boot_cmd_bootelf
                0xc3e3cc64                __u_boot_cmd_bootvx
 .u_boot_cmd    0xc3e3cc7c       0x60 libcommon.a(cmd_ext2.o)
                0xc3e3cc7c                __u_boot_cmd_ext2ls
                0xc3e3cc94                __u_boot_cmd_ext2load
                0xc3e3ccac                __u_boot_cmd_ext2format
                0xc3e3ccc4                __u_boot_cmd_ext3format
 .u_boot_cmd    0xc3e3ccdc       0x30 libcommon.a(cmd_fastboot.o)
                0xc3e3ccdc                __u_boot_cmd_fastboot
                0xc3e3ccf4                __u_boot_cmd_sdfuse
 .u_boot_cmd    0xc3e3cd0c       0x60 libcommon.a(cmd_fat.o)
                0xc3e3cd0c                __u_boot_cmd_fatload
                0xc3e3cd24                __u_boot_cmd_fatls
                0xc3e3cd3c                __u_boot_cmd_fatinfo
                0xc3e3cd54                __u_boot_cmd_fatformat
 .u_boot_cmd    0xc3e3cd6c       0x30 libcommon.a(cmd_help.o)
                0xc3e3cd6c                __u_boot_cmd_help
                0xc3e3cd84                __u_boot_cmd_question_mark
 .u_boot_cmd    0xc3e3cd9c       0x18 libcommon.a(cmd_itest.o)
                0xc3e3cd9c                __u_boot_cmd_itest
 .u_boot_cmd    0xc3e3cdb4       0x48 libcommon.a(cmd_load.o)
                0xc3e3cdb4                __u_boot_cmd_loads
                0xc3e3cdcc                __u_boot_cmd_loadb
                0xc3e3cde4                __u_boot_cmd_loady
 .u_boot_cmd    0xc3e3cdfc       0x18 libcommon.a(cmd_max8997.o)
                0xc3e3cdfc                __u_boot_cmd_max8997
 .u_boot_cmd    0xc3e3ce14       0x18 libcommon.a(cmd_mdmupgrade.o)
                0xc3e3ce14                __u_boot_cmd_mdmup
 .u_boot_cmd    0xc3e3ce2c       0xf0 libcommon.a(cmd_mem.o)
                0xc3e3ce2c                __u_boot_cmd_md
                0xc3e3ce44                __u_boot_cmd_mm
                0xc3e3ce5c                __u_boot_cmd_nm
                0xc3e3ce74                __u_boot_cmd_mw
                0xc3e3ce8c                __u_boot_cmd_cp
                0xc3e3cea4                __u_boot_cmd_cmp
                0xc3e3cebc                __u_boot_cmd_crc32
                0xc3e3ced4                __u_boot_cmd_base
                0xc3e3ceec                __u_boot_cmd_loop
                0xc3e3cf04                __u_boot_cmd_mtest
 .u_boot_cmd    0xc3e3cf1c       0x18 libcommon.a(cmd_misc.o)
                0xc3e3cf1c                __u_boot_cmd_sleep
 .u_boot_cmd    0xc3e3cf34       0x48 libcommon.a(cmd_mmc.o)
                0xc3e3cf34                __u_boot_cmd_mmcinfo
                0xc3e3cf4c                __u_boot_cmd_emmc
                0xc3e3cf64                __u_boot_cmd_mmc
 .u_boot_cmd    0xc3e3cf7c       0x18 libcommon.a(cmd_mmc_fdisk.o)
                0xc3e3cf7c                __u_boot_cmd_fdisk
 .u_boot_cmd    0xc3e3cf94       0x18 libcommon.a(cmd_movi.o)
                0xc3e3cf94                __u_boot_cmd_movi
 .u_boot_cmd    0xc3e3cfac       0x78 libcommon.a(cmd_nvedit.o)
                0xc3e3cfac                __u_boot_cmd_saveenv
                0xc3e3cfc4                __u_boot_cmd_editenv
                0xc3e3cfdc                __u_boot_cmd_printenv
                0xc3e3cff4                __u_boot_cmd_setenv
                0xc3e3d00c                __u_boot_cmd_run
 .u_boot_cmd    0xc3e3d024       0x18 libcommon.a(cmd_source.o)
                0xc3e3d024                __u_boot_cmd_source
 .u_boot_cmd    0xc3e3d03c       0x18 libcommon.a(cmd_usbd.o)
                0xc3e3d03c                __u_boot_cmd_dnw
 .u_boot_cmd    0xc3e3d054       0x18 libcommon.a(cmd_version.o)
                0xc3e3d054                __u_boot_cmd_version
 .u_boot_cmd    0xc3e3d06c       0x18 libcommon.a(cmd_ximg.o)
                0xc3e3d06c                __u_boot_cmd_imxtract
                0xc3e3d084                __u_boot_cmd_end = .
                0xc3e3d084                . = ALIGN (0x4)
                0xc3e3d084                __bss_start = .

.bss            0xc3e3d088   0x132c10
 *(.bss)
 .bss           0xc3e3d088        0x0 start.o
 .bss           0xc3e3d088        0x0 cpu_init.o
 .bss           0xc3e3d088        0x0 lowlevel_init.o
 .bss           0xc3e3d088        0x0 ace_sha1.o
 .bss           0xc3e3d088        0x4 libgeneric.a(string.o)
                0xc3e3d088                ___strtok
 .bss           0xc3e3d08c        0x0 libs5pc210.a(nand_cp.o)
 .bss           0xc3e3d08c        0xc libs5pc210.a(interrupts.o)
                0xc3e3d08c                timer_load_val
 .bss           0xc3e3d098        0x0 libs5pc210.a(onenand_cp.o)
 .bss           0xc3e3d098        0x0 libs5pc210.a(movi.o)
 .bss           0xc3e3d098        0x4 libarm.a(board.o)
                0xc3e3d098                monitor_flash_len
 .bss           0xc3e3d09c       0x18 libmmc.a(mmc.o)
                0xc3e3d0a4                mmc_global
                0xc3e3d0b0                mmc_default
 .bss           0xc3e3d0b4        0x0 libcommon.a(cmd_bdinfo.o)
 .bss           0xc3e3d0b4        0x0 libcommon.a(cmd_boot.o)
 .bss           0xc3e3d0b4       0x8c libcommon.a(cmd_bootm.o)
 .bss           0xc3e3d140        0x0 libcommon.a(cmd_console.o)
 .bss           0xc3e3d140        0x0 libcommon.a(cmd_echo.o)
 .bss           0xc3e3d140        0x0 libcommon.a(cmd_elf.o)
 .bss           0xc3e3d140        0x0 libcommon.a(cmd_ext2.o)
 .bss           0xc3e3d140      0x1d8 libcommon.a(cmd_fastboot.o)
                0xc3e3d310                dev_number_write
                0xc3e3d314                fuse_by_fastboot
 .bss           0xc3e3d318        0x0 libcommon.a(cmd_fat.o)
 .bss           0xc3e3d318        0x0 libcommon.a(cmd_help.o)
 .bss           0xc3e3d318        0x0 libcommon.a(cmd_itest.o)
 .bss           0xc3e3d318       0x60 libcommon.a(cmd_load.o)
                0xc3e3d328                os_data_init
                0xc3e3d338                os_data_char
                0xc3e3d33c                his_quote
                0xc3e3d340                his_pad_count
                0xc3e3d344                his_pad_char
                0xc3e3d345                his_eol
                0xc3e3d348                send_ptr
                0xc3e3d34c                send_parms
 .bss           0xc3e3d378        0x0 libcommon.a(cmd_max8997.o)
 .bss           0xc3e3d378        0x0 libcommon.a(cmd_mdmupgrade.o)
 .bss           0xc3e3d378       0x14 libcommon.a(cmd_mem.o)
                0xc3e3d37c                mm_last_addr
                0xc3e3d380                mm_last_size
                0xc3e3d384                dp_last_addr
                0xc3e3d388                dp_last_size
 .bss           0xc3e3d38c        0x0 libcommon.a(cmd_misc.o)
 .bss           0xc3e3d38c        0x0 libcommon.a(cmd_mmc.o)
 .bss           0xc3e3d38c        0x0 libcommon.a(cmd_mmc_fdisk.o)
 .bss           0xc3e3d38c      0x200 libcommon.a(cmd_movi.o)
                0xc3e3d38c                raw_area_control
 .bss           0xc3e3d58c        0x0 libcommon.a(cmd_nvedit.o)
 .bss           0xc3e3d58c        0x0 libcommon.a(cmd_source.o)
 .bss           0xc3e3d58c        0x0 libcommon.a(cmd_usbd.o)
 .bss           0xc3e3d58c        0x0 libcommon.a(cmd_version.o)
 .bss           0xc3e3d58c        0x0 libcommon.a(cmd_ximg.o)
 .bss           0xc3e3d58c        0x0 libcommon.a(command.o)
 .bss           0xc3e3d58c        0x8 libcommon.a(console.o)
 .bss           0xc3e3d594        0x0 libcommon.a(decompress_ext4.o)
 .bss           0xc3e3d594       0x44 libcommon.a(dlmalloc.o)
                0xc3e3d594                mem_malloc_brk
                0xc3e3d598                mem_malloc_start
                0xc3e3d59c                mem_malloc_end
 .bss           0xc3e3d5d8        0x4 libcommon.a(env_auto.o)
                0xc3e3d5d8                env_ptr
 .bss           0xc3e3d5dc        0x0 libcommon.a(env_common.o)
 .bss           0xc3e3d5dc        0x0 libcommon.a(exports.o)
 .bss           0xc3e3d5dc        0x0 libcommon.a(image.o)
 .bss           0xc3e3d5dc     0x1660 libcommon.a(main.o)
                0xc3e3d5e8                hist_num
                0xc3e3d5ec                hist_lines
                0xc3e3e9ec                hist_list
                0xc3e3ea3c                console_buffer
 .bss           0xc3e3ec3c        0x0 libcommon.a(s_record.o)
 .bss           0xc3e3ec3c       0x48 libcommon.a(stdio.o)
                0xc3e3ec78                stdio_devices
 .bss           0xc3e3ec84      0x43c libcommon.a(xyzModem.o)
 .bss           0xc3e3f0c0        0x8 libsmdkc210.a(smdkc210.o)
                0xc3e3f0c0                OmPin
                0xc3e3f0c4                boot_mode
 .bss           0xc3e3f0c8        0x0 libgeneric.a(crc16.o)
 .bss           0xc3e3f0c8        0x0 libgeneric.a(crc32.o)
 .bss           0xc3e3f0c8        0x0 libgeneric.a(display_options.o)
 .bss           0xc3e3f0c8        0x0 libgeneric.a(gunzip.o)
 .bss           0xc3e3f0c8        0x0 libgeneric.a(net_utils.o)
 .bss           0xc3e3f0c8        0x0 libgeneric.a(vsprintf.o)
 .bss           0xc3e3f0c8        0x0 libgeneric.a(zlib.o)
 .bss           0xc3e3f0c8        0x0 libgeneric.a(ctype.o)
 .bss           0xc3e3f0c8        0x0 libgeneric.a(div64.o)
 .bss           0xc3e3f0c8        0x0 libarm_cortexa9.a(cpu.o)
 .bss           0xc3e3f0c8        0x0 libs5pc210.a(serial.o)
 .bss           0xc3e3f0c8       0xb0 libs5pc210.a(usbd-otg-hs.o)
                0xc3e3f0c8                otg
                0xc3e3f14c                remode_wakeup
                0xc3e3f150                get_status
                0xc3e3f156                config_value
                0xc3e3f158                get_intf
                0xc3e3f15c                s3c_usbd_dn_addr
                0xc3e3f160                op_mode
                0xc3e3f164                s3c_usbd_dn_cnt
                0xc3e3f168                s3c_receive_done
                0xc3e3f16c                speed
                0xc3e3f170                s3c_got_header
                0xc3e3f174                DNW
 .bss           0xc3e3f178        0x4 libs5pc210.a(cpu_info.o)
                0xc3e3f178                s5pc210_cpu_id
 .bss           0xc3e3f17c      0x2f0 libs5pc210.a(fastboot.o)
                0xc3e3f17c                fboot_otg
                0xc3e3f200                fboot_remode_wakeup
                0xc3e3f204                fboot_get_status
                0xc3e3f20a                fboot_config_value
                0xc3e3f20c                fboot_get_intf
                0xc3e3f210                fboot_usbd_dn_addr
                0xc3e3f214                fboot_response_flag
                0xc3e3f218                reply_msg
                0xc3e3f21c                fboot_op_mode
                0xc3e3f220                fboot_usbd_dn_cnt
                0xc3e3f224                fboot_receive_done
                0xc3e3f228                fboot_speed
                0xc3e3f45c                transfer_size
                0xc3e3f460                fboot_got_header
                0xc3e3f464                tx_msg_buf
                0xc3e3f468                total_dn_size
 .bss           0xc3e3f46c        0x4 libs5pc210.a(pmic.o)
                0xc3e3f46c                Is_TC4_Dvt
 .bss           0xc3e3f470        0x8 libs5pc210.a(gpio.o)
                0xc3e3f474                g_IntCnt
 .bss           0xc3e3f478        0x0 libs5pc210.a(i2c.o)
 .bss           0xc3e3f478        0x0 libs5pc210.a(cmu.o)
 .bss           0xc3e3f478        0x0 libs5pc210.a(speed.o)
 .bss           0xc3e3f478        0x0 libs5pc210.a(max8997.o)
 .bss           0xc3e3f478        0x4 libs5pc210.a(setup_hsmmc.o)
                0xc3e3f478                sclk_mmc4
 .bss           0xc3e3f47c        0x0 libs5pc210.a(recovery.o)
 .bss           0xc3e3f47c        0x4 libarm.a(bootm.o)
 .bss           0xc3e3f480        0x0 libarm.a(cache.o)
 .bss           0xc3e3f480    0x30008 libfat.a(fat.o)
                0xc3e3f488                get_vfatname_block
                0xc3e4f488                do_fat_read_block
                0xc3e5f488                get_dentfromdir_block
 .bss           0xc3e6f488       0x1c libext2fs.a(ext2fs.o)
                0xc3e6f488                ext2fs_root
                0xc3e6f48c                ext2fs_file
                0xc3e6f490                indir1_block
                0xc3e6f494                indir1_size
                0xc3e6f498                indir2_block
                0xc3e6f49c                indir2_size
                0xc3e6f4a0                symlinknest
 .bss           0xc3e6f4a4       0x50 libext2fs.a(dev.o)
 .bss           0xc3e6f4f4        0x0 libdisk.a(part.o)
 .bss           0xc3e6f4f4        0x0 libdisk.a(part_dos.o)
 *fill*         0xc3e6f4f4        0x4 00
 .bss           0xc3e6f4f8      0x118 libmmc.a(s3c_hsmmc.o)
                0xc3e6f4f8                mmc_host
 .bss           0xc3e6f610   0x100688 libmmc.a(s5p_mshc.o)
                0xc3e6f610                emmc_bit_pre
                0xc3e6f614                emmc_mode_pre
                0xc3e6f618                emmc_clock_pre
                0xc3f6f61c                mmc_channel
                0xc3f6fb80                mshc_host
 .bss           0xc3f6fc98        0x0 /home/sw/pp_self/1/iTop4412_uboot/sw_build/eabi_compat.o
 .bss           0xc3f6fc98        0x0 /home/sw/bb/arm-2009q3/bin/../lib/gcc/arm-none-linux-gnueabi/4.4.1/libgcc.a(_udivsi3.o)
 .bss           0xc3f6fc98        0x0 /home/sw/bb/arm-2009q3/bin/../lib/gcc/arm-none-linux-gnueabi/4.4.1/libgcc.a(_divsi3.o)
 .bss           0xc3f6fc98        0x0 /home/sw/bb/arm-2009q3/bin/../lib/gcc/arm-none-linux-gnueabi/4.4.1/libgcc.a(_lshrdi3.o)
 .bss           0xc3f6fc98        0x0 /home/sw/bb/arm-2009q3/bin/../lib/gcc/arm-none-linux-gnueabi/4.4.1/libgcc.a(_arm_addsubdf3.o)
 .bss           0xc3f6fc98        0x0 /home/sw/bb/arm-2009q3/bin/../lib/gcc/arm-none-linux-gnueabi/4.4.1/libgcc.a(_arm_muldivdf3.o)
 .bss           0xc3f6fc98        0x0 /home/sw/bb/arm-2009q3/bin/../lib/gcc/arm-none-linux-gnueabi/4.4.1/libgcc.a(_arm_truncdfsf2.o)
 .bss           0xc3f6fc98        0x0 /home/sw/bb/arm-2009q3/bin/../lib/gcc/arm-none-linux-gnueabi/4.4.1/libgcc.a(_arm_addsubsf3.o)
 .bss           0xc3f6fc98        0x0 /home/sw/bb/arm-2009q3/bin/../lib/gcc/arm-none-linux-gnueabi/4.4.1/libgcc.a(_arm_muldivsf3.o)
 .bss           0xc3f6fc98        0x0 /home/sw/bb/arm-2009q3/bin/../lib/gcc/arm-none-linux-gnueabi/4.4.1/libgcc.a(_arm_cmpsf2.o)
 .bss           0xc3f6fc98        0x0 /home/sw/bb/arm-2009q3/bin/../lib/gcc/arm-none-linux-gnueabi/4.4.1/libgcc.a(_arm_fixunssfsi.o)
 .bss           0xc3f6fc98        0x0 /home/sw/bb/arm-2009q3/bin/../lib/gcc/arm-none-linux-gnueabi/4.4.1/libgcc.a(_dvmd_lnx.o)
                0xc3f6fc98                _end = .
Address of section .text set to 0xc3e00000
LOAD start.o
START GROUP
LOAD libgeneric.a
LOAD liblzma.a
LOAD liblzo.a
LOAD libarm_cortexa9.a
LOAD libs5pc210.a
LOAD libarm.a
LOAD libcramfs.a
LOAD libfat.a
LOAD libfdos.a
LOAD libjffs2.a
LOAD libreiserfs.a
LOAD libext2fs.a
LOAD libyaffs2.a
LOAD libubifs.a
LOAD libnet.a
LOAD libdisk.a
LOAD libatibiosemu.a
LOAD libblock.a
LOAD libdma.a
LOAD libfpga.a
LOAD libgpio.a
LOAD libhwmon.a
LOAD libi2c.a
LOAD libinput.a
LOAD libmisc.a
LOAD libmmc.a
LOAD libmtd.a
LOAD libnand.a
LOAD libonenand.a
LOAD libubi.a
LOAD libspi_flash.a
LOAD libnet.a
LOAD libphy.a
LOAD libpci.a
LOAD libpcmcia.a
LOAD libpower.a
LOAD libspi.a
LOAD librtc.a
LOAD libserial.a
LOAD libtws.a
LOAD libusb_gadget.a
LOAD libusb_host.a
LOAD libusb_musb.a
LOAD libusb_phy.a
LOAD libvideo.a
LOAD libwatchdog.a
LOAD libcommon.a
LOAD libfdt.a
LOAD libapi.a
LOAD libpost.a
LOAD libsmdkc210.a
END GROUP
LOAD /home/sw/pp_self/1/iTop4412_uboot/sw_build/eabi_compat.o
LOAD /home/sw/bb/arm-2009q3/bin/../lib/gcc/arm-none-linux-gnueabi/4.4.1/libgcc.a
OUTPUT(u-boot elf32-littlearm)

.ARM.attributes
                0x00000000       0x29
 .ARM.attributes
                0x00000000       0x1d start.o
 .ARM.attributes
                0x0000001d       0x1d cpu_init.o
 .ARM.attributes
                0x0000003a       0x1d lowlevel_init.o
 .ARM.attributes
                0x00000057       0x2d ace_sha1.o
 .ARM.attributes
                0x00000084       0x2d libgeneric.a(string.o)
 .ARM.attributes
                0x000000b1       0x2d libs5pc210.a(nand_cp.o)
 .ARM.attributes
                0x000000de       0x2d libs5pc210.a(interrupts.o)
 .ARM.attributes
                0x0000010b       0x2d libs5pc210.a(onenand_cp.o)
 .ARM.attributes
                0x00000138       0x2d libs5pc210.a(movi.o)
 .ARM.attributes
                0x00000165       0x2d libarm.a(board.o)
 .ARM.attributes
                0x00000192       0x2d libmmc.a(mmc.o)
 .ARM.attributes
                0x000001bf       0x2d libcommon.a(cmd_bdinfo.o)
 .ARM.attributes
                0x000001ec       0x2d libcommon.a(cmd_boot.o)
 .ARM.attributes
                0x00000219       0x2d libcommon.a(cmd_bootm.o)
 .ARM.attributes
                0x00000246       0x2d libcommon.a(cmd_console.o)
 .ARM.attributes
                0x00000273       0x2d libcommon.a(cmd_echo.o)
 .ARM.attributes
                0x000002a0       0x2d libcommon.a(cmd_elf.o)
 .ARM.attributes
                0x000002cd       0x2d libcommon.a(cmd_ext2.o)
 .ARM.attributes
                0x000002fa       0x2d libcommon.a(cmd_fastboot.o)
 .ARM.attributes
                0x00000327       0x2d libcommon.a(cmd_fat.o)
 .ARM.attributes
                0x00000354       0x2d libcommon.a(cmd_help.o)
 .ARM.attributes
                0x00000381       0x2d libcommon.a(cmd_itest.o)
 .ARM.attributes
                0x000003ae       0x2d libcommon.a(cmd_load.o)
 .ARM.attributes
                0x000003db       0x2d libcommon.a(cmd_max8997.o)
 .ARM.attributes
                0x00000408       0x2d libcommon.a(cmd_mdmupgrade.o)
 .ARM.attributes
                0x00000435       0x2d libcommon.a(cmd_mem.o)
 .ARM.attributes
                0x00000462       0x2d libcommon.a(cmd_misc.o)
 .ARM.attributes
                0x0000048f       0x2d libcommon.a(cmd_mmc.o)
 .ARM.attributes
                0x000004bc       0x2d libcommon.a(cmd_mmc_fdisk.o)
 .ARM.attributes
                0x000004e9       0x2d libcommon.a(cmd_movi.o)
 .ARM.attributes
                0x00000516       0x2d libcommon.a(cmd_nvedit.o)
 .ARM.attributes
                0x00000543       0x2d libcommon.a(cmd_source.o)
 .ARM.attributes
                0x00000570       0x2d libcommon.a(cmd_usbd.o)
 .ARM.attributes
                0x0000059d       0x2d libcommon.a(cmd_version.o)
 .ARM.attributes
                0x000005ca       0x2d libcommon.a(cmd_ximg.o)
 .ARM.attributes
                0x000005f7       0x2d libcommon.a(command.o)
 .ARM.attributes
                0x00000624       0x2d libcommon.a(console.o)
 .ARM.attributes
                0x00000651       0x2d libcommon.a(decompress_ext4.o)
 .ARM.attributes
                0x0000067e       0x2d libcommon.a(dlmalloc.o)
 .ARM.attributes
                0x000006ab       0x2d libcommon.a(env_auto.o)
 .ARM.attributes
                0x000006d8       0x2d libcommon.a(env_common.o)
 .ARM.attributes
                0x00000705       0x2d libcommon.a(exports.o)
 .ARM.attributes
                0x00000732       0x2d libcommon.a(image.o)
 .ARM.attributes
                0x0000075f       0x2d libcommon.a(main.o)
 .ARM.attributes
                0x0000078c       0x2d libcommon.a(s_record.o)
 .ARM.attributes
                0x000007b9       0x2d libcommon.a(stdio.o)
 .ARM.attributes
                0x000007e6       0x2d libcommon.a(xyzModem.o)
 .ARM.attributes
                0x00000813       0x2d libsmdkc210.a(smdkc210.o)
 .ARM.attributes
                0x00000840       0x2d libgeneric.a(crc16.o)
 .ARM.attributes
                0x0000086d       0x2d libgeneric.a(crc32.o)
 .ARM.attributes
                0x0000089a       0x2d libgeneric.a(display_options.o)
 .ARM.attributes
                0x000008c7       0x2d libgeneric.a(gunzip.o)
 .ARM.attributes
                0x000008f4       0x2d libgeneric.a(net_utils.o)
 .ARM.attributes
                0x00000921       0x2d libgeneric.a(vsprintf.o)
 .ARM.attributes
                0x0000094e       0x2d libgeneric.a(zlib.o)
 .ARM.attributes
                0x0000097b       0x2d libgeneric.a(ctype.o)
 .ARM.attributes
                0x000009a8       0x2d libgeneric.a(div64.o)
 .ARM.attributes
                0x000009d5       0x2d libarm_cortexa9.a(cpu.o)
 .ARM.attributes
                0x00000a02       0x2d libs5pc210.a(serial.o)
 .ARM.attributes
                0x00000a2f       0x2d libs5pc210.a(usbd-otg-hs.o)
 .ARM.attributes
                0x00000a5c       0x2d libs5pc210.a(cpu_info.o)
 .ARM.attributes
                0x00000a89       0x2d libs5pc210.a(fastboot.o)
 .ARM.attributes
                0x00000ab6       0x2d libs5pc210.a(pmic.o)
 .ARM.attributes
                0x00000ae3       0x2d libs5pc210.a(gpio.o)
 .ARM.attributes
                0x00000b10       0x2d libs5pc210.a(i2c.o)
 .ARM.attributes
                0x00000b3d       0x2d libs5pc210.a(cmu.o)
 .ARM.attributes
                0x00000b6a       0x2d libs5pc210.a(speed.o)
 .ARM.attributes
                0x00000b97       0x2d libs5pc210.a(max8997.o)
 .ARM.attributes
                0x00000bc4       0x2d libs5pc210.a(setup_hsmmc.o)
 .ARM.attributes
                0x00000bf1       0x2d libs5pc210.a(recovery.o)
 .ARM.attributes
                0x00000c1e       0x2d libarm.a(bootm.o)
 .ARM.attributes
                0x00000c4b       0x2d libarm.a(cache.o)
 .ARM.attributes
                0x00000c78       0x2d libfat.a(fat.o)
 .ARM.attributes
                0x00000ca5       0x2d libext2fs.a(ext2fs.o)
 .ARM.attributes
                0x00000cd2       0x2d libext2fs.a(dev.o)
 .ARM.attributes
                0x00000cff       0x2d libdisk.a(part.o)
 .ARM.attributes
                0x00000d2c       0x2d libdisk.a(part_dos.o)
 .ARM.attributes
                0x00000d59       0x2d libmmc.a(s3c_hsmmc.o)
 .ARM.attributes
                0x00000d86       0x2d libmmc.a(s5p_mshc.o)