Archive member included because of file (symbol)

libgeneric.a(string.o)        ace_sha1.o (memcpy)
libs5pc210.a(nand_cp.o)       start.o (copy_uboot_to_ram)
libs5pc210.a(interrupts.o)    start.o (do_irq)
libs5pc210.a(onenand_cp.o)    start.o (onenand_bl2_copy)
libs5pc210.a(movi.o)          start.o (movi_uboot_copy)
libarm.a(board.o)             start.o (start_armboot)
libmmc.a(mmc.o)               libs5pc210.a(movi.o) (movi_write)
libcommon.a(cmd_bdinfo.o)     (__u_boot_cmd_bdinfo)
libcommon.a(cmd_boot.o)       (__u_boot_cmd_go)
libcommon.a(cmd_bootm.o)      libarm.a(board.o) (load_addr)
libcommon.a(cmd_console.o)    (__u_boot_cmd_coninfo)
libcommon.a(cmd_echo.o)       (__u_boot_cmd_echo)
libcommon.a(cmd_elf.o)        libcommon.a(cmd_bootm.o) (do_bootvx)
libcommon.a(cmd_ext2.o)       (__u_boot_cmd_ext2ls)
libcommon.a(cmd_fastboot.o)   (__u_boot_cmd_fastboot)
libcommon.a(cmd_fat.o)        (__u_boot_cmd_fatload)
libcommon.a(cmd_help.o)       (__u_boot_cmd_help)
libcommon.a(cmd_itest.o)      (__u_boot_cmd_itest)
libcommon.a(cmd_load.o)       (__u_boot_cmd_loads)
libcommon.a(cmd_max8997.o)    (__u_boot_cmd_max8997)
libcommon.a(cmd_mdmupgrade.o)
                              (__u_boot_cmd_mdmup)
libcommon.a(cmd_mem.o)        (__u_boot_cmd_md)
libcommon.a(cmd_misc.o)       (__u_boot_cmd_sleep)
libcommon.a(cmd_mmc.o)        libcommon.a(cmd_fastboot.o) (do_mmcops)
libcommon.a(cmd_mmc_fdisk.o)  libcommon.a(cmd_fastboot.o) (get_mmc_part_info)
libcommon.a(cmd_movi.o)       libcommon.a(cmd_fastboot.o) (do_movi)
libcommon.a(cmd_nvedit.o)     libarm.a(board.o) (getenv_r)
libcommon.a(cmd_source.o)     (__u_boot_cmd_source)
libcommon.a(cmd_usbd.o)       (__u_boot_cmd_dnw)
libcommon.a(cmd_version.o)    (__u_boot_cmd_version)
libcommon.a(cmd_ximg.o)       (__u_boot_cmd_imxtract)
libcommon.a(command.o)        libcommon.a(cmd_itest.o) (cmd_get_data_size)
libcommon.a(console.o)        libs5pc210.a(interrupts.o) (printf)
libcommon.a(decompress_ext4.o)
                              libcommon.a(cmd_fastboot.o) (check_compress_ext4)
libcommon.a(dlmalloc.o)       libmmc.a(mmc.o) (free)
libcommon.a(env_auto.o)       libarm.a(board.o) (env_init)
libcommon.a(env_common.o)     libcommon.a(cmd_nvedit.o) (env_get_addr)
libcommon.a(exports.o)        libarm.a(board.o) (jumptable_init)
libcommon.a(image.o)          libcommon.a(cmd_ximg.o) (image_multi_count)
libcommon.a(main.o)           libmmc.a(mmc.o) (run_command)
libcommon.a(s_record.o)       libcommon.a(cmd_load.o) (srec_decode)
libcommon.a(stdio.o)          libcommon.a(cmd_console.o) (stdio_get_list)
libcommon.a(xyzModem.o)       libcommon.a(cmd_load.o) (xyzModem_error)
libsmdkc210.a(smdkc210.o)     libarm.a(board.o) (board_init)
libgeneric.a(crc16.o)         libcommon.a(xyzModem.o) (cyg_crc16)
libgeneric.a(crc32.o)         libcommon.a(cmd_mem.o) (crc32)
libgeneric.a(display_options.o)
                              libarm.a(board.o) (print_size)
libgeneric.a(gunzip.o)        libcommon.a(cmd_bootm.o) (gunzip)
libgeneric.a(net_utils.o)     libarm.a(board.o) (string_to_ip)
libgeneric.a(vsprintf.o)      libarm.a(board.o) (simple_strtoul)
libgeneric.a(zlib.o)          libgeneric.a(gunzip.o) (inflateInit2_)
libgeneric.a(ctype.o)         libgeneric.a(display_options.o) (_ctype)
libgeneric.a(div64.o)         libgeneric.a(vsprintf.o) (__div64_32)
libarm_cortexa9.a(cpu.o)      libcommon.a(cmd_elf.o) (dcache_enable)
libs5pc210.a(serial.o)        libcommon.a(cmd_load.o) (serial_setbrg)
libs5pc210.a(usbd-otg-hs.o)   libcommon.a(cmd_usbd.o) (s3c_usbc_activate)
libs5pc210.a(cpu_info.o)      libarm.a(board.o) (print_cpuinfo)
libs5pc210.a(fastboot.o)      libcommon.a(cmd_fastboot.o) (fastboot_shutdown)
libs5pc210.a(pmic.o)          libs5pc210.a(cpu_info.o) (PMIC_InitIp)
libs5pc210.a(gpio.o)          libs5pc210.a(pmic.o) (GPIO_Init)
libs5pc210.a(i2c.o)           libs5pc210.a(pmic.o) (I2C_RecvEx)
libs5pc210.a(cmu.o)           libs5pc210.a(i2c.o) (SYSC_GetClkFreq)
libs5pc210.a(speed.o)         libs5pc210.a(cpu_info.o) (get_ARM_CLK)
libs5pc210.a(max8997.o)       libcommon.a(cmd_max8997.o) (lowlevel_init_max8997)
libs5pc210.a(setup_hsmmc.o)   libarm_cortexa9.a(cpu.o) (setup_hsmmc_cfg_gpio)
libs5pc210.a(recovery.o)      libarm.a(board.o) (recovery_preboot)
libarm.a(bootm.o)             libcommon.a(cmd_bootm.o) (do_bootm_linux)
libarm.a(cache.o)             libcommon.a(cmd_elf.o) (flush_cache)
libfat.a(fat.o)               libcommon.a(cmd_fat.o) (file_fat_detectfs)
libext2fs.a(ext2fs.o)         libcommon.a(cmd_ext2.o) (ext2fs_format)
libext2fs.a(dev.o)            libext2fs.a(ext2fs.o) (ext2fs_devread)
libdisk.a(part.o)             libfat.a(fat.o) (dev_print)
libdisk.a(part_dos.o)         libdisk.a(part.o) (test_part_dos)
libmmc.a(s3c_hsmmc.o)         libarm_cortexa9.a(cpu.o) (smdk_s3c_hsmmc_init)
libmmc.a(s5p_mshc.o)          libs5pc210.a(setup_hsmmc.o) (mshci_fifo_deinit)
/home/sw/bb/arm-2009q3/bin/../lib/gcc/arm-none-linux-gnueabi/4.4.1/libgcc.a(_udivsi3.o)
[...]
Memory Configuration

Name             Origin             Length             Attributes
*default*        0x00000000         0xffffffff

Linker script and memory map

                0x00000000                . = 0x0
                0x00000000                . = ALIGN (0x4)

.text           0xc3e00000    0x27b24
 start.o(.text)
 .text          0xc3e00000      0x800 start.o
                0xc3e00010                _start
                0xc3e00050                _end_vect
                0xc3e00058                _armboot_start
                0xc3e0005c                _bss_start
                0xc3e00060                _bss_end
                0xc3e00308                copy_from_nand
                0xc3e00348                theLastJump
                0xc3e00640                arm_cache_flush
                0xc3e00660                v7_flush_dcache_all
                0xc3e00700                disable_l2cache
                0xc3e00720                enable_l2cache
                0xc3e00740                set_l2cache_auxctrl
                0xc3e00760                set_l2cache_auxctrl_cycle
 cpu_init.o(.text)
 .text          0xc3e00800      0x388 cpu_init.o
                0xc3e00820                mem_ctrl_asm_init_ddr3
 lowlevel_init.o(.text)
 .text          0xc3e00b88      0x7d0 lowlevel_init.o
                0xc3e00bbc                lowlevel_init
                0xc3e01040                uart_asm_init
                0xc3e010e4                nand_asm_init
 ace_sha1.o(.text)
 .text          0xc3e01358       0xc4 ace_sha1.o
                0xc3e01358                ace_hash_sha1_digest
 *(.text)
 .text          0xc3e0141c      0x5f4 libgeneric.a(string.o)
                0xc3e0141c                strcpy
                0xc3e01438                strncpy
                0xc3e01460                strcat
                0xc3e01490                strncat
                0xc3e014ec                strcmp
                0xc3e0151c                strncmp
                0xc3e01564                strchr
                0xc3e01590                strlen
                0xc3e015b0                strrchr
                0xc3e015e8                strnlen
                0xc3e01610                strspn
                0xc3e01654                strpbrk
                0xc3e0168c                strtok
                0xc3e01708                strsep
                0xc3e0173c                strswab
                0xc3e01784                memset
                0xc3e017f8                bcopy
                0xc3e01820                memcpy
                0xc3e0188c                memmove
                0xc3e018e8                memcmp
                0xc3e01920                memscan
                0xc3e01950                strstr
                0xc3e019b0                memchr
                0xc3e019dc                strdup
 .text          0xc3e01a10       0xdc libs5pc210.a(nand_cp.o)
                0xc3e01a10                copy_uboot_to_ram
 .text          0xc3e01aec      0x44c libs5pc210.a(interrupts.o)
                0xc3e01aec                enable_interrupts
                0xc3e01af0                disable_interrupts
                0xc3e01af8                interrupt_init
                0xc3e01b68                set_timer
                0xc3e01b78                reset_timer_masked
                0xc3e01b9c                reset_timer
                0xc3e01ba0                get_timer_masked
                0xc3e01be8                get_timer
                0xc3e01bfc                udelay
                0xc3e01c6c                udelay_masked
                0xc3e01cdc                get_ticks
                0xc3e01cf0                get_tbclk
                0xc3e01d08                show_regs
                0xc3e01e20                bad_mode
                0xc3e01e3c                do_irq
                0xc3e01e60                do_fiq
                0xc3e01e84                do_not_used
                0xc3e01ea8                do_data_abort
                0xc3e01ecc                do_prefetch_abort
                0xc3e01ef0                do_software_interrupt
                0xc3e01f14                do_undefined_instruction
 .text          0xc3e01f38      0x160 libs5pc210.a(onenand_cp.o)
                0xc3e01f38                onenand_readw
                0xc3e01f40                onenand_writew
                0xc3e01f48                onenand_loadpage
                0xc3e01fc8                onenand_isbad
                0xc3e01ff0                onenand_readpage
                0xc3e0203c                onenand_bl2_copy
 .text          0xc3e02098      0x120 libs5pc210.a(movi.o)
                0xc3e02098                movi_uboot_copy
                0xc3e020c0                emmc_uboot_copy
                0xc3e020e4                emmc441_uboot_copy
                0xc3e02110                movi_calc_checksum_bl1
                0xc3e02138                movi_write_bl1
                0xc3e02188                movi_write_env
                0xc3e021a0                movi_read_env
 .text          0xc3e021b8      0x2c4 libarm.a(board.o)
                0xc3e021b8                coloured_LED_init
                0xc3e021b8                __coloured_LED_init
                0xc3e021bc                red_LED_on
                0xc3e021bc                __red_LED_on
                0xc3e021c0                __red_LED_off
                0xc3e021c0                red_LED_off
                0xc3e021c4                green_LED_on
                0xc3e021c4                __green_LED_on
                0xc3e021c8                __green_LED_off
                0xc3e021c8                green_LED_off
                0xc3e021cc                __yellow_LED_on
                0xc3e021cc                yellow_LED_on
                0xc3e021d0                __yellow_LED_off
                0xc3e021d0                yellow_LED_off
                0xc3e021d4                blue_LED_on
                0xc3e021d4                __blue_LED_on
                0xc3e021d8                blue_LED_off
                0xc3e021d8                __blue_LED_off
                0xc3e02264                hang
                0xc3e02348                start_armboot
 .text          0xc3e0247c     0x18c0 libmmc.a(mmc.o)
                0xc3e024a4                mmc_send_cmd
                0xc3e024b4                mmc_set_blocklen
                0xc3e024ec                mmc_send_ext_csd
                0xc3e0253c                mmc_set_relative_addr
                0xc3e02574                mmc_switch
                0xc3e025b8                mmc_change_freq
                0xc3e02664                sd_switch
                0xc3e026d0                mmc_set_ios
                0xc3e026e0                mmc_set_clock
                0xc3e02700                mmc_set_bus_width
                0xc3e02708                mmc_send_if_cond
                0xc3e02784                board_mmc_init
                0xc3e0278c                emmc_boot_close
                0xc3e027dc                emmc_boot_open
                0xc3e02874                emmc_boot_partition_size_change
                0xc3e02990                emmc_boot_erase
                0xc3e02abc                mmc_send_app_op_cond
                0xc3e02bac                mmc_go_idle
                0xc3e02c00                mmc_send_op_cond
                0xc3e02ca0                mmc_erase
                0xc3e0304c                print_mmc_devices
                0xc3e030c0                find_mmc_device
                0xc3e0310c                mmc_get_dev
                0xc3e031cc                movi_write
                0xc3e032e8                movi_read
                0xc3e03300                sd_change_freq
                0xc3e034d0                mmc_startup
                0xc3e03b50                mmc_init
                0xc3e03bb4                mmc_initialize
                0xc3e03ccc                mmc_register
 .text          0xc3e03d3c       0xac libcommon.a(cmd_bdinfo.o)
                0xc3e03d50                do_bdinfo
 .text          0xc3e03de8       0x90 libcommon.a(cmd_boot.o)
                0xc3e03de8                do_go_exec
                0xc3e03e00                do_go
 .text          0xc3e03e78      0xd60 libcommon.a(cmd_bootm.o)
                0xc3e03e9c                arch_preboot_os
                0xc3e03e9c                __arch_preboot_os
                0xc3e03f8c                do_iminfo
                0xc3e03ff8                do_bootd
                0xc3e043b0                bootm_start
                0xc3e04704                do_bootm_subcommand
                0xc3e048c8                do_bootm
 .text          0xc3e04bd8       0xf0 libcommon.a(cmd_console.o)
                0xc3e04bd8                do_coninfo
 .text          0xc3e04cc8       0x84 libcommon.a(cmd_echo.o)
                0xc3e04cc8                do_echo
 .text          0xc3e04d4c      0x408 libcommon.a(cmd_elf.o)
                0xc3e04d4c                load_elf_image
                0xc3e04de4                valid_elf_image
                0xc3e04e38                do_bootvx
                0xc3e05078                do_bootelf_exec
                0xc3e050bc                do_bootelf
 .text          0xc3e05154      0x598 libcommon.a(cmd_ext2.o)
                0xc3e05154                ext_format
                0xc3e05258                do_ext3_format
                0xc3e05268                do_ext2_format
                0xc3e05278                do_ext2load
                0xc3e055b8                do_ext2ls
 .text          0xc3e056ec     0x221c libcommon.a(cmd_fastboot.o)
                0xc3e056ec                LCD_turnon
                0xc3e056f0                LCD_setfgcolor
                0xc3e056f4                LCD_setleftcolor
                0xc3e056f8                LCD_setprogress
                0xc3e05718                fastboot_flash_get_ptn
                0xc3e0573c                fastboot_flash_get_ptn_count
                0xc3e0574c                fastboot_flash_find_ptn
                0xc3e057c0                fastboot_flash_dump_ptn
                0xc3e0590c                fastboot_flash_add_ptn
                0xc3e05f5c                sd_format_mmcs
                0xc3e06450                do_fastboot
                0xc3e07578                do_sdfuse
 .text          0xc3e07908      0x5e8 libcommon.a(cmd_fat.o)
                0xc3e07908                do_fat_format
                0xc3e079f0                do_fat_fsinfo
                0xc3e07af0                do_fat_ls
                0xc3e07bf0                do_fat_fsload
 .text          0xc3e07ef0       0x4c libcommon.a(cmd_help.o)
                0xc3e07ef0                do_help
 .text          0xc3e07f3c      0x2fc libcommon.a(cmd_itest.o)
                0xc3e07fc4                binary_test
                0xc3e081a4                do_itest
 .text          0xc3e08238      0xc70 libcommon.a(cmd_load.o)
                0xc3e08238                ktrans
                0xc3e08258                chk1
                0xc3e082c0                k_data_init
                0xc3e082e0                k_data_save
                0xc3e08300                k_data_restore
                0xc3e0831c                k_data_char
                0xc3e0836c                send_pad
                0xc3e0839c                s1_sendpacket
                0xc3e083c8                handle_send_packet
                0xc3e0858c                send_nack
                0xc3e085ec                send_ack
                0xc3e08774                do_load_serial_bin
                0xc3e08dc8                do_load_serial
 .text          0xc3e08ea8       0x68 libcommon.a(cmd_max8997.o)
                0xc3e08ea8                do_max8997
 .text          0xc3e08f10       0xb0 libcommon.a(cmd_mdmupgrade.o)
                0xc3e08f10                do_mdmup
 .text          0xc3e08fc0      0x90c libcommon.a(cmd_mem.o)
                0xc3e08fc0                do_mem_crc
                0xc3e09070                do_mem_base
                0xc3e090b4                do_mem_mtest
                0xc3e09258                do_mem_loop
                0xc3e09350                do_mem_cp
                0xc3e09420                do_mem_cmp
                0xc3e095b0                do_mem_mw
                0xc3e097b8                do_mem_nm
                0xc3e097d8                do_mem_mm
                0xc3e097f8                do_mem_md
 .text          0xc3e098cc       0x88 libcommon.a(cmd_misc.o)
                0xc3e098cc                do_sleep
 .text          0xc3e09954      0xbfc libcommon.a(cmd_mmc.o)
                0xc3e09954                do_mmcinfo
                0xc3e09aa4                do_mmcops_secure
                0xc3e09d64                do_mmcops
                0xc3e0a1a4                do_emmc
 .text          0xc3e0a550      0xc38 libcommon.a(cmd_mmc_fdisk.o)
                0xc3e0a550                calc_unit
                0xc3e0a590                encode_chs
                0xc3e0a5b0                get_SDInfo
                0xc3e0a698                make_partitionInfo
                0xc3e0a894                put_mmc_mbr
                0xc3e0a8f8                get_mmc_mbr
                0xc3e0a958                get_mmc_block_count
                0xc3e0a99c                decode_partitionInfo
                0xc3e0a9dc                get_mmc_part_info
                0xc3e0aa78                print_mmc_part_info
                0xc3e0ac1c                encode_partitionInfo
                0xc3e0ac94                make_mmc_partition
                0xc3e0b05c                create_mmc_fdisk
                0xc3e0b0f4                do_fdisk
 .text          0xc3e0b188      0x8a8 libcommon.a(cmd_movi.o)
                0xc3e0b188                do_movi
                0xc3e0b7c0                init_raw_area_table
 .text          0xc3e0ba30      0x7f0 libcommon.a(cmd_nvedit.o)
                0xc3e0ba30                get_env_id
                0xc3e0ba40                envmatch
                0xc3e0baa0                getenv_r
                0xc3e0bb40                do_saveenv
                0xc3e0bb6c                getenv
                0xc3e0bbd4                _do_setenv
                0xc3e0bfcc                do_setenv
                0xc3e0bff8                setenv
                0xc3e0c044                do_editenv
                0xc3e0c194                do_printenv
 .text          0xc3e0c220      0x1e8 libcommon.a(cmd_source.o)
                0xc3e0c23c                source
                0xc3e0c3c0                do_source
 .text          0xc3e0c408      0x110 libcommon.a(cmd_usbd.o)
                0xc3e0c408                do_usbd_dnw
 .text          0xc3e0c518       0x20 libcommon.a(cmd_version.o)
                0xc3e0c518                do_version
 .text          0xc3e0c538      0x2dc libcommon.a(cmd_ximg.o)
                0xc3e0c538                do_imgextract
 .text          0xc3e0c814      0x2ec libcommon.a(command.o)
                0xc3e0c814                cmd_get_data_size
                0xc3e0c864                cmd_usage
                0xc3e0c8c4                find_cmd_tbl
                0xc3e0c958                find_cmd
                0xc3e0c980                _do_help
 .text          0xc3e0cb00      0x548 libcommon.a(console.o)
                0xc3e0cba0                fgetc
                0xc3e0cbc8                ftstc
                0xc3e0cbf0                fputc
                0xc3e0cc1c                fputs
                0xc3e0cc48                disable_ctrlc
                0xc3e0cc60                had_ctrlc
                0xc3e0cc70                clear_ctrlc
                0xc3e0cc84                dbg
                0xc3e0cc90                console_init_f
                0xc3e0cca0                search_device
                0xc3e0ccc8                console_assign
                0xc3e0cd08                fprintf
                0xc3e0cd50                puts
                0xc3e0cd6c                vprintf
                0xc3e0cd98                printf
                0xc3e0cdd8                stdio_print_current_devices
                0xc3e0ce90                console_init_r
                0xc3e0cf70                serial_printf
                0xc3e0cfb0                putc
                0xc3e0cfcc                tstc
                0xc3e0cfe4                getc
                0xc3e0cffc                ctrlc
 .text          0xc3e0d048      0x1a8 libcommon.a(decompress_ext4.o)
                0xc3e0d048                check_compress_ext4
                0xc3e0d10c                write_compressed_ext4
 .text          0xc3e0d1f0     0x10c4 libcommon.a(dlmalloc.o)
                0xc3e0d1f0                sbrk
                0xc3e0d228                malloc_trim
                0xc3e0d2f8                free
                0xc3e0d528                cfree
                0xc3e0d52c                malloc
                0xc3e0db40                memalign
                0xc3e0dc50                pvalloc
                0xc3e0dc68                valloc
                0xc3e0dc74                malloc_usable_size
                0xc3e0dcb8                mallopt
                0xc3e0dd30                calloc
                0xc3e0de10                mem_malloc_init
                0xc3e0de3c                realloc
 .text          0xc3e0e2b4      0x1d0 libcommon.a(env_auto.o)
                0xc3e0e2b4                env_get_char_spec
                0xc3e0e2c0                env_init
                0xc3e0e2dc                saveenv_nand
                0xc3e0e2e4                saveenv_nand_adv
                0xc3e0e2ec                env_relocate_spec_onenand
                0xc3e0e378                env_relocate_spec_nand
                0xc3e0e37c                env_relocate_spec_movinand
                0xc3e0e3b4                env_relocate_spec
                0xc3e0e3ec                saveenv_onenand
                0xc3e0e404                saveenv_movinand
                0xc3e0e43c                saveenv
 .text          0xc3e0e484      0x13c libcommon.a(env_common.o)
                0xc3e0e484                env_get_char_memory
                0xc3e0e4a8                env_get_addr
                0xc3e0e4cc                env_get_char
                0xc3e0e4fc                env_crc_update
                0xc3e0e524                set_default_env
                0xc3e0e568                env_relocate
 .text          0xc3e0e5c0      0x1e4 libcommon.a(exports.o)
                0xc3e0e5c4                get_version
                0xc3e0e5cc                jumptable_init
 .text          0xc3e0e7a4      0x7b4 libcommon.a(image.o)
                0xc3e0e7dc                image_multi_count
                0xc3e0e804                get_table_entry_name
                0xc3e0e830                genimg_get_os_name
                0xc3e0e848                genimg_get_arch_name
                0xc3e0e860                genimg_get_type_name
                0xc3e0e878                genimg_get_comp_name
                0xc3e0e890                genimg_get_image
                0xc3e0e894                genimg_has_config
                0xc3e0e89c                get_table_entry_id
                0xc3e0e8e8                genimg_get_comp_id
                0xc3e0e900                genimg_get_type_id
                0xc3e0e918                genimg_get_arch_id
                0xc3e0e930                genimg_get_os_id
                0xc3e0e96c                genimg_get_format
                0xc3e0e990                image_multi_getimg
                0xc3e0ea18                genimg_print_size
                0xc3e0ea44                image_print_contents
                0xc3e0ebd8                memmove_wd
                0xc3e0ebdc                getenv_bootm_low
                0xc3e0ec10                getenv_yesno
                0xc3e0ec34                getenv_bootm_size
                0xc3e0ec68                image_check_dcrc
                0xc3e0ecb0                image_check_hcrc
                0xc3e0ed04                boot_get_ramdisk
 .text          0xc3e0ef58     0x10f4 libcommon.a(main.o)
                0xc3e0ef58                __show_boot_progress
                0xc3e0ef58                show_boot_progress
                0xc3e0ef5c                parse_line
                0xc3e0efe8                run_command
                0xc3e0f3b8                do_run
                0xc3e0f650                readline_into_buffer
                0xc3e0fed0                readline
                0xc3e0feec                main_loop
 .text          0xc3e1004c      0x2d8 libcommon.a(s_record.o)
                0xc3e100c0                srec_decode
 .text          0xc3e10324      0x174 libcommon.a(stdio.o)
                0xc3e10324                stdio_get_list
                0xc3e10330                stdio_clone
                0xc3e10378                stdio_get_by_name
                0xc3e103cc                stdio_register
                0xc3e1040c                stdio_init
 .text          0xc3e10498      0x97c libcommon.a(xyzModem.o)
                0xc3e10498                parse_num
                0xc3e105d4                xyzModem_error
                0xc3e105f4                xyzModem_stream_close
                0xc3e10644                CYGACC_COMM_IF_PUTC
                0xc3e1064c                CYGACC_COMM_IF_GETC_TIMEOUT
                0xc3e106cc                xyzModem_stream_terminate
                0xc3e10a1c                xyzModem_stream_read
                0xc3e10cb0                xyzModem_stream_open
 .text          0xc3e10e14      0x41c libsmdkc210.a(smdkc210.o)
                0xc3e10e14                board_init
                0xc3e10e38                virt_to_phy_smdkc210
                0xc3e10e48                checkboard
                0xc3e10e74                dram_init
                0xc3e11084                chk_bootdev
                0xc3e11128                check_bootmode
                0xc3e111cc                board_late_init
 .text          0xc3e11230       0x44 libgeneric.a(crc16.o)
                0xc3e11230                cyg_crc16
 .text          0xc3e11274      0x104 libgeneric.a(crc32.o)
                0xc3e11274                crc32_no_comp
                0xc3e11360                crc32
                0xc3e11374                crc32_wd
 .text          0xc3e11378      0x23c libgeneric.a(display_options.o)
                0xc3e11378                print_size
                0xc3e1143c                display_options
                0xc3e1145c                print_buffer
 .text          0xc3e115b4      0x1c4 libgeneric.a(gunzip.o)
                0xc3e115b4                zunzip
                0xc3e116ac                gunzip
                0xc3e11760                zfree
                0xc3e11768                zalloc
 .text          0xc3e11778       0x78 libgeneric.a(net_utils.o)
                0xc3e11778                string_to_ip
 .text          0xc3e117f0      0xc0c libgeneric.a(vsprintf.o)
                0xc3e1180c                simple_strtoul
                0xc3e118c8                simple_strtol
                0xc3e118f0                ustrtoul
                0xc3e11964                simple_strtoull
                0xc3e11a7c                panic
                0xc3e11f6c                vsprintf
                0xc3e123d8                sprintf
 .text          0xc3e123fc     0x2718 libgeneric.a(zlib.o)
                0xc3e123fc                inflate_fast
                0xc3e12918                inflate_table
                0xc3e12e80                inflateReset
                0xc3e12f1c                inflateInit2_
                0xc3e13018                inflateInit_
                0xc3e13028                inflateEnd
                0xc3e130ac                adler32
                0xc3e133a8                zcfree
                0xc3e133b0                zcalloc
                0xc3e133b8                inflate
 .text          0xc3e14b14        0x0 libgeneric.a(ctype.o)
 .text          0xc3e14b14       0xf4 libgeneric.a(div64.o)
                0xc3e14b14                __div64_32
 .text          0xc3e14c08      0x304 libarm_cortexa9.a(cpu.o)
                0xc3e14c44                InitBaseHwForNfc
                0xc3e14ccc                _console_write
                0xc3e14d20                _console_setup
                0xc3e14d80                cpu_init
                0xc3e14da0                icache_enable
                0xc3e14dbc                icache_disable
                0xc3e14dd8                icache_status
                0xc3e14de8                dcache_enable
                0xc3e14e04                dcache_disable
                0xc3e14e20                dcache_status
                0xc3e14e30                branch_enable
                0xc3e14e4c                branch_disable
                0xc3e14e68                branch_status
                0xc3e14e78                cpu_mmc_init
                0xc3e14e90                reset_cpu
                0xc3e14ec4                do_reset
                0xc3e14edc                cleanup_before_linux
 .text          0xc3e14f0c       0xa4 libs5pc210.a(serial.o)
                0xc3e14f0c                serial_setbrg
                0xc3e14f10                serial_init
                0xc3e14f2c                serial_tstc
                0xc3e14f40                serial_putc
                0xc3e14f6c                serial_puts
                0xc3e14f94                serial_getc
 .text          0xc3e14fb0     0x1dc0 libs5pc210.a(usbd-otg-hs.o)
                0xc3e14fb0                s3c_usb_phy_off
                0xc3e14fdc                s3c_usb_core_soft_reset
                0xc3e15000                s3c_usb_init_core
                0xc3e1501c                s3c_usb_check_current_mode
                0xc3e15034                s3c_usb_set_soft_disconnect
                0xc3e1504c                s3c_usb_clear_soft_disconnect
                0xc3e15064                s3c_usb_init_device
                0xc3e15090                s3c_usbc_activate
                0xc3e15098                s3c_usb_stop
                0xc3e150ac                s3c_usb_set_inep_xfersize
                0xc3e150e0                s3c_usb_set_outep_xfersize
                0xc3e15114                s3c_usb_write_ep0_fifo
                0xc3e15164                s3c_usb_write_in_fifo
                0xc3e151b4                s3c_usb_read_out_fifo
                0xc3e15200                s3c_usb_get_desc
                0xc3e1530c                s3c_usb_clear_feature
                0xc3e1537c                s3c_usb_set_feature
                0xc3e154d4                s3c_usb_get_status
                0xc3e1556c                s3c_usb_ep0_int_hndlr
                0xc3e156dc                s3c_usb_set_otherspeed_conf_desc
                0xc3e157c8                s3c_usb_transfer_ep0
                0xc3e16050                s3c_usb_int_bulkin
                0xc3e16118                s3c_usb_upload_start
                0xc3e16270                s3c_usb_download_start
                0xc3e1638c                s3c_usb_dma_in_done
                0xc3e16424                s3c_usb_set_all_outep_nak
                0xc3e1644c                s3c_usb_clear_all_outep_nak
                0xc3e16474                s3c_usb_set_max_pktsize
                0xc3e164c0                s3c_usb_set_endpoint
                0xc3e16504                s3c_usb_set_descriptors
                0xc3e16654                s3c_usb_check_speed
                0xc3e1666c                s3c_usb_clear_dnfile_info
                0xc3e16688                s3c_usb_clear_upfile_info
                0xc3e166a4                s3c_usb_check_setconf
                0xc3e166bc                s3c_usb_set_opmode
                0xc3e1672c                s3c_usb_reset
                0xc3e1678c                s3c_usb_set_init
                0xc3e167ec                s3c_usb_verify_checksum
                0xc3e1688c                s3c_usb_download_continue
                0xc3e16938                s3c_usb_int_bulkout
                0xc3e16960                s3c_usb_pkt_receive
                0xc3e169cc                s3c_usb_print_pkt
                0xc3e16a18                s3c_usb_dma_out_done
                0xc3e16abc                s3c_usb_transfer
                0xc3e16bb8                s3c_udc_int_hndlr
                0xc3e16c58                s3c_usb_wait_cable_insert
                0xc3e16ca8                s3c_usb_init_phy
                0xc3e16ce8                s3c_usbctl_init
 .text          0xc3e16d70      0x18c libs5pc210.a(cpu_info.o)
                0xc3e16d70                get_device_type
                0xc3e16d80                arch_cpu_init
                0xc3e16edc                print_cpuinfo
 .text          0xc3e16efc     0x204c libs5pc210.a(fastboot.o)
                0xc3e16efc                fboot_usb_phy_off
                0xc3e16f28                fboot_usb_core_soft_reset
                0xc3e16f4c                fboot_usb_init_core
                0xc3e16f68                fboot_usb_check_current_mode
                0xc3e16f80                fboot_usb_set_soft_disconnect
                0xc3e16f98                fboot_usb_clear_soft_disconnect
                0xc3e16fb0                fboot_usb_init_device
                0xc3e16fdc                fboot_usbc_activate
                0xc3e16fe4                fboot_usb_stop
                0xc3e16ff8                fboot_usb_set_inep_xfersize
                0xc3e1702c                fboot_usb_set_outep_xfersize
                0xc3e17060                fboot_usb_write_ep0_fifo
                0xc3e170b0                fboot_usb_write_in_fifo
                0xc3e17100                fboot_usb_read_out_fifo
                0xc3e1714c                fboot_usb_get_desc
                0xc3e1726c                fboot_usb_clear_feature
                0xc3e172dc                fboot_usb_set_feature
                0xc3e17434                fboot_usb_get_status
                0xc3e174cc                fboot_usb_ep0_int_hndlr
                0xc3e1763c                fboot_usb_set_otherspeed_conf_desc
                0xc3e17728                fboot_usb_transfer_ep0
                0xc3e17fc8                fboot_usb_upload_start
                0xc3e18120                fboot_usb_download_start
                0xc3e1823c                fboot_usb_dma_in_done
                0xc3e182d4                fboot_usb_set_all_outep_nak
                0xc3e182fc                fboot_usb_clear_all_outep_nak
                0xc3e18324                fboot_usb_set_max_pktsize
                0xc3e18370                fboot_usb_set_endpoint
                0xc3e183b4                fboot_usb_set_descriptors
                0xc3e18508                fboot_usb_check_speed
                0xc3e18520                fboot_usb_clear_dnfile_info
                0xc3e1853c                fboot_usb_clear_upfile_info
                0xc3e18558                fboot_usb_check_setconf
                0xc3e18570                fboot_usb_set_opmode
                0xc3e185e0                fboot_usb_reset
                0xc3e18640                fastboot_shutdown
                0xc3e18644                fastboot_fifo_size
                0xc3e18660                fastboot_getvar
                0xc3e18668                fboot_usb_int_bulkin
                0xc3e186f4                fastboot_preboot
                0xc3e18788                fboot_usb_set_init
                0xc3e187e8                fboot_usb_verify_checksum
                0xc3e1887c                fboot_usb_download_continue
                0xc3e18928                fboot_usb_print_pkt
                0xc3e18968                fboot_usb_dma_out_done
                0xc3e18a0c                fboot_usb_transfer
                0xc3e18b0c                fboot_usb_wait_cable_insert
                0xc3e18b4c                fboot_usb_init_phy
                0xc3e18b8c                fboot_usbctl_init
                0xc3e18c14                fastboot_init
                0xc3e18cf0                fboot_usb_int_bulkout
                0xc3e18d80                fboot_usb_pkt_receive
                0xc3e18dec                fboot_usb_int_hndlr
                0xc3e18ea8                fastboot_poll
                0xc3e18efc                fastboot_tx_status
 .text          0xc3e18f48      0x468 libs5pc210.a(pmic.o)
                0xc3e18f48                PMIC_GetVoltage_Buck
                0xc3e18f90                PMIC_SetVoltage_Buck
                0xc3e18fd4                I2C_S5M8767_VolSetting
                0xc3e19040                pmic8767_init
                0xc3e19098                PMIC_InitIp
                0xc3e19320                GPIO_Reset_B
                0xc3e19368                GPIO_Reset_A
 .text          0xc3e193b0     0x2be4 libs5pc210.a(gpio.o)
                0xc3e193b0                GPIO_Init
                0xc3e193c4                GPIO_SetFunctionEach
                0xc3e193f4                GPIO_SetFunctionAll
                0xc3e1940c                GPIO_SetDataEach
                0xc3e1943c                GPIO_SetDataAll
                0xc3e19458                GPIO_GetDataAll
                0xc3e19474                GPIO_SetPullUpDownEach
                0xc3e194a8                GPIO_SetPullUpDownAll
                0xc3e194c4                ETC_SetPullUpDownEach
                0xc3e194f4                ETC_SetPullUpDownAll
                0xc3e1950c                GPIO_SetDSEach
                0xc3e19540                GPIO_SetDSAll
                0xc3e1956c                GPIO_SetConRegPDNAll
                0xc3e19588                GPIO_SetPullUDPDNAll
                0xc3e195a4                GPIO_EINT1ClrPend
                0xc3e195c8                GPIO_EINT1UnMask
                0xc3e195f0                GPIO_EINT1Mask
                0xc3e19620                GPIO_EINT2ClrPend
                0xc3e19644                GPIO_EINT2UnMask
                0xc3e1966c                GPIO_EINT2Mask
                0xc3e1969c                GPIO_EINT3ClrPend
                0xc3e196c0                GPIO_EINT3UnMask
                0xc3e196e8                GPIO_EINT3Mask
                0xc3e19718                GPIO_EINT4ClrPend
                0xc3e1973c                GPIO_EINT4UnMask
                0xc3e19764                GPIO_EINT4Mask
                0xc3e19794                GPIO_EINT5ClrPend
                0xc3e197b8                GPIO_EINT5UnMask
                0xc3e197e0                GPIO_EINT5Mask
                0xc3e19810                GPIO_EINT6ClrPend
                0xc3e19834                GPIO_EINT6UnMask
                0xc3e1985c                GPIO_EINT6Mask
                0xc3e1988c                GPIO_EINT7ClrPend
                0xc3e198b0                GPIO_EINT7UnMask
                0xc3e198d8                GPIO_EINT7Mask
                0xc3e19908                GPIO_EINT8ClrPend
                0xc3e1992c                GPIO_EINT8UnMask
                0xc3e19954                GPIO_EINT8Mask
                0xc3e19984                GPIO_EINT9ClrPend
                0xc3e199a8                GPIO_EINT9UnMask
                0xc3e199d0                GPIO_EINT9Mask
                0xc3e19a00                GPIO_EINT10ClrPend
                0xc3e19a24                GPIO_EINT10UnMask
                0xc3e19a4c                GPIO_EINT10Mask
                0xc3e19a7c                GPIO_EINT11ClrPend
                0xc3e19aa0                GPIO_EINT11UnMask
                0xc3e19ac8                GPIO_EINT11Mask
                0xc3e19af8                GPIO_EINT12ClrPend
                0xc3e19b1c                GPIO_EINT12UnMask
                0xc3e19b44                GPIO_EINT12Mask
                0xc3e19b74                GPIO_EINT13ClrPend
                0xc3e19b98                GPIO_EINT13UnMask
                0xc3e19bc0                GPIO_EINT13Mask
                0xc3e19bf0                GPIO_EINT14ClrPend
                0xc3e19c14                GPIO_EINT14UnMask
                0xc3e19c3c                GPIO_EINT14Mask
                0xc3e19c6c                GPIO_EINT15ClrPend
                0xc3e19c90                GPIO_EINT15UnMask
                0xc3e19cb8                GPIO_EINT15Mask
                0xc3e19ce8                GPIO_EINT16ClrPend
                0xc3e19d0c                GPIO_EINT16UnMask
                0xc3e19d34                GPIO_EINT16Mask
                0xc3e19d64                GPIO_EINT21ClrPend
                0xc3e19d80                GPIO_EINT21UnMask
                0xc3e19da0                GPIO_EINT21Mask
                0xc3e19dc8                GPIO_EINT22ClrPend
                0xc3e19de4                GPIO_EINT22UnMask
                0xc3e19e04                GPIO_EINT22Mask
                0xc3e19e2c                GPIO_EINT23ClrPend
                0xc3e19e48                GPIO_EINT23UnMask
                0xc3e19e68                GPIO_EINT23Mask
                0xc3e19e90                GPIO_EINT24ClrPend
                0xc3e19eac                GPIO_EINT24UnMask
                0xc3e19ecc                GPIO_EINT24Mask
                0xc3e19ef4                GPIO_EINT25ClrPend
                0xc3e19f10                GPIO_EINT25UnMask
                0xc3e19f30                GPIO_EINT25Mask
                0xc3e19f58                GPIO_EINT26ClrPend
                0xc3e19f74                GPIO_EINT26UnMask
                0xc3e19f94                GPIO_EINT26Mask
                0xc3e19fbc                GPIO_EINT27ClrPend
                0xc3e19fd8                GPIO_EINT27UnMask
                0xc3e19ff8                GPIO_EINT27Mask
                0xc3e1a020                GPIO_EINT28ClrPend
                0xc3e1a03c                GPIO_EINT28UnMask
                0xc3e1a05c                GPIO_EINT28Mask
                0xc3e1a084                GPIO_EINT29ClrPend
                0xc3e1a0a0                GPIO_EINT29UnMask
                0xc3e1a0c0                GPIO_EINT29Mask
                0xc3e1a0e8                GPIO_EINT40ClrPend
                0xc3e1a104                GPIO_EINT40UnMask
                0xc3e1a124                GPIO_EINT40Mask
                0xc3e1a14c                GPIO_EINT41ClrPend
                0xc3e1a168                GPIO_EINT41UnMask
                0xc3e1a188                GPIO_EINT41Mask
                0xc3e1a1b0                GPIO_EINT42ClrPend
                0xc3e1a1cc                GPIO_EINT42UnMask
                0xc3e1a1ec                GPIO_EINT42Mask
                0xc3e1a214                GPIO_EINT43ClrPend
                0xc3e1a230                GPIO_EINT43UnMask
                0xc3e1a250                GPIO_EINT43Mask
                0xc3e1a278                EINT_GRPPRI_XA
                0xc3e1a2a0                EINT_GRPPRI_XB
                0xc3e1a2c0                EINT_PRIORITY_XA
                0xc3e1a2f4                EINT_PRIORITY_XB
                0xc3e1a320                Get_EINTSVC_XA
                0xc3e1a33c                Get_EINTSVC_XB
                0xc3e1a350                Get_EINTSVCPEND_XA
                0xc3e1a36c                Get_EINTSVCPEND_XB
                0xc3e1a380                EINT_GRPFIXPRI_XA
                0xc3e1a3a8                EINT_GRPFIXPRI_XB
                0xc3e1a3c8                EINT_FIXPRI_XB
                0xc3e1a40c                EINT_FIXPRI_XA
                0xc3e1a480                GPIO_SetEint1
                0xc3e1a57c                GPIO_SetEint2
                0xc3e1a684                GPIO_SetEint3
                0xc3e1a78c                GPIO_SetEint4
                0xc3e1a874                GPIO_SetEint5
                0xc3e1a95c                GPIO_SetEint6
                0xc3e1aa18                GPIO_SetEint7
                0xc3e1aad4                GPIO_SetEint8
                0xc3e1abbc                GPIO_SetEint9
                0xc3e1acc4                GPIO_SetEint10
                0xc3e1adcc                GPIO_SetEint11
                0xc3e1aed4                GPIO_SetEint12
                0xc3e1afdc                GPIO_SetEint13
                0xc3e1b0e4                GPIO_SetEint14
                0xc3e1b1ec                GPIO_SetEint15
                0xc3e1b2f4                GPIO_SetEint16
                0xc3e1b3fc                GPIO_SetEint21
                0xc3e1b4e8                GPIO_SetEint22
                0xc3e1b5b4                GPIO_SetEint23
                0xc3e1b6a0                GPIO_SetEint24
                0xc3e1b78c                GPIO_SetEint25
                0xc3e1b878                GPIO_SetEint26
                0xc3e1b964                GPIO_SetEint27
                0xc3e1ba50                GPIO_SetEint28
                0xc3e1baf8                GPIO_SetEint29
                0xc3e1bbe4                GPIO_SetEint40
                0xc3e1bcd0                GPIO_SetEint41
                0xc3e1bdbc                GPIO_SetEint42
                0xc3e1bea8                GPIO_SetEint43
 .text          0xc3e1bf94     0x1364 libs5pc210.a(i2c.o)
                0xc3e1bf94                I2C_GetLastError
                0xc3e1bfac                I2C_SetClock
                0xc3e1c018                I2C_SetAckGeneration
                0xc3e1c054                I2C_SetSlaveAddress
                0xc3e1c088                I2C_SetFilter
                0xc3e1c0c4                I2C_SetOutputDelay
                0xc3e1c0fc                I2C_EnableInt
                0xc3e1c120                I2C_DisableInt
                0xc3e1c144                I2C_GetIntStatus
                0xc3e1c164                I2C_WaitForXferNoAck
                0xc3e1c1a4                I2C_ClearIntStatus
                0xc3e1c1c8                I2C_SetMode
                0xc3e1c2c4                I2C_GenerateSignal
                0xc3e1c300                I2C_GetBusStatus
                0xc3e1c320                I2C_IsBusReady
                0xc3e1c344                I2C_WaitForBusReady
                0xc3e1c384                I2C_IsBusBusy
                0xc3e1c3a4                I2C_IsMatchAddress
                0xc3e1c3c4                I2C_WaitForMatchAddress
                0xc3e1c414                I2C_IsXferAck
                0xc3e1c438                I2C_WaitForXferAck
                0xc3e1c488                I2C_WriteAddress
                0xc3e1c4a8                I2C_WriteData
                0xc3e1c4c4                I2C_ReadData
                0xc3e1c4e0                I2C_SetGPIO
                0xc3e1c918                I2C_InitSlave
                0xc3e1c970                I2C_InitMaster
                0xc3e1c9b8                I2C_CalculatePrescaler
                0xc3e1ca88                I2C_PrintErrorCase
                0xc3e1cd94                I2C_RecvEx
                0xc3e1cd98                I2C_Recv
                0xc3e1d0f4                I2C_SendEx
                0xc3e1d0f8                I2C_Send
                0xc3e1d250                I2C_InitIp
 .text          0xc3e1d2f8     0x1f14 libs5pc210.a(cmu.o)
                0xc3e1d2f8                SYSC_SetCpuDiv
                0xc3e1d378                SYSC_SetCoreDiv
                0xc3e1d414                SYSC_SetTopBusDiv
                0xc3e1d4ac                SYSC_SetDivDefaultVal
                0xc3e1d534                SYSC_SetLocktimeVal
                0xc3e1d5b4                SYSC_CheckPllLock
                0xc3e1d608                SYSC_EnablePll
                0xc3e1d66c                SYSC_DisablePll
                0xc3e1d6c4                SYSC_SetDitherParam
                0xc3e1d92c                SYSC_CalcPllFout
                0xc3e1da68                SYSC_GetMuxSrc
                0xc3e1da90                SYSC_SetMuxSrc
                0xc3e1db48                SYSC_SetClkDiv
                0xc3e1db9c                SYSC_GetClkDiv
                0xc3e1dbc8                SYSC_SetClkGateIp
                0xc3e1dbfc                SYSC_GetClkGateIp
                0xc3e1dc28                SYSC_SetClkGateBlock
                0xc3e1dc5c                SYSC_GetClkGateBlock
                0xc3e1dce0                SYSC_SetClkOut
                0xc3e1ddf0                SYSC_SetPllByPms
                0xc3e1e078                SYSC_SetPllByFout
                0xc3e1e524                SYSC_GetVcoPll
                0xc3e1e67c                SYSC_GetFoutPll
                0xc3e1e7ec                SYSC_ChangePllnDiv
                0xc3e1e9b0                SYSC_InitSysClk
                0xc3e1f068                SYSC_GetClkFreq
 .text          0xc3e1f20c       0x98 libs5pc210.a(speed.o)
                0xc3e1f260                get_ARM_CLK
                0xc3e1f294                get_MPLL_CLK
                0xc3e1f29c                get_APLL_CLK
 .text          0xc3e1f2a4      0x458 libs5pc210.a(max8997.o)
                0xc3e1f5c0                pmic_write
                0xc3e1f5c4                max8997_init
                0xc3e1f68c                lowlevel_init_max8997
                0xc3e1f6f8                pmic_read
 .text          0xc3e1f6fc      0x260 libs5pc210.a(setup_hsmmc.o)
                0xc3e1f6fc                setup_sdhci0_cfg_card
                0xc3e1f700                setup_hsmmc_cfg_gpio
                0xc3e1f798                setup_hsmmc_clock
                0xc3e1f884                set_hsmmc_pre_ratio
                0xc3e1f90c                clear_hsmmc_clock_div
 .text          0xc3e1f95c      0x174 libs5pc210.a(recovery.o)
                0xc3e1f95c                factory_reset
                0xc3e1fa20                recovery_preboot
 .text          0xc3e1fad0      0x238 libarm.a(bootm.o)
                0xc3e1fad0                do_bootm_linux
 .text          0xc3e1fd08        0x4 libarm.a(cache.o)
                0xc3e1fd08                flush_cache
 .text          0xc3e1fd0c     0x19d0 libfat.a(fat.o)
                0xc3e1fec4                disk_read
                0xc3e20218                file_fat_detectfs
                0xc3e20650                do_fat_read
                0xc3e20f44                file_fat_read
                0xc3e20f7c                file_fat_ls
                0xc3e20f8c                fat_register_device
                0xc3e2109c                fat_format_device
 .text          0xc3e216dc     0x3370 libext2fs.a(ext2fs.o)
                0xc3e216dc                get_random_val
                0xc3e216f4                default_journal_size
                0xc3e21734                ext2fs_format
                0xc3e23c70                ext2fs_free_node
                0xc3e23c90                ext2fs_close
                0xc3e23e10                ext2fs_mount
                0xc3e23ec4                ext2fs_read_file
                0xc3e24398                ext2fs_read
                0xc3e24640                ext2fs_find_file1
                0xc3e248c8                ext2fs_find_file
                0xc3e24944                ext2fs_open
                0xc3e249d8                ext2fs_ls
 .text          0xc3e24a4c      0x224 libext2fs.a(dev.o)
                0xc3e24a4c                ext2fs_devread
                0xc3e24c24                ext2fs_set_blk_dev
 .text          0xc3e24c70      0x37c libdisk.a(part.o)
                0xc3e24c70                dev_print
                0xc3e24e6c                get_partition_info
                0xc3e24e90                init_part
                0xc3e24eac                get_dev
                0xc3e24f10                print_part
 .text          0xc3e24fec      0x508 libdisk.a(part_dos.o)
                0xc3e25030                test_part_dos
                0xc3e252dc                get_partition_info_dos
                0xc3e254c8                print_part_dos
 .text          0xc3e254f4      0x528 libmmc.a(s3c_hsmmc.o)
                0xc3e258c4                smdk_s3c_hsmmc_init
 .text          0xc3e25a1c      0xd14 libmmc.a(s5p_mshc.o)
                0xc3e25bdc                mshci_fifo_deinit
                0xc3e2663c                emmc_mode_change
                0xc3e2668c                smdk_s5p_mshc_init
 .text          0xc3e26730       0x1c /home/sw/pp_self/1/iTop4412_uboot/sw_build/eabi_compat.o
                0xc3e26730                raise
 .text          0xc3e2674c      0x20c /home/sw/bb/arm-2009q3/bin/../lib/gcc/arm-none-linux-gnueabi/4.4.1/libgcc.a(_udivsi3.o)
                0xc3e2674c                __udivsi3
                0xc3e2674c                __aeabi_uidiv
                0xc3e26938                __aeabi_uidivmod
 .text          0xc3e26958      0x240 /home/sw/bb/arm-2009q3/bin/../lib/gcc/arm-none-linux-gnueabi/4.4.1/libgcc.a(_divsi3.o)
                0xc3e26958                __aeabi_idiv
                0xc3e26958                __divsi3
                0xc3e26b78                __aeabi_idivmod
 .text          0xc3e26b98       0x1c /home/sw/bb/arm-2009q3/bin/../lib/gcc/arm-none-linux-gnueabi/4.4.1/libgcc.a(_lshrdi3.o)
                0xc3e26b98                __aeabi_llsr
                0xc3e26b98                __lshrdi3
 .text          0xc3e26bb4      0x3b8 /home/sw/bb/arm-2009q3/bin/../lib/gcc/arm-none-linux-gnueabi/4.4.1/libgcc.a(_arm_addsubdf3.o)
                0xc3e26bb4                __aeabi_drsub
                0xc3e26bbc                __aeabi_dsub
                0xc3e26bbc                __subdf3
                0xc3e26bc0                __adddf3
                0xc3e26bc0                __aeabi_dadd
                0xc3e26e6c                __aeabi_ui2d
                0xc3e26e6c                __floatunsidf
                0xc3e26e90                __floatsidf
                0xc3e26e90                __aeabi_i2d
                0xc3e26eb8                __extendsfdf2
                0xc3e26eb8                __aeabi_f2d
                0xc3e26ef8                __aeabi_ul2d
                0xc3e26ef8                __floatundidf
                0xc3e26f0c                __floatdidf
                0xc3e26f0c                __aeabi_l2d
 .text          0xc3e26f6c      0x470 /home/sw/bb/arm-2009q3/bin/../lib/gcc/arm-none-linux-gnueabi/4.4.1/libgcc.a(_arm_muldivdf3.o)
                0xc3e26f6c                __aeabi_dmul
                0xc3e26f6c                __muldf3
                0xc3e271d8                __aeabi_ddiv
                0xc3e271d8                __divdf3
 .text          0xc3e273dc       0xa0 /home/sw/bb/arm-2009q3/bin/../lib/gcc/arm-none-linux-gnueabi/4.4.1/libgcc.a(_arm_truncdfsf2.o)
                0xc3e273dc                __aeabi_d2f
                0xc3e273dc                __truncdfsf2
 .text          0xc3e2747c      0x250 /home/sw/bb/arm-2009q3/bin/../lib/gcc/arm-none-linux-gnueabi/4.4.1/libgcc.a(_arm_addsubsf3.o)
                0xc3e2747c                __aeabi_frsub
                0xc3e27484                __subsf3
                0xc3e27484                __aeabi_fsub
                0xc3e27488                __aeabi_fadd
                0xc3e27488                __addsf3
                0xc3e27618                __aeabi_ui2f
                0xc3e27618                __floatunsisf
                0xc3e27620                __aeabi_i2f
                0xc3e27620                __floatsisf
                0xc3e27640                __floatundisf
                0xc3e27640                __aeabi_ul2f
                0xc3e27650                __floatdisf
                0xc3e27650                __aeabi_l2f
 .text          0xc3e276cc      0x2f8 /home/sw/bb/arm-2009q3/bin/../lib/gcc/arm-none-linux-gnueabi/4.4.1/libgcc.a(_arm_muldivsf3.o)
                0xc3e276cc                __mulsf3
                0xc3e276cc                __aeabi_fmul
                0xc3e27864                __divsf3
                0xc3e27864                __aeabi_fdiv
 .text          0xc3e279c4       0xfc /home/sw/bb/arm-2009q3/bin/../lib/gcc/arm-none-linux-gnueabi/4.4.1/libgcc.a(_arm_cmpsf2.o)
                0xc3e279c4                __gtsf2
                0xc3e279c4                __gesf2
                0xc3e279cc                __lesf2
                0xc3e279cc                __ltsf2
                0xc3e279d4                __nesf2
                0xc3e279d4                __eqsf2
                0xc3e279d4                __cmpsf2
                0xc3e27a38                __aeabi_cfrcmple
                0xc3e27a48                __aeabi_cfcmple
                0xc3e27a48                __aeabi_cfcmpeq
                0xc3e27a5c                __aeabi_fcmpeq
                0xc3e27a70                __aeabi_fcmplt
                0xc3e27a84                __aeabi_fcmple
                0xc3e27a98                __aeabi_fcmpge
                0xc3e27aac                __aeabi_fcmpgt
 .text          0xc3e27ac0       0x54 /home/sw/bb/arm-2009q3/bin/../lib/gcc/arm-none-linux-gnueabi/4.4.1/libgcc.a(_arm_fixunssfsi.o)
                0xc3e27ac0                __aeabi_f2uiz
                0xc3e27ac0                __fixunssfsi
 .text          0xc3e27b14       0x10 /home/sw/bb/arm-2009q3/bin/../lib/gcc/arm-none-linux-gnueabi/4.4.1/libgcc.a(_dvmd_lnx.o)
                0xc3e27b14                __aeabi_ldiv0
                0xc3e27b14                __aeabi_idiv0

.glue_7         0xc3e27b24        0x0
 .glue_7        0x00000000        0x0 linker stubs

.glue_7t        0xc3e27b24        0x0
 .glue_7t       0x00000000        0x0 linker stubs

.vfp11_veneer   0xc3e27b24        0x0
 .vfp11_veneer  0x00000000        0x0 linker stubs

.v4_bx          0xc3e27b24        0x0
 .v4_bx         0x00000000        0x0 linker stubs
                0xc3e27b24                . = ALIGN (0x4)

.rodata         0xc3e27b24     0xcb22
 *(SORT(.rodata*))
 .rodata        0xc3e27b24       0x14 ace_sha1.o
                0xc3e27b24                sha1_digest_emptymsg
 .rodata        0xc3e27b38       0x80 libs5pc210.a(interrupts.o)
 .rodata        0xc3e27bb8       0x44 libarm.a(board.o)
                0xc3e27bb8                version_string
 .rodata        0xc3e27bfc       0x4c libcommon.a(cmd_bootm.o)
 .rodata        0xc3e27c48       0x58 libcommon.a(command.o)
 .rodata        0xc3e27ca0       0x20 libcommon.a(xyzModem.o)
 .rodata        0xc3e27cc0      0x200 libgeneric.a(crc16.o)
 .rodata        0xc3e27ec0      0x400 libgeneric.a(crc32.o)
 .rodata        0xc3e282c0       0x24 libgeneric.a(vsprintf.o)
                0xc3e282d0                hex_asc
 .rodata        0xc3e282e4      0x9d0 libgeneric.a(zlib.o)
                0xc3e28c8c                z_errmsg
 .rodata        0xc3e28cb4       0xac libs5pc210.a(usbd-otg-hs.o)
                0xc3e28cb4                config_full
                0xc3e28cc0                config_full_total
                0xc3e28ce0                config_high
                0xc3e28cec                config_high_total
                0xc3e28d0c                qualifier_desc
                0xc3e28d18                string_desc0
                0xc3e28d1c                string_desc1
                0xc3e28d34                string_desc2
 .rodata        0xc3e28d60       0xb4 libs5pc210.a(fastboot.o)
                0xc3e28d60                fboot_config_full
                0xc3e28d6c                fboot_config_full_total
                0xc3e28d8c                fboot_config_high
                0xc3e28d98                fboot_config_high_total
                0xc3e28db8                fboot_qualifier_desc
                0xc3e28dc4                fboot_string_desc0
                0xc3e28dc8                fboot_string_desc1
                0xc3e28de0                fboot_string_desc2
                0xc3e28df8                string_desc3
 .rodata        0xc3e28e14       0x18 libs5pc210.a(pmic.o)
                0xc3e28e14                gVoltage_Type
 .rodata        0xc3e28e2c     0x4c08 libs5pc210.a(cmu.o)
 .rodata        0xc3e2da34       0x10 libdisk.a(part.o)
 .rodata        0xc3e2da44        0x2 libs5pc210.a(cpu_info.o)
 .rodata.str1.1
                0xc3e2da46      0x21f libs5pc210.a(interrupts.o)
                                0x236 (size before relaxing)
 .rodata.str1.1
                0xc3e2dc65       0x5f libarm.a(board.o)
                                 0x61 (size before relaxing)
 .rodata.str1.1
                0xc3e2dcc4      0x396 libmmc.a(mmc.o)
                                0x39e (size before relaxing)
 .rodata.str1.1
                0xc3e2e05a       0x81 libcommon.a(cmd_bdinfo.o)
                                 0x82 (size before relaxing)
 .rodata.str1.1
                0xc3e2e0db       0xef libcommon.a(cmd_boot.o)
                                 0xf0 (size before relaxing)
 .rodata.str1.1
                0xc3e2e1ca      0x7f4 libcommon.a(cmd_bootm.o)
                                0x848 (size before relaxing)
 .rodata.str1.1
                0xc3e2e9be       0x5c libcommon.a(cmd_console.o)
                                 0x61 (size before relaxing)
 .rodata.str1.1
                0xc3e2ea1a       0x50 libcommon.a(cmd_echo.o)
                                 0x55 (size before relaxing)
 .rodata.str1.1
                0xc3e2ea6a      0x24c libcommon.a(cmd_elf.o)
                                0x25c (size before relaxing)
 .rodata.str1.1
                0xc3e2ecb6      0x4d6 libcommon.a(cmd_ext2.o)
                                0x56e (size before relaxing)
 .rodata.str1.1
                0xc3e2f18c      0xdef libcommon.a(cmd_fastboot.o)
                                0xe8f (size before relaxing)
 .rodata.str1.1
                0xc3e2ff7b      0x543 libcommon.a(cmd_fat.o)
                                0x656 (size before relaxing)
 .rodata.str1.1
                0xc3e304be       0x9a libcommon.a(cmd_help.o)
                                 0x9b (size before relaxing)
 .rodata.str1.1
                0xc3e30558       0xb3 libcommon.a(cmd_itest.o)
                                 0xb5 (size before relaxing)
 .rodata.str1.1
                0xc3e3060b      0x336 libcommon.a(cmd_load.o)
                                0x353 (size before relaxing)
 .rodata.str1.1
                0xc3e30941       0x5c libcommon.a(cmd_max8997.o)
 .rodata.str1.1
                0xc3e3099d       0x3f libcommon.a(cmd_mdmupgrade.o)
 .rodata.str1.1
                0xc3e309dc      0x480 libcommon.a(cmd_mem.o)
                                0x491 (size before relaxing)
 .rodata.str1.1
                0xc3e30e5c       0x5f libcommon.a(cmd_misc.o)
 .rodata.str1.1
                0xc3e30ebb      0x6fb libcommon.a(cmd_mmc.o)
                                0x738 (size before relaxing)
 .rodata.str1.1
                0xc3e315b6      0x28d libcommon.a(cmd_mmc_fdisk.o)
                                0x291 (size before relaxing)
 .rodata.str1.1
                0xc3e31843      0x375 libcommon.a(cmd_movi.o)
                                0x3ed (size before relaxing)
 .rodata.str1.1
                0xc3e31bb8      0x33c libcommon.a(cmd_nvedit.o)
                                0x392 (size before relaxing)
 .rodata.str1.1
                0xc3e31ef4      0x101 libcommon.a(cmd_source.o)
                                0x108 (size before relaxing)
 .rodata.str1.1
                0xc3e31ff5       0x93 libcommon.a(cmd_usbd.o)
                                 0x9e (size before relaxing)
 .rodata.str1.1
                0xc3e32088       0x16 libcommon.a(cmd_version.o)
                                 0x24 (size before relaxing)
 .rodata.str1.1
                0xc3e3209e      0x187 libcommon.a(cmd_ximg.o)
                                0x22f (size before relaxing)
 .rodata.str1.1
                0xc3e32225       0x95 libcommon.a(command.o)
 .rodata.str1.1
                0xc3e322ba       0x70 libcommon.a(console.o)
                                 0x74 (size before relaxing)
 .rodata.str1.1
                0xc3e3232a      0x128 libcommon.a(decompress_ext4.o)
                                0x12c (size before relaxing)
 .rodata.str1.1
                0xc3e32452       0xb7 libcommon.a(env_auto.o)
 .rodata.str1.1
                0xc3e32509       0x33 libcommon.a(env_common.o)
 .rodata.str1.1
                0xc3e3253c      0x44d libcommon.a(image.o)
                                0x4f0 (size before relaxing)
 .rodata.str1.1
                0xc3e32989       0xc8 libcommon.a(main.o)
                                 0xf0 (size before relaxing)
 .rodata.str1.1
                0xc3e32a51        0x7 libcommon.a(stdio.o)
                                 0x1b (size before relaxing)
 .rodata.str1.1
                0xc3e32a58       0xe3 libcommon.a(xyzModem.o)
                                 0xe5 (size before relaxing)
 .rodata.str1.1
                0xc3e32b3b      0x15a libsmdkc210.a(smdkc210.o)
                                0x193 (size before relaxing)
 .rodata.str1.1
                0xc3e32c95       0x11 libgeneric.a(display_options.o)
                                 0x36 (size before relaxing)
 .rodata.str1.1
                0xc3e32ca6       0x85 libgeneric.a(gunzip.o)
 .rodata.str1.1
                0xc3e32d2b        0xe libgeneric.a(vsprintf.o)
 .rodata.str1.1
                0xc3e32d39      0x21c libgeneric.a(zlib.o)
                                0x21d (size before relaxing)
 .rodata.str1.1
                0xc3e32f55       0x12 libarm_cortexa9.a(cpu.o)
 .rodata.str1.1
                0xc3e32f67      0x145 libs5pc210.a(usbd-otg-hs.o)
                                0x14a (size before relaxing)
 .rodata.str1.1
                0xc3e330ac      0x183 libs5pc210.a(cpu_info.o)
 .rodata.str1.1
                0xc3e3322f       0x6f libs5pc210.a(fastboot.o)
                                0x181 (size before relaxing)
 .rodata.str1.1
                0xc3e3329e       0x84 libs5pc210.a(pmic.o)
 .rodata.str1.1
                0xc3e33322       0x37 libs5pc210.a(gpio.o)
 .rodata.str1.1
                0xc3e33359       0xe6 libs5pc210.a(i2c.o)
 .rodata.str1.1
                0xc3e3343f       0x17 libs5pc210.a(setup_hsmmc.o)
 .rodata.str1.1
                0xc3e33456       0xf1 libs5pc210.a(recovery.o)
                                0x121 (size before relaxing)
 .rodata.str1.1
                0xc3e33547       0x5a libarm.a(bootm.o)
                                 0x63 (size before relaxing)
 .rodata.str1.1
                0xc3e335a1      0x3fd libfat.a(fat.o)
                                0x402 (size before relaxing)
 .rodata.str1.1
                0xc3e3399e      0x4f6 libext2fs.a(ext2fs.o)
                                0x579 (size before relaxing)
 .rodata.str1.1
                0xc3e33e94       0xdc libext2fs.a(dev.o)
 .rodata.str1.1
                0xc3e33f70      0x1b4 libdisk.a(part.o)
                                0x1e0 (size before relaxing)
 .rodata.str1.1
                0xc3e34124       0xe5 libdisk.a(part_dos.o)
                                 0xf1 (size before relaxing)
 .rodata.str1.1
                0xc3e34209       0xfd libmmc.a(s3c_hsmmc.o)
 .rodata.str1.1
                0xc3e34306      0x325 libmmc.a(s5p_mshc.o)
                                0x347 (size before relaxing)
 .rodata.str1.1
                0xc3e3462b       0x1b /home/sw/pp_self/1/iTop4412_uboot/sw_build/eabi_compat.o

.mmudata        0xc3e38000     0x4000
 .mmudata       0xc3e38000     0x4000 lowlevel_init.o
                0xc3e38000                mmu_table
                0xc3e3c000                . = ALIGN (0x4)

.data           0xc3e3c000      0xb74
 *(.data)
 .data          0xc3e3c000        0x0 start.o
 .data          0xc3e3c000        0x0 cpu_init.o
 .data          0xc3e3c000        0x0 lowlevel_init.o
 .data          0xc3e3c000        0x0 ace_sha1.o
 .data          0xc3e3c000        0x0 libgeneric.a(string.o)
 .data          0xc3e3c000        0x0 libs5pc210.a(nand_cp.o)
 .data          0xc3e3c000        0x0 libs5pc210.a(interrupts.o)
 .data          0xc3e3c000        0x0 libs5pc210.a(onenand_cp.o)
 .data          0xc3e3c000        0x0 libs5pc210.a(movi.o)
 .data          0xc3e3c000       0x34 libarm.a(board.o)
                0xc3e3c000                init_sequence
 .data          0xc3e3c034        0x4 libmmc.a(mmc.o)
 .data          0xc3e3c038        0x0 libcommon.a(cmd_bdinfo.o)
 .data          0xc3e3c038        0x0 libcommon.a(cmd_boot.o)
 .data          0xc3e3c038       0x94 libcommon.a(cmd_bootm.o)
                0xc3e3c038                load_addr
                0xc3e3c03c                cmd_bootm_sub
 .data          0xc3e3c0cc        0x0 libcommon.a(cmd_console.o)
 .data          0xc3e3c0cc        0x0 libcommon.a(cmd_echo.o)
 .data          0xc3e3c0cc        0x0 libcommon.a(cmd_elf.o)
 .data          0xc3e3c0cc        0x0 libcommon.a(cmd_ext2.o)
 .data          0xc3e3c0cc       0x20 libcommon.a(cmd_fastboot.o)
 .data          0xc3e3c0ec        0x0 libcommon.a(cmd_fat.o)
 .data          0xc3e3c0ec        0x0 libcommon.a(cmd_help.o)
 .data          0xc3e3c0ec       0x68 libcommon.a(cmd_itest.o)
                0xc3e3c0ec                op_table
 .data          0xc3e3c154        0x4 libcommon.a(cmd_load.o)
 .data          0xc3e3c158        0x0 libcommon.a(cmd_max8997.o)
 .data          0xc3e3c158        0x0 libcommon.a(cmd_mdmupgrade.o)
 .data          0xc3e3c158        0x4 libcommon.a(cmd_mem.o)
                0xc3e3c158                dp_last_length
 .data          0xc3e3c15c        0x0 libcommon.a(cmd_misc.o)
 .data          0xc3e3c15c        0x0 libcommon.a(cmd_mmc.o)
 .data          0xc3e3c15c        0x0 libcommon.a(cmd_mmc_fdisk.o)
 .data          0xc3e3c15c        0x0 libcommon.a(cmd_movi.o)
 .data          0xc3e3c15c        0x4 libcommon.a(cmd_nvedit.o)
 .data          0xc3e3c160        0x0 libcommon.a(cmd_source.o)
 .data          0xc3e3c160        0x0 libcommon.a(cmd_usbd.o)
 .data          0xc3e3c160        0x0 libcommon.a(cmd_version.o)
 .data          0xc3e3c160        0x0 libcommon.a(cmd_ximg.o)
 .data          0xc3e3c160        0x0 libcommon.a(command.o)
 .data          0xc3e3c160        0x0 libcommon.a(console.o)
 .data          0xc3e3c160        0x0 libcommon.a(decompress_ext4.o)
 .data          0xc3e3c160      0x414 libcommon.a(dlmalloc.o)
 .data          0xc3e3c574        0x4 libcommon.a(env_auto.o)
                0xc3e3c574                env_name_spec
 .data          0xc3e3c578       0x8c libcommon.a(env_common.o)
                0xc3e3c578                default_environment
                0xc3e3c600                default_environment_size
 .data          0xc3e3c604        0x0 libcommon.a(exports.o)
 .data          0xc3e3c604      0x228 libcommon.a(image.o)
 .data          0xc3e3c82c       0x14 libcommon.a(main.o)
 .data          0xc3e3c840        0x0 libcommon.a(s_record.o)
 .data          0xc3e3c840        0xc libcommon.a(stdio.o)
                0xc3e3c840                stdio_names
 .data          0xc3e3c84c        0x0 libcommon.a(xyzModem.o)
 .data          0xc3e3c84c        0x4 libsmdkc210.a(smdkc210.o)
                0xc3e3c84c                dmc_density
 .data          0xc3e3c850        0x0 libgeneric.a(crc16.o)
 .data          0xc3e3c850        0x0 libgeneric.a(crc32.o)
 .data          0xc3e3c850        0x0 libgeneric.a(display_options.o)
 .data          0xc3e3c850        0x0 libgeneric.a(gunzip.o)
 .data          0xc3e3c850        0x0 libgeneric.a(net_utils.o)
 .data          0xc3e3c850        0x0 libgeneric.a(vsprintf.o)
 .data          0xc3e3c850        0x0 libgeneric.a(zlib.o)
 .data          0xc3e3c850      0x100 libgeneric.a(ctype.o)
                0xc3e3c850                _ctype
 .data          0xc3e3c950        0x0 libgeneric.a(div64.o)
 .data          0xc3e3c950        0x0 libarm_cortexa9.a(cpu.o)
 .data          0xc3e3c950        0x0 libs5pc210.a(serial.o)
 .data          0xc3e3c950       0x38 libs5pc210.a(usbd-otg-hs.o)
                0xc3e3c950                test_pkt
 .data          0xc3e3c988        0x4 libs5pc210.a(cpu_info.o)
                0xc3e3c988                CORE_NUM_STR
 .data          0xc3e3c98c      0x100 libs5pc210.a(fastboot.o)
                0xc3e3c98c                fboot_test_pkt
                0xc3e3c9c4                ptable_default
                0xc3e3ca88                ptable_default_size
 .data          0xc3e3ca8c        0x0 libs5pc210.a(pmic.o)
 .data          0xc3e3ca8c        0x0 libs5pc210.a(gpio.o)
 .data          0xc3e3ca8c       0xd8 libs5pc210.a(i2c.o)
 .data          0xc3e3cb64        0x0 libs5pc210.a(cmu.o)
 .data          0xc3e3cb64        0x0 libs5pc210.a(speed.o)
 .data          0xc3e3cb64        0x0 libs5pc210.a(max8997.o)
 .data          0xc3e3cb64        0x0 libs5pc210.a(setup_hsmmc.o)
 .data          0xc3e3cb64        0x0 libs5pc210.a(recovery.o)
 .data          0xc3e3cb64        0x4 libarm.a(bootm.o)
                0xc3e3cb64                nr_dram_banks
 .data          0xc3e3cb68        0x0 libarm.a(cache.o)
 .data          0xc3e3cb68        0x4 libfat.a(fat.o)
 .data          0xc3e3cb6c        0x8 libext2fs.a(ext2fs.o)
                0xc3e3cb6c                indir1_blkno
                0xc3e3cb70                indir2_blkno
 .data          0xc3e3cb74        0x0 libext2fs.a(dev.o)
 .data          0xc3e3cb74        0x0 libdisk.a(part.o)
 .data          0xc3e3cb74        0x0 libdisk.a(part_dos.o)
 .data          0xc3e3cb74        0x0 libmmc.a(s3c_hsmmc.o)
 .data          0xc3e3cb74        0x0 libmmc.a(s5p_mshc.o)
 .data          0xc3e3cb74        0x0 /home/sw/pp_self/1/iTop4412_uboot/sw_build/eabi_compat.o
 .data          0xc3e3cb74        0x0 /home/sw/bb/arm-2009q3/bin/../lib/gcc/arm-none-linux-gnueabi/4.4.1/libgcc.a(_udivsi3.o)
 .data          0xc3e3cb74        0x0 /home/sw/bb/arm-2009q3/bin/../lib/gcc/arm-none-linux-gnueabi/4.4.1/libgcc.a(_divsi3.o)
 .data          0xc3e3cb74        0x0 /home/sw/bb/arm-2009q3/bin/../lib/gcc/arm-none-linux-gnueabi/4.4.1/libgcc.a(_lshrdi3.o)
 .data          0xc3e3cb74        0x0 /home/sw/bb/arm-2009q3/bin/../lib/gcc/arm-none-linux-gnueabi/4.4.1/libgcc.a(_arm_addsubdf3.o)
 .data          0xc3e3cb74        0x0 /home/sw/bb/arm-2009q3/bin/../lib/gcc/arm-none-linux-gnueabi/4.4.1/libgcc.a(_arm_muldivdf3.o)
 .data          0xc3e3cb74        0x0 /home/sw/bb/arm-2009q3/bin/../lib/gcc/arm-none-linux-gnueabi/4.4.1/libgcc.a(_arm_truncdfsf2.o)
 .data          0xc3e3cb74        0x0 /home/sw/bb/arm-2009q3/bin/../lib/gcc/arm-none-linux-gnueabi/4.4.1/libgcc.a(_arm_addsubsf3.o)
 .data          0xc3e3cb74        0x0 /home/sw/bb/arm-2009q3/bin/../lib/gcc/arm-none-linux-gnueabi/4.4.1/libgcc.a(_arm_muldivsf3.o)
 .data          0xc3e3cb74        0x0 /home/sw/bb/arm-2009q3/bin/../lib/gcc/arm-none-linux-gnueabi/4.4.1/libgcc.a(_arm_cmpsf2.o)
 .data          0xc3e3cb74        0x0 /home/sw/bb/arm-2009q3/bin/../lib/gcc/arm-none-linux-gnueabi/4.4.1/libgcc.a(_arm_fixunssfsi.o)
 .data          0xc3e3cb74        0x0 /home/sw/bb/arm-2009q3/bin/../lib/gcc/arm-none-linux-gnueabi/4.4.1/libgcc.a(_dvmd_lnx.o)
                0xc3e3cb74                . = ALIGN (0x4)

.got
 *(.got)
                0xc3e3cb74                __u_boot_cmd_start = .

.u_boot_cmd     0xc3e3cb74      0x510
 *(.u_boot_cmd)
 .u_boot_cmd    0xc3e3cb74       0x18 libcommon.a(cmd_bdinfo.o)
                0xc3e3cb74                __u_boot_cmd_bdinfo
 .u_boot_cmd    0xc3e3cb8c       0x30 libcommon.a(cmd_boot.o)
                0xc3e3cb8c                __u_boot_cmd_go
                0xc3e3cba4                __u_boot_cmd_reset
 .u_boot_cmd    0xc3e3cbbc       0x60 libcommon.a(cmd_bootm.o)
                0xc3e3cbbc                __u_boot_cmd_bootm
                0xc3e3cbd4                __u_boot_cmd_boot
                0xc3e3cbec                __u_boot_cmd_bootd
                0xc3e3cc04                __u_boot_cmd_iminfo
 .u_boot_cmd    0xc3e3cc1c       0x18 libcommon.a(cmd_console.o)
                0xc3e3cc1c                __u_boot_cmd_coninfo
 .u_boot_cmd    0xc3e3cc34       0x18 libcommon.a(cmd_echo.o)
                0xc3e3cc34                __u_boot_cmd_echo
 .u_boot_cmd    0xc3e3cc4c       0x30 libcommon.a(cmd_elf.o)
                0xc3e3cc4c                __u_boot_cmd_bootelf
                0xc3e3cc64                __u_boot_cmd_bootvx
 .u_boot_cmd    0xc3e3cc7c       0x60 libcommon.a(cmd_ext2.o)
                0xc3e3cc7c                __u_boot_cmd_ext2ls
                0xc3e3cc94                __u_boot_cmd_ext2load
                0xc3e3ccac                __u_boot_cmd_ext2format
                0xc3e3ccc4                __u_boot_cmd_ext3format
 .u_boot_cmd    0xc3e3ccdc       0x30 libcommon.a(cmd_fastboot.o)
                0xc3e3ccdc                __u_boot_cmd_fastboot
                0xc3e3ccf4                __u_boot_cmd_sdfuse
 .u_boot_cmd    0xc3e3cd0c       0x60 libcommon.a(cmd_fat.o)
                0xc3e3cd0c                __u_boot_cmd_fatload
                0xc3e3cd24                __u_boot_cmd_fatls
                0xc3e3cd3c                __u_boot_cmd_fatinfo
                0xc3e3cd54                __u_boot_cmd_fatformat
 .u_boot_cmd    0xc3e3cd6c       0x30 libcommon.a(cmd_help.o)
                0xc3e3cd6c                __u_boot_cmd_help
                0xc3e3cd84                __u_boot_cmd_question_mark
 .u_boot_cmd    0xc3e3cd9c       0x18 libcommon.a(cmd_itest.o)
                0xc3e3cd9c                __u_boot_cmd_itest
 .u_boot_cmd    0xc3e3cdb4       0x48 libcommon.a(cmd_load.o)
                0xc3e3cdb4                __u_boot_cmd_loads
                0xc3e3cdcc                __u_boot_cmd_loadb
                0xc3e3cde4                __u_boot_cmd_loady
 .u_boot_cmd    0xc3e3cdfc       0x18 libcommon.a(cmd_max8997.o)
                0xc3e3cdfc                __u_boot_cmd_max8997
 .u_boot_cmd    0xc3e3ce14       0x18 libcommon.a(cmd_mdmupgrade.o)
                0xc3e3ce14                __u_boot_cmd_mdmup
 .u_boot_cmd    0xc3e3ce2c       0xf0 libcommon.a(cmd_mem.o)
                0xc3e3ce2c                __u_boot_cmd_md
                0xc3e3ce44                __u_boot_cmd_mm
                0xc3e3ce5c                __u_boot_cmd_nm
                0xc3e3ce74                __u_boot_cmd_mw
                0xc3e3ce8c                __u_boot_cmd_cp
                0xc3e3cea4                __u_boot_cmd_cmp
                0xc3e3cebc                __u_boot_cmd_crc32
                0xc3e3ced4                __u_boot_cmd_base
                0xc3e3ceec                __u_boot_cmd_loop
                0xc3e3cf04                __u_boot_cmd_mtest
 .u_boot_cmd    0xc3e3cf1c       0x18 libcommon.a(cmd_misc.o)
                0xc3e3cf1c                __u_boot_cmd_sleep
 .u_boot_cmd    0xc3e3cf34       0x48 libcommon.a(cmd_mmc.o)
                0xc3e3cf34                __u_boot_cmd_mmcinfo
                0xc3e3cf4c                __u_boot_cmd_emmc
                0xc3e3cf64                __u_boot_cmd_mmc
 .u_boot_cmd    0xc3e3cf7c       0x18 libcommon.a(cmd_mmc_fdisk.o)
                0xc3e3cf7c                __u_boot_cmd_fdisk
 .u_boot_cmd    0xc3e3cf94       0x18 libcommon.a(cmd_movi.o)
                0xc3e3cf94                __u_boot_cmd_movi
 .u_boot_cmd    0xc3e3cfac       0x78 libcommon.a(cmd_nvedit.o)
                0xc3e3cfac                __u_boot_cmd_saveenv
                0xc3e3cfc4                __u_boot_cmd_editenv
                0xc3e3cfdc                __u_boot_cmd_printenv
                0xc3e3cff4                __u_boot_cmd_setenv
                0xc3e3d00c                __u_boot_cmd_run
 .u_boot_cmd    0xc3e3d024       0x18 libcommon.a(cmd_source.o)
                0xc3e3d024                __u_boot_cmd_source
 .u_boot_cmd    0xc3e3d03c       0x18 libcommon.a(cmd_usbd.o)
                0xc3e3d03c                __u_boot_cmd_dnw
 .u_boot_cmd    0xc3e3d054       0x18 libcommon.a(cmd_version.o)
                0xc3e3d054                __u_boot_cmd_version
 .u_boot_cmd    0xc3e3d06c       0x18 libcommon.a(cmd_ximg.o)
                0xc3e3d06c                __u_boot_cmd_imxtract
                0xc3e3d084                __u_boot_cmd_end = .
                0xc3e3d084                . = ALIGN (0x4)
                0xc3e3d084                __bss_start = .

.bss            0xc3e3d088   0x132c10
 *(.bss)
 .bss           0xc3e3d088        0x0 start.o
 .bss           0xc3e3d088        0x0 cpu_init.o
 .bss           0xc3e3d088        0x0 lowlevel_init.o
 .bss           0xc3e3d088        0x0 ace_sha1.o
 .bss           0xc3e3d088        0x4 libgeneric.a(string.o)
                0xc3e3d088                ___strtok
 .bss           0xc3e3d08c        0x0 libs5pc210.a(nand_cp.o)
 .bss           0xc3e3d08c        0xc libs5pc210.a(interrupts.o)
                0xc3e3d08c                timer_load_val
 .bss           0xc3e3d098        0x0 libs5pc210.a(onenand_cp.o)
 .bss           0xc3e3d098        0x0 libs5pc210.a(movi.o)
 .bss           0xc3e3d098        0x4 libarm.a(board.o)
                0xc3e3d098                monitor_flash_len
 .bss           0xc3e3d09c       0x18 libmmc.a(mmc.o)
                0xc3e3d0a4                mmc_global
                0xc3e3d0b0                mmc_default
 .bss           0xc3e3d0b4        0x0 libcommon.a(cmd_bdinfo.o)
 .bss           0xc3e3d0b4        0x0 libcommon.a(cmd_boot.o)
 .bss           0xc3e3d0b4       0x8c libcommon.a(cmd_bootm.o)
 .bss           0xc3e3d140        0x0 libcommon.a(cmd_console.o)
 .bss           0xc3e3d140        0x0 libcommon.a(cmd_echo.o)
 .bss           0xc3e3d140        0x0 libcommon.a(cmd_elf.o)
 .bss           0xc3e3d140        0x0 libcommon.a(cmd_ext2.o)
 .bss           0xc3e3d140      0x1d8 libcommon.a(cmd_fastboot.o)
                0xc3e3d310                dev_number_write
                0xc3e3d314                fuse_by_fastboot
 .bss           0xc3e3d318        0x0 libcommon.a(cmd_fat.o)
 .bss           0xc3e3d318        0x0 libcommon.a(cmd_help.o)
 .bss           0xc3e3d318        0x0 libcommon.a(cmd_itest.o)
 .bss           0xc3e3d318       0x60 libcommon.a(cmd_load.o)
                0xc3e3d328                os_data_init
                0xc3e3d338                os_data_char
                0xc3e3d33c                his_quote
                0xc3e3d340                his_pad_count
                0xc3e3d344                his_pad_char
                0xc3e3d345                his_eol
                0xc3e3d348                send_ptr
                0xc3e3d34c                send_parms
 .bss           0xc3e3d378        0x0 libcommon.a(cmd_max8997.o)
 .bss           0xc3e3d378        0x0 libcommon.a(cmd_mdmupgrade.o)
 .bss           0xc3e3d378       0x14 libcommon.a(cmd_mem.o)
                0xc3e3d37c                mm_last_addr
                0xc3e3d380                mm_last_size
                0xc3e3d384                dp_last_addr
                0xc3e3d388                dp_last_size
 .bss           0xc3e3d38c        0x0 libcommon.a(cmd_misc.o)
 .bss           0xc3e3d38c        0x0 libcommon.a(cmd_mmc.o)
 .bss           0xc3e3d38c        0x0 libcommon.a(cmd_mmc_fdisk.o)
 .bss           0xc3e3d38c      0x200 libcommon.a(cmd_movi.o)
                0xc3e3d38c                raw_area_control
 .bss           0xc3e3d58c        0x0 libcommon.a(cmd_nvedit.o)
 .bss           0xc3e3d58c        0x0 libcommon.a(cmd_source.o)
 .bss           0xc3e3d58c        0x0 libcommon.a(cmd_usbd.o)
 .bss           0xc3e3d58c        0x0 libcommon.a(cmd_version.o)
 .bss           0xc3e3d58c        0x0 libcommon.a(cmd_ximg.o)
 .bss           0xc3e3d58c        0x0 libcommon.a(command.o)
 .bss           0xc3e3d58c        0x8 libcommon.a(console.o)
 .bss           0xc3e3d594        0x0 libcommon.a(decompress_ext4.o)
 .bss           0xc3e3d594       0x44 libcommon.a(dlmalloc.o)
                0xc3e3d594                mem_malloc_brk
                0xc3e3d598                mem_malloc_start
                0xc3e3d59c                mem_malloc_end
 .bss           0xc3e3d5d8        0x4 libcommon.a(env_auto.o)
                0xc3e3d5d8                env_ptr
 .bss           0xc3e3d5dc        0x0 libcommon.a(env_common.o)
 .bss           0xc3e3d5dc        0x0 libcommon.a(exports.o)
 .bss           0xc3e3d5dc        0x0 libcommon.a(image.o)
 .bss           0xc3e3d5dc     0x1660 libcommon.a(main.o)
                0xc3e3d5e8                hist_num
                0xc3e3d5ec                hist_lines
                0xc3e3e9ec                hist_list
                0xc3e3ea3c                console_buffer
 .bss           0xc3e3ec3c        0x0 libcommon.a(s_record.o)
 .bss           0xc3e3ec3c       0x48 libcommon.a(stdio.o)
                0xc3e3ec78                stdio_devices
 .bss           0xc3e3ec84      0x43c libcommon.a(xyzModem.o)
 .bss           0xc3e3f0c0        0x8 libsmdkc210.a(smdkc210.o)
                0xc3e3f0c0                OmPin
                0xc3e3f0c4                boot_mode
 .bss           0xc3e3f0c8        0x0 libgeneric.a(crc16.o)
 .bss           0xc3e3f0c8        0x0 libgeneric.a(crc32.o)
 .bss           0xc3e3f0c8        0x0 libgeneric.a(display_options.o)
 .bss           0xc3e3f0c8        0x0 libgeneric.a(gunzip.o)
 .bss           0xc3e3f0c8        0x0 libgeneric.a(net_utils.o)
 .bss           0xc3e3f0c8        0x0 libgeneric.a(vsprintf.o)
 .bss           0xc3e3f0c8        0x0 libgeneric.a(zlib.o)
 .bss           0xc3e3f0c8        0x0 libgeneric.a(ctype.o)
 .bss           0xc3e3f0c8        0x0 libgeneric.a(div64.o)
 .bss           0xc3e3f0c8        0x0 libarm_cortexa9.a(cpu.o)
 .bss           0xc3e3f0c8        0x0 libs5pc210.a(serial.o)
 .bss           0xc3e3f0c8       0xb0 libs5pc210.a(usbd-otg-hs.o)
                0xc3e3f0c8                otg
                0xc3e3f14c                remode_wakeup
                0xc3e3f150                get_status
                0xc3e3f156                config_value
                0xc3e3f158                get_intf
                0xc3e3f15c                s3c_usbd_dn_addr
                0xc3e3f160                op_mode
                0xc3e3f164                s3c_usbd_dn_cnt
                0xc3e3f168                s3c_receive_done
                0xc3e3f16c                speed
                0xc3e3f170                s3c_got_header
                0xc3e3f174                DNW
 .bss           0xc3e3f178        0x4 libs5pc210.a(cpu_info.o)
                0xc3e3f178                s5pc210_cpu_id
 .bss           0xc3e3f17c      0x2f0 libs5pc210.a(fastboot.o)
                0xc3e3f17c                fboot_otg
                0xc3e3f200                fboot_remode_wakeup
                0xc3e3f204                fboot_get_status
                0xc3e3f20a                fboot_config_value
                0xc3e3f20c                fboot_get_intf
                0xc3e3f210                fboot_usbd_dn_addr
                0xc3e3f214                fboot_response_flag
                0xc3e3f218                reply_msg
                0xc3e3f21c                fboot_op_mode
                0xc3e3f220                fboot_usbd_dn_cnt
                0xc3e3f224                fboot_receive_done
                0xc3e3f228                fboot_speed
                0xc3e3f45c                transfer_size
                0xc3e3f460                fboot_got_header
                0xc3e3f464                tx_msg_buf
                0xc3e3f468                total_dn_size
 .bss           0xc3e3f46c        0x4 libs5pc210.a(pmic.o)
                0xc3e3f46c                Is_TC4_Dvt
 .bss           0xc3e3f470        0x8 libs5pc210.a(gpio.o)
                0xc3e3f474                g_IntCnt
 .bss           0xc3e3f478        0x0 libs5pc210.a(i2c.o)
 .bss           0xc3e3f478        0x0 libs5pc210.a(cmu.o)
 .bss           0xc3e3f478        0x0 libs5pc210.a(speed.o)
 .bss           0xc3e3f478        0x0 libs5pc210.a(max8997.o)
 .bss           0xc3e3f478        0x4 libs5pc210.a(setup_hsmmc.o)
                0xc3e3f478                sclk_mmc4
 .bss           0xc3e3f47c        0x0 libs5pc210.a(recovery.o)
 .bss           0xc3e3f47c        0x4 libarm.a(bootm.o)
 .bss           0xc3e3f480        0x0 libarm.a(cache.o)
 .bss           0xc3e3f480    0x30008 libfat.a(fat.o)
                0xc3e3f488                get_vfatname_block
                0xc3e4f488                do_fat_read_block
                0xc3e5f488                get_dentfromdir_block
 .bss           0xc3e6f488       0x1c libext2fs.a(ext2fs.o)
                0xc3e6f488                ext2fs_root
                0xc3e6f48c                ext2fs_file
                0xc3e6f490                indir1_block
                0xc3e6f494                indir1_size
                0xc3e6f498                indir2_block
                0xc3e6f49c                indir2_size
                0xc3e6f4a0                symlinknest
 .bss           0xc3e6f4a4       0x50 libext2fs.a(dev.o)
 .bss           0xc3e6f4f4        0x0 libdisk.a(part.o)
 .bss           0xc3e6f4f4        0x0 libdisk.a(part_dos.o)
 *fill*         0xc3e6f4f4        0x4 00
 .bss           0xc3e6f4f8      0x118 libmmc.a(s3c_hsmmc.o)
                0xc3e6f4f8                mmc_host
 .bss           0xc3e6f610   0x100688 libmmc.a(s5p_mshc.o)
                0xc3e6f610                emmc_bit_pre
                0xc3e6f614                emmc_mode_pre
                0xc3e6f618                emmc_clock_pre
                0xc3f6f61c                mmc_channel
                0xc3f6fb80                mshc_host
 .bss           0xc3f6fc98        0x0 /home/sw/pp_self/1/iTop4412_uboot/sw_build/eabi_compat.o
 .bss           0xc3f6fc98        0x0 /home/sw/bb/arm-2009q3/bin/../lib/gcc/arm-none-linux-gnueabi/4.4.1/libgcc.a(_udivsi3.o)
 .bss           0xc3f6fc98        0x0 /home/sw/bb/arm-2009q3/bin/../lib/gcc/arm-none-linux-gnueabi/4.4.1/libgcc.a(_divsi3.o)
 .bss           0xc3f6fc98        0x0 /home/sw/bb/arm-2009q3/bin/../lib/gcc/arm-none-linux-gnueabi/4.4.1/libgcc.a(_lshrdi3.o)
 .bss           0xc3f6fc98        0x0 /home/sw/bb/arm-2009q3/bin/../lib/gcc/arm-none-linux-gnueabi/4.4.1/libgcc.a(_arm_addsubdf3.o)
 .bss           0xc3f6fc98        0x0 /home/sw/bb/arm-2009q3/bin/../lib/gcc/arm-none-linux-gnueabi/4.4.1/libgcc.a(_arm_muldivdf3.o)
 .bss           0xc3f6fc98        0x0 /home/sw/bb/arm-2009q3/bin/../lib/gcc/arm-none-linux-gnueabi/4.4.1/libgcc.a(_arm_truncdfsf2.o)
 .bss           0xc3f6fc98        0x0 /home/sw/bb/arm-2009q3/bin/../lib/gcc/arm-none-linux-gnueabi/4.4.1/libgcc.a(_arm_addsubsf3.o)
 .bss           0xc3f6fc98        0x0 /home/sw/bb/arm-2009q3/bin/../lib/gcc/arm-none-linux-gnueabi/4.4.1/libgcc.a(_arm_muldivsf3.o)
 .bss           0xc3f6fc98        0x0 /home/sw/bb/arm-2009q3/bin/../lib/gcc/arm-none-linux-gnueabi/4.4.1/libgcc.a(_arm_cmpsf2.o)
 .bss           0xc3f6fc98        0x0 /home/sw/bb/arm-2009q3/bin/../lib/gcc/arm-none-linux-gnueabi/4.4.1/libgcc.a(_arm_fixunssfsi.o)
 .bss           0xc3f6fc98        0x0 /home/sw/bb/arm-2009q3/bin/../lib/gcc/arm-none-linux-gnueabi/4.4.1/libgcc.a(_dvmd_lnx.o)
                0xc3f6fc98                _end = .
Address of section .text set to 0xc3e00000
LOAD start.o
START GROUP
LOAD libgeneric.a
LOAD liblzma.a
LOAD liblzo.a
LOAD libarm_cortexa9.a
LOAD libs5pc210.a
LOAD libarm.a
LOAD libcramfs.a
LOAD libfat.a
LOAD libfdos.a
LOAD libjffs2.a
LOAD libreiserfs.a
LOAD libext2fs.a
LOAD libyaffs2.a
LOAD libubifs.a
LOAD libnet.a
LOAD libdisk.a
LOAD libatibiosemu.a
LOAD libblock.a
LOAD libdma.a
LOAD libfpga.a
LOAD libgpio.a
LOAD libhwmon.a
LOAD libi2c.a
LOAD libinput.a
LOAD libmisc.a
LOAD libmmc.a
LOAD libmtd.a
LOAD libnand.a
LOAD libonenand.a
LOAD libubi.a
LOAD libspi_flash.a
LOAD libnet.a
LOAD libphy.a
LOAD libpci.a
LOAD libpcmcia.a
LOAD libpower.a
LOAD libspi.a
LOAD librtc.a
LOAD libserial.a
LOAD libtws.a
LOAD libusb_gadget.a
LOAD libusb_host.a
LOAD libusb_musb.a
LOAD libusb_phy.a
LOAD libvideo.a
LOAD libwatchdog.a
LOAD libcommon.a
LOAD libfdt.a
LOAD libapi.a
LOAD libpost.a
LOAD libsmdkc210.a
END GROUP
LOAD /home/sw/pp_self/1/iTop4412_uboot/sw_build/eabi_compat.o
LOAD /home/sw/bb/arm-2009q3/bin/../lib/gcc/arm-none-linux-gnueabi/4.4.1/libgcc.a
OUTPUT(u-boot elf32-littlearm)

.ARM.attributes
                0x00000000       0x29
 .ARM.attributes
                0x00000000       0x1d start.o
 .ARM.attributes
                0x0000001d       0x1d cpu_init.o
 .ARM.attributes
                0x0000003a       0x1d lowlevel_init.o
 .ARM.attributes
                0x00000057       0x2d ace_sha1.o
 .ARM.attributes
                0x00000084       0x2d libgeneric.a(string.o)
 .ARM.attributes
                0x000000b1       0x2d libs5pc210.a(nand_cp.o)
 .ARM.attributes
                0x000000de       0x2d libs5pc210.a(interrupts.o)
 .ARM.attributes
                0x0000010b       0x2d libs5pc210.a(onenand_cp.o)
 .ARM.attributes
                0x00000138       0x2d libs5pc210.a(movi.o)
 .ARM.attributes
                0x00000165       0x2d libarm.a(board.o)
 .ARM.attributes
                0x00000192       0x2d libmmc.a(mmc.o)
 .ARM.attributes
                0x000001bf       0x2d libcommon.a(cmd_bdinfo.o)
 .ARM.attributes
                0x000001ec       0x2d libcommon.a(cmd_boot.o)
 .ARM.attributes
                0x00000219       0x2d libcommon.a(cmd_bootm.o)
 .ARM.attributes
                0x00000246       0x2d libcommon.a(cmd_console.o)
 .ARM.attributes
                0x00000273       0x2d libcommon.a(cmd_echo.o)
 .ARM.attributes
                0x000002a0       0x2d libcommon.a(cmd_elf.o)
 .ARM.attributes
                0x000002cd       0x2d libcommon.a(cmd_ext2.o)
 .ARM.attributes
                0x000002fa       0x2d libcommon.a(cmd_fastboot.o)
 .ARM.attributes
                0x00000327       0x2d libcommon.a(cmd_fat.o)
 .ARM.attributes
                0x00000354       0x2d libcommon.a(cmd_help.o)
 .ARM.attributes
                0x00000381       0x2d libcommon.a(cmd_itest.o)
 .ARM.attributes
                0x000003ae       0x2d libcommon.a(cmd_load.o)
 .ARM.attributes
                0x000003db       0x2d libcommon.a(cmd_max8997.o)
 .ARM.attributes
                0x00000408       0x2d libcommon.a(cmd_mdmupgrade.o)
 .ARM.attributes
                0x00000435       0x2d libcommon.a(cmd_mem.o)
 .ARM.attributes
                0x00000462       0x2d libcommon.a(cmd_misc.o)
 .ARM.attributes
                0x0000048f       0x2d libcommon.a(cmd_mmc.o)
 .ARM.attributes
                0x000004bc       0x2d libcommon.a(cmd_mmc_fdisk.o)
 .ARM.attributes
                0x000004e9       0x2d libcommon.a(cmd_movi.o)
 .ARM.attributes
                0x00000516       0x2d libcommon.a(cmd_nvedit.o)
 .ARM.attributes
                0x00000543       0x2d libcommon.a(cmd_source.o)
 .ARM.attributes
                0x00000570       0x2d libcommon.a(cmd_usbd.o)
 .ARM.attributes
                0x0000059d       0x2d libcommon.a(cmd_version.o)
 .ARM.attributes
                0x000005ca       0x2d libcommon.a(cmd_ximg.o)
 .ARM.attributes
                0x000005f7       0x2d libcommon.a(command.o)
 .ARM.attributes
                0x00000624       0x2d libcommon.a(console.o)
 .ARM.attributes
                0x00000651       0x2d libcommon.a(decompress_ext4.o)
 .ARM.attributes
                0x0000067e       0x2d libcommon.a(dlmalloc.o)
 .ARM.attributes
                0x000006ab       0x2d libcommon.a(env_auto.o)
 .ARM.attributes
                0x000006d8       0x2d libcommon.a(env_common.o)
 .ARM.attributes
                0x00000705       0x2d libcommon.a(exports.o)
 .ARM.attributes
                0x00000732       0x2d libcommon.a(image.o)
 .ARM.attributes
                0x0000075f       0x2d libcommon.a(main.o)
 .ARM.attributes
                0x0000078c       0x2d libcommon.a(s_record.o)
 .ARM.attributes
                0x000007b9       0x2d libcommon.a(stdio.o)
 .ARM.attributes
                0x000007e6       0x2d libcommon.a(xyzModem.o)
 .ARM.attributes
                0x00000813       0x2d libsmdkc210.a(smdkc210.o)
 .ARM.attributes
                0x00000840       0x2d libgeneric.a(crc16.o)
 .ARM.attributes
                0x0000086d       0x2d libgeneric.a(crc32.o)
 .ARM.attributes
                0x0000089a       0x2d libgeneric.a(display_options.o)
 .ARM.attributes
                0x000008c7       0x2d libgeneric.a(gunzip.o)
 .ARM.attributes
                0x000008f4       0x2d libgeneric.a(net_utils.o)
 .ARM.attributes
                0x00000921       0x2d libgeneric.a(vsprintf.o)
 .ARM.attributes
                0x0000094e       0x2d libgeneric.a(zlib.o)
 .ARM.attributes
                0x0000097b       0x2d libgeneric.a(ctype.o)
 .ARM.attributes
                0x000009a8       0x2d libgeneric.a(div64.o)
 .ARM.attributes
                0x000009d5       0x2d libarm_cortexa9.a(cpu.o)
 .ARM.attributes
                0x00000a02       0x2d libs5pc210.a(serial.o)
 .ARM.attributes
                0x00000a2f       0x2d libs5pc210.a(usbd-otg-hs.o)
 .ARM.attributes
                0x00000a5c       0x2d libs5pc210.a(cpu_info.o)
 .ARM.attributes
                0x00000a89       0x2d libs5pc210.a(fastboot.o)
 .ARM.attributes
                0x00000ab6       0x2d libs5pc210.a(pmic.o)
 .ARM.attributes
                0x00000ae3       0x2d libs5pc210.a(gpio.o)
 .ARM.attributes
                0x00000b10       0x2d libs5pc210.a(i2c.o)
 .ARM.attributes
                0x00000b3d       0x2d libs5pc210.a(cmu.o)
 .ARM.attributes
                0x00000b6a       0x2d libs5pc210.a(speed.o)
 .ARM.attributes
                0x00000b97       0x2d libs5pc210.a(max8997.o)
 .ARM.attributes
                0x00000bc4       0x2d libs5pc210.a(setup_hsmmc.o)
 .ARM.attributes
                0x00000bf1       0x2d libs5pc210.a(recovery.o)
 .ARM.attributes
                0x00000c1e       0x2d libarm.a(bootm.o)
 .ARM.attributes
                0x00000c4b       0x2d libarm.a(cache.o)
 .ARM.attributes
                0x00000c78       0x2d libfat.a(fat.o)
 .ARM.attributes
                0x00000ca5       0x2d libext2fs.a(ext2fs.o)
 .ARM.attributes
                0x00000cd2       0x2d libext2fs.a(dev.o)
 .ARM.attributes
                0x00000cff       0x2d libdisk.a(part.o)
 .ARM.attributes
                0x00000d2c       0x2d libdisk.a(part_dos.o)
 .ARM.attributes
                0x00000d59       0x2d libmmc.a(s3c_hsmmc.o)
 .ARM.attributes
                0x00000d86       0x2d libmmc.a(s5p_mshc.o)